 main

 Timestamp is 685b42f1 (Wed Jun 25 02:29:37 2025)

 Preferred load address is 0000000140000000

 Start         Length     Name                   Class
 0001:00000000 0004f420H .text$mn                CODE
 0001:0004f420 00000040H .text$mn$00             CODE
 0001:0004f460 00000a70H .text$mn$21             CODE
 0001:0004fed0 0000083dH .text$x                 CODE
 0002:00000000 00000410H .idata$5                DATA
 0002:00000410 00000038H .00cfg                  DATA
 0002:00000448 00000008H .CRT$XCA                DATA
 0002:00000450 00000008H .CRT$XCAA               DATA
 0002:00000458 00000008H .CRT$XCZ                DATA
 0002:00000460 00000008H .CRT$XIA                DATA
 0002:00000468 00000008H .CRT$XIAA               DATA
 0002:00000470 00000008H .CRT$XIAC               DATA
 0002:00000478 00000020H .CRT$XIC                DATA
 0002:00000498 00000008H .CRT$XIZ                DATA
 0002:000004a0 00000008H .CRT$XLA                DATA
 0002:000004a8 00000008H .CRT$XLZ                DATA
 0002:000004b0 00000008H .CRT$XPA                DATA
 0002:000004b8 00000010H .CRT$XPX                DATA
 0002:000004c8 00000008H .CRT$XPXA               DATA
 0002:000004d0 00000008H .CRT$XPZ                DATA
 0002:000004d8 00000008H .CRT$XTA                DATA
 0002:000004e0 00000010H .CRT$XTZ                DATA
 0002:000004e8 00000000H .gehcont$y              DATA
 0002:000004e8 00000000H .gfids$y                DATA
 0002:000004f0 00012010H .rdata                  DATA
 0002:00012500 00000180H .rdata$00               DATA
 0002:00012680 00000000H .rdata$CastGuardVftablesA DATA
 0002:00012680 00000000H .rdata$CastGuardVftablesC DATA
 0002:00012680 00000028H .rdata$T                DATA
 0002:000126a8 0000016cH .rdata$r                DATA
 0002:00012814 000001f4H .rdata$voltmd           DATA
 0002:00012a08 000003f8H .rdata$zzzdbg           DATA
 0002:00012e00 00000008H .rtc$IAA                DATA
 0002:00012e08 00000008H .rtc$IZZ                DATA
 0002:00012e10 00000008H .rtc$TAA                DATA
 0002:00012e18 00000008H .rtc$TZZ                DATA
 0002:00012e20 00000004H .tls                    DATA
 0002:00012e24 00000004H .tls$                   DATA
 0002:00012e28 00000008H .tls$ZZZ                DATA
 0002:00012e30 000016d0H .xdata                  DATA
 0002:00014500 00000084H .xdata$x                DATA
 0002:00014584 00000000H .edata                  DATA
 0002:00014584 00000050H .idata$2                DATA
 0002:000145d4 00000014H .idata$3                DATA
 0002:000145e8 00000410H .idata$4                DATA
 0002:000149f8 00000916H .idata$6                DATA
 0003:00000000 00000ac0H .data                   DATA
 0003:00000ac0 00000050H .data$r                 DATA
 0003:00000b10 00000020H .data$rs                DATA
 0003:00000b30 00001978H .bss                    DATA
 0004:00000000 00003b04H .pdata                  DATA

  Address         Publics by Value              Rva+Base               Lib:Object

 0000:00000000       __AbsoluteZero             0000000000000000     <absolute>
 0000:00000000       ___safe_se_handler_count   0000000000000000     <absolute>
 0000:00000000       ___safe_se_handler_table   0000000000000000     <absolute>
 0000:00000000       __arm64x_extra_rfe_table   0000000000000000     <absolute>
 0000:00000000       __arm64x_extra_rfe_table_size 0000000000000000     <absolute>
 0000:00000000       __arm64x_native_entrypoint 0000000000000000     <absolute>
 0000:00000000       __arm64x_redirection_metadata 0000000000000000     <absolute>
 0000:00000000       __arm64x_redirection_metadata_count 0000000000000000     <absolute>
 0000:00000000       __dynamic_value_reloc_table 0000000000000000     <absolute>
 0000:00000000       __enclave_config           0000000000000000     <absolute>
 0000:00000000       __guard_check_icall_a64n_fptr 0000000000000000     <absolute>
 0000:00000000       __guard_eh_cont_count      0000000000000000     <absolute>
 0000:00000000       __guard_eh_cont_table      0000000000000000     <absolute>
 0000:00000000       __guard_fids_count         0000000000000000     <absolute>
 0000:00000000       __guard_fids_table         0000000000000000     <absolute>
 0000:00000000       __guard_iat_count          0000000000000000     <absolute>
 0000:00000000       __guard_iat_table          0000000000000000     <absolute>
 0000:00000000       __guard_longjmp_count      0000000000000000     <absolute>
 0000:00000000       __guard_longjmp_table      0000000000000000     <absolute>
 0000:00000000       __hybrid_auxiliary_delayload_iat 0000000000000000     <absolute>
 0000:00000000       __hybrid_auxiliary_delayload_iat_copy 0000000000000000     <absolute>
 0000:00000000       __hybrid_auxiliary_iat     0000000000000000     <absolute>
 0000:00000000       __hybrid_auxiliary_iat_copy 0000000000000000     <absolute>
 0000:00000000       __hybrid_code_map          0000000000000000     <absolute>
 0000:00000000       __hybrid_code_map_count    0000000000000000     <absolute>
 0000:00000000       __hybrid_image_info_bitfield 0000000000000000     <absolute>
 0000:00000000       __x64_code_ranges_to_entry_points 0000000000000000     <absolute>
 0000:00000000       __x64_code_ranges_to_entry_points_count 0000000000000000     <absolute>
 0000:00000100       __guard_flags              0000000000000100     <absolute>
 0000:00000000       __ImageBase                0000000140000000     <linker-defined>
 0001:00000000       WinMain                    0000000140001000 f   main.obj
 0001:00000b60       ?arena_make@@YAXPEAUArena@@_K@Z 0000000140001b60 f   main.obj
 0001:00000c40       ?arena_push_size@@YAPEAXPEAUArena@@AEB_K1@Z 0000000140001c40 f   main.obj
 0001:00000d40       ?insertion_sort@@YAXPEAHH@Z 0000000140001d40 f   main.obj
 0001:00000df0       ?insertion_sort@@YAXPEAMH@Z 0000000140001df0 f   main.obj
 0001:00000eb0       ?insertion_sort@@YAXPEAEH@Z 0000000140001eb0 f   main.obj
 0001:00000f60       ?quicksort@@YAXPEAHHH@Z    0000000140001f60 f   main.obj
 0001:00001120       ?quicksort@@YAXPEAMHH@Z    0000000140002120 f   main.obj
 0001:00001300       ?quicksort@@YAXPEAEHH@Z    0000000140002300 f   main.obj
 0001:000014c0       ??$empty_key@E@@YAEXZ      00000001400024c0 f   main.obj
 0001:000014d0       ??$empty_key@G@@YAGXZ      00000001400024d0 f   main.obj
 0001:000014e0       ??$empty_key@I@@YAIXZ      00000001400024e0 f   main.obj
 0001:000014f0       ??$empty_key@_K@@YA_KXZ    00000001400024f0 f   main.obj
 0001:00001500       ??$empty_key@C@@YACXZ      0000000140002500 f   main.obj
 0001:00001510       ??$empty_key@F@@YAFXZ      0000000140002510 f   main.obj
 0001:00001520       ??$empty_key@H@@YAHXZ      0000000140002520 f   main.obj
 0001:00001530       ??$empty_key@_J@@YA_JXZ    0000000140002530 f   main.obj
 0001:00001550       ??$empty_key@PEAX@@YAPEAXXZ 0000000140002550 f   main.obj
 0001:00001560       ??$empty_key@UString@@@@YA?AUString@@XZ 0000000140002560 f   main.obj
 0001:00001590       ??$tombstone_key@E@@YAEXZ  0000000140002590 f   main.obj
 0001:000015a0       ??$tombstone_key@G@@YAGXZ  00000001400025a0 f   main.obj
 0001:000015b0       ??$tombstone_key@I@@YAIXZ  00000001400025b0 f   main.obj
 0001:000015c0       ??$tombstone_key@_K@@YA_KXZ 00000001400025c0 f   main.obj
 0001:000015d0       ??$tombstone_key@C@@YACXZ  00000001400025d0 f   main.obj
 0001:000015e0       ??$tombstone_key@F@@YAFXZ  00000001400025e0 f   main.obj
 0001:000015f0       ??$tombstone_key@H@@YAHXZ  00000001400025f0 f   main.obj
 0001:00001600       ??$tombstone_key@_J@@YA_JXZ 0000000140002600 f   main.obj
 0001:00001620       ??$tombstone_key@PEAX@@YAPEAXXZ 0000000140002620 f   main.obj
 0001:00001630       ??$tombstone_key@UString@@@@YA?AUString@@XZ 0000000140002630 f   main.obj
 0001:00001660       ?register_profiler@@YAHUString@@@Z 0000000140002660 f   main.obj
 0001:000017e0       ?push_profiler_index@@YAXH@Z 00000001400027e0 f   main.obj
 0001:000018b0       ?pop_profiler_index@@YAHXZ 00000001400028b0 f   main.obj
 0001:00001960       ?profiler_push@@YAXH@Z     0000000140002960 f   main.obj
 0001:000019c0       ?profiler_pop@@YAXXZ       00000001400029c0 f   main.obj
 0001:00001b00       ?matrix_mul_vector@@YA?ATVector3@@PEATMatrix4@@T1@@Z 0000000140002b00 f   main.obj
 0001:00001d40       ?matrix_mul_vector4@@YA?ATVector4@@PEATMatrix4@@AEBT1@@Z 0000000140002d40 f   main.obj
 0001:00002040       ?matrix_mul@@YAXPEATMatrix4@@00@Z 0000000140003040 f   main.obj
 0001:00002170       ?matrix_transpose@@YAXPEATMatrix4@@@Z 0000000140003170 f   main.obj
 0001:000024f0       ?matrix_compose@@YAXHZZ    00000001400034f0 f   main.obj
 0001:00002800       ?model_matrix_for_transform@@YAXPEATMatrix4@@PEAUTransform@@@Z 0000000140003800 f   main.obj
 0001:00002920       ?view_matrix_for_camera@@YAXPEATMatrix4@@PEAUCamera@@@Z 0000000140003920 f   main.obj
 0001:00002a80       ?perspective_matrix_for_camera@@YAXPEATMatrix4@@PEAUCamera@@@Z 0000000140003a80 f   main.obj
 0001:00002c90       ?mvp_matrix_for_transform@@YAXPEATMatrix4@@PEAUTransform@@00@Z 0000000140003c90 f   main.obj
 0001:00002d10       ?tmatrix_compose@@YAPEATMatrix4@@HZZ 0000000140003d10 f   main.obj
 0001:00002ff0       ?quaternion_from_euler@@YA?AUQuaternion@@MMM@Z 0000000140003ff0 f   main.obj
 0001:00003190       ?quaternion_chain@@YA?AUQuaternion@@AEBU1@0@Z 0000000140004190 f   main.obj
 0001:00003340       ?quaternion_normalize@@YA?AUQuaternion@@U1@@Z 0000000140004340 f   main.obj
 0001:00003460       ?quaternion_rot_vector@@YA?ATVector3@@AEBT1@AEBUQuaternion@@@Z 0000000140004460 f   main.obj
 0001:00003650       ?quaternion_to_matrix@@YAXAEBUQuaternion@@PEATMatrix4@@@Z 0000000140004650 f   main.obj
 0001:00003a70       ?quaternion_to_tmatrix@@YAPEATMatrix4@@UQuaternion@@@Z 0000000140004a70 f   main.obj
 0001:00003ac0       ?draw_string@@YAXAEBUString@@PEAUFont@@AEBTVector2@@2AEBUColor@@AEBTRect@@@Z 0000000140004ac0 f   main.obj
 0001:00003f50       ?draw_string_wrapped@@YAXAEBUString@@PEAUFont@@AEBTVector2@@2AEBUColor@@AEBMAEBTRect@@@Z 0000000140004f50 f   main.obj
 0001:000044e0       ?load_font_metadata@@YAXUString@@PEAUFont@@@Z 00000001400054e0 f   main.obj
 0001:00004680       ?fill_background@@YAXXZ    0000000140005680 f   main.obj
 0001:00004720       ?triangulate_fan@@YAHPEATVector4@@HPEATTriangle4@@@Z 0000000140005720 f   main.obj
 0001:00004810       ?clip_triangle@@YAHPEATTriangle4@@0@Z 0000000140005810 f   main.obj
 0001:00005670       ?rasterize_triangle@@YAXPEATTriangle@@UColor@@H@Z 0000000140006670 f   main.obj
 0001:00005ad0       ?triangle_clip_to_raster_space@@YAXPEATTriangle4@@@Z 0000000140006ad0 f   main.obj
 0001:00005d80       ?render_mesh@@YAXUMesh@@PEATMatrix4@@PEAUColor@@@Z 0000000140006d80 f   main.obj
 0001:00006110       update_and_render          0000000140007110 f   main.obj
 0001:00006d10       ?init_memory@@YAXXZ        0000000140007d10 f   main.obj
 0001:00006ec0       ?init_engine_state@@YAXXZ  0000000140007ec0 f   main.obj
 0001:00007240       platform_init_engine       0000000140008240 f   main.obj
 0001:00007400       ?bilinear_sample_premultiplied@@YA?AUColor@@PEAEHHHMM@Z 0000000140008400 f   main.obj
 0001:000076e0       ?load_font_permanently@@YAXUString@@W4MYFONT@@@Z 00000001400086e0 f   main.obj
 0001:00007800       ?model_matrix_test@@YAXPEATMatrix4@@0@Z 0000000140008800 f   main.obj
 0001:000081d0       ?none_test@@YAXXZ          00000001400091d0 f   main.obj
 0001:000081f0       ?test@@YAXXZ               00000001400091f0 f   main.obj
 0001:00008210       ?init_keymap@@YAXXZ        0000000140009210 f   main.obj
 0001:00008360       ?make_font_bmp@@YAXXZ      0000000140009360 f   main.obj
 0001:000089e0       ?window_procedure@@YA_JPEAUHWND__@@I_K_J@Z 00000001400099e0 f   main.obj
 0001:00008ea0       ??$Max@H@@YAHHH@Z          0000000140009ea0 f i main.obj
 0001:00008ed0       ??$Max@K@@YAKKK@Z          0000000140009ed0 f i main.obj
 0001:00008f00       ??$Max@M@@YAMMM@Z          0000000140009f00 f i main.obj
 0001:00008f40       ??$Max@N@@YANNN@Z          0000000140009f40 f i main.obj
 0001:00008f80       ??$Max@_K@@YA_K_K0@Z       0000000140009f80 f i main.obj
 0001:00008fc0       ??$Min@M@@YAMMM@Z          0000000140009fc0 f i main.obj
 0001:00009000       ??$Min@N@@YANNN@Z          000000014000a000 f i main.obj
 0001:00009040       ??$Min@_K@@YA_K_K0@Z       000000014000a040 f i main.obj
 0001:00009080       ??$abs@M@@YAMM@Z           000000014000a080 f i main.obj
 0001:000090c0       ??$align_up@_K@@YA_K_K0@Z  000000014000a0c0 f i main.obj
 0001:00009110       ??$arena_push@E@@YAPEAEPEAUArena@@_K@Z 000000014000a110 f i main.obj
 0001:00009150       ??$arena_push@M@@YAPEAMPEAUArena@@_K@Z 000000014000a150 f i main.obj
 0001:00009190       ??$arena_push@TMatrix4@@@@YAPEATMatrix4@@PEAUArena@@_K@Z 000000014000a190 f i main.obj
 0001:000091d0       ??$arena_push@TTriangle4@@@@YAPEATTriangle4@@PEAUArena@@_K@Z 000000014000a1d0 f i main.obj
 0001:00009210       ??$arena_push@TVector4@@@@YAPEATVector4@@PEAUArena@@_K@Z 000000014000a210 f i main.obj
 0001:00009250       ??$arena_push@UEngine_state@@@@YAPEAUEngine_state@@PEAUArena@@_K@Z 000000014000a250 f i main.obj
 0001:00009290       ??$arena_push@UTransform@@@@YAPEAUTransform@@PEAUArena@@_K@Z 000000014000a290 f i main.obj
 0001:000092d0       ??$arena_push@_K@@YAPEA_KPEAUArena@@_K@Z 000000014000a2d0 f i main.obj
 0001:00009310       ??$clamp@H@@YAHHHH@Z       000000014000a310 f i main.obj
 0001:00009350       ??$clamp@M@@YAMMMM@Z       000000014000a350 f i main.obj
 0001:000093a0       ??$is_pow2@_K@@YAH_K@Z     000000014000a3a0 f i main.obj
 0001:000093c0       ??$scratch_push@E@@YAPEAEPEAUScratch@@I@Z 000000014000a3c0 f i main.obj
 0001:000093f0       ??$scratch_push@H@@YAPEAHPEAUScratch@@I@Z 000000014000a3f0 f i main.obj
 0001:000093f0       ??$scratch_push@M@@YAPEAMPEAUScratch@@I@Z 000000014000a3f0 f i main.obj
 0001:00009420       ??$scratch_push@TMatrix4@@@@YAPEATMatrix4@@PEAUScratch@@I@Z 000000014000a420 f i main.obj
 0001:00009450       ??$scratch_push@TVector4@@@@YAPEATVector4@@PEAUScratch@@I@Z 000000014000a450 f i main.obj
 0001:00009480       ??$sqr@M@@YAMM@Z           000000014000a480 f i main.obj
 0001:000094a0       ??$swap@E@@YAXAEAE0@Z      000000014000a4a0 f i main.obj
 0001:000094e0       ??$swap@H@@YAXAEAH0@Z      000000014000a4e0 f i main.obj
 0001:00009520       ??$swap@M@@YAXAEAM0@Z      000000014000a520 f i main.obj
 0001:00009570       ??$swap@PEATVector4@@@@YAXAEAPEATVector4@@0@Z 000000014000a570 f i main.obj
 0001:000095b0       ?Floor@@YAMM@Z             000000014000a5b0 f i main.obj
 0001:000095d0       ?arena_reset@@YAXPEAUArena@@@Z 000000014000a5d0 f i main.obj
 0001:000095f0       ?arena_set_size@@YAXPEAUArena@@_K@Z 000000014000a5f0 f i main.obj
 0001:00009650       ?bit_array_get@@YAHUBit_array@@I@Z 000000014000a650 f i main.obj
 0001:000096b0       ?bit_array_make@@YA?AUBit_array@@PEA_KI@Z 000000014000a6b0 f i main.obj
 0001:00009700       ?bit_array_set@@YAXUBit_array@@I@Z 000000014000a700 f i main.obj
 0001:00009780       ?bit_array_unset@@YAXUBit_array@@I@Z 000000014000a780 f i main.obj
 0001:00009800       ?bit_array_unset_all@@YAXUBit_array@@@Z 000000014000a800 f i main.obj
 0001:00009850       ?ceili@@YAHM@Z             000000014000a850 f i main.obj
 0001:00009870       ?color_blend_premultiplied@@YA?AUColor@@AEBU1@0@Z 000000014000a870 f i main.obj
 0001:00009980       ?color_clamp@@YA?AUColor@@U1@@Z 000000014000a980 f i main.obj
 0001:00009a30       ?color_lerp@@YA?AUColor@@AEBU1@0M@Z 000000014000aa30 f i main.obj
 0001:00009a30       ?vec_lerp@@YA?ATVector4@@AEBT1@0M@Z 000000014000aa30 f i main.obj
 0001:00009b00       ?color_make@@YA?AUColor@@MMMM@Z 000000014000ab00 f i main.obj
 0001:00009b60       ?color_premultiply@@YA?AUColor@@U1@@Z 000000014000ab60 f i main.obj
 0001:00009be0       ?color_tint@@YA?AUColor@@U1@0@Z 000000014000abe0 f i main.obj
 0001:00009ce0       ?color_to_u32@@YAIUColor@@@Z 000000014000ace0 f i main.obj
 0001:00009e20       ?concat@@YA?AUString@@AEBU1@0PEAUArena@@@Z 000000014000ae20 f i main.obj
 0001:00009ed0       ??C__crt_stdio_stream@@QEBAPEAU__crt_stdio_stream_data@@XZ 000000014000aed0 f i libucrtd:output.obj
 0001:00009ed0       ?cstr@@YAPEBEUString@@@Z   000000014000aed0 f i main.obj
 0001:00009ed0       ?get@?$__crt_scoped_stack_ptr@_W@@QEBAPEA_WXZ 000000014000aed0 f i libucrtd:getstringtypea.obj
 0001:00009ed0       ?get@?$__crt_unique_handle_t@U__crt_findfile_traits@@@@QEBAPEAXXZ 000000014000aed0 f i libucrtd:argv_wildcards.obj
 0001:00009ed0       ?get@?$__crt_unique_handle_t@U__crt_hmodule_traits@@@@QEBAPEAUHINSTANCE__@@XZ 000000014000aed0 f i libucrtd:exit.obj
 0001:00009ed0       ?get@?$__crt_unique_heap_ptr@DU__crt_internal_free_policy@@@@QEBAPEADXZ 000000014000aed0 f i libvcruntimed:std_type_info.obj
 0001:00009ed0       ?get@?$__crt_unique_heap_ptr@DU__crt_public_free_policy@@@@QEBAPEADXZ 000000014000aed0 f i libvcruntimed:std_exception.obj
 0001:00009ed0       ?get@?$__crt_unique_heap_ptr@EU__crt_internal_free_policy@@@@QEBAPEAEXZ 000000014000aed0 f i libucrtd:argv_parsing.obj
 0001:00009ed0       ?get@?$__crt_unique_heap_ptr@PEADU__crt_internal_free_policy@@@@QEBAPEAPEADXZ 000000014000aed0 f i libucrtd:argv_parsing.obj
 0001:00009ed0       ?get@?$__crt_unique_heap_ptr@U__acrt_ptd@@U__crt_internal_free_policy@@@@QEBAPEAU__acrt_ptd@@XZ 000000014000aed0 f i libucrtd:per_thread_data.obj
 0001:00009ed0       ?get@?$__crt_unique_heap_ptr@U__crt_lowio_handle_data@@U__crt_internal_free_policy@@@@QEBAPEAU__crt_lowio_handle_data@@XZ 000000014000aed0 f i libucrtd:osfinfo.obj
 0001:00009ed0       ?get@?$__crt_unique_heap_ptr@U__crt_multibyte_data@@U__crt_internal_free_policy@@@@QEBAPEAU__crt_multibyte_data@@XZ 000000014000aed0 f i libucrtd:wsetlocale.obj
 0001:00009ed0       ?get@?$__crt_unique_heap_ptr@U__vcrt_ptd@@U__crt_internal_free_policy@@@@QEBAPEAU__vcrt_ptd@@XZ 000000014000aed0 f i libvcruntimed:per_thread_data.obj
 0001:00009ed0       ?public_stream@__crt_stdio_stream@@QEBAPEAU_iobuf@@XZ 000000014000aed0 f i libucrtd:output.obj
 0001:00009ed0       ?save_state@?$c_string_character_source@D@__crt_strtox@@QEBAPEBDXZ 000000014000aed0 f i libucrtd:output.obj
 0001:00009ed0       ?save_state@?$c_string_character_source@_W@__crt_strtox@@QEBAPEB_WXZ 000000014000aed0 f i libucrtd:output.obj
 0001:00009ee0       ?decimal@@YAMM@Z           000000014000aee0 f i main.obj
 0001:00009f00       ?dword_count_for_bit_count@@YAII@Z 000000014000af00 f i main.obj
 0001:00009f20       ?dword_for_bit@@YAII@Z     000000014000af20 f i main.obj
 0001:00009f40       ?dword_mask_for_bit@@YA_KI@Z 000000014000af40 f i main.obj
 0001:00009f70       ?edge_function@@YAMAEBTVector3@@00@Z 000000014000af70 f i main.obj
 0001:00009fe0       ?fix_alpha_for_font_bmp@@YAXPEAUFont@@@Z 000000014000afe0 f i main.obj
 0001:0000a0e0       ?float_compare@@YAHMM@Z    000000014000b0e0 f i main.obj
 0001:0000a130       ?floori@@YAHM@Z            000000014000b130 f i main.obj
 0001:0000a140       ?font_bmp_bytesize@@YAIPEAUFont@@@Z 000000014000b140 f i main.obj
 0001:0000a180       ?framebuffer_access@@YAPEAIHHPEAEH@Z 000000014000b180 f i main.obj
 0001:0000a1c0       ?get_flags@@YAEEE@Z        000000014000b1c0 f i main.obj
 0001:0000a1e0       ?get_font@@YAPEAUFont@@W4MYFONT@@@Z 000000014000b1e0 f i main.obj
 0001:0000a240       ?get_glyph_bmp@@YAPEAEPEAUFont@@E@Z 000000014000b240 f i main.obj
 0001:0000a320       ?get_scratch@@YAPEAUScratch@@XZ 000000014000b320 f i main.obj
 0001:0000a3d0       ?inside_bot@@YAHTVector4@@@Z 000000014000b3d0 f i main.obj
 0001:0000a420       ?inside_far@@YAHTVector4@@@Z 000000014000b420 f i main.obj
 0001:0000a460       ?inside_left@@YAHTVector4@@@Z 000000014000b460 f i main.obj
 0001:0000a4a0       ?inside_near@@YAHTVector4@@@Z 000000014000b4a0 f i main.obj
 0001:0000a4f0       ?inside_right@@YAHTVector4@@@Z 000000014000b4f0 f i main.obj
 0001:0000a530       ?inside_top@@YAHTVector4@@@Z 000000014000b530 f i main.obj
 0001:0000a570       ?intersect_bot@@YA?ATVector4@@AEBT1@0@Z 000000014000b570 f i main.obj
 0001:0000a630       ?intersect_far@@YA?ATVector4@@AEBT1@0@Z 000000014000b630 f i main.obj
 0001:0000a6f0       ?intersect_left@@YA?ATVector4@@AEBT1@0@Z 000000014000b6f0 f i main.obj
 0001:0000a7a0       ?intersect_near@@YA?ATVector4@@AEBT1@0@Z 000000014000b7a0 f i main.obj
 0001:0000a860       ?intersect_right@@YA?ATVector4@@AEBT1@0@Z 000000014000b860 f i main.obj
 0001:0000a910       ?intersect_top@@YA?ATVector4@@AEBT1@0@Z 000000014000b910 f i main.obj
 0001:0000a9d0       ?key_down@@YAHW4KEYCODE@@@Z 000000014000b9d0 f i main.obj
 0001:0000aa10       ?key_pressed@@YAHW4KEYCODE@@@Z 000000014000ba10 f i main.obj
 0001:0000aa50       ?key_released@@YAHW4KEYCODE@@@Z 000000014000ba50 f i main.obj
 0001:0000aa90       ?last_dword_bits@@YAEI@Z   000000014000ba90 f i main.obj
 0001:0000aab0       ?len_of_c_string@@YAHPEBD@Z 000000014000bab0 f i main.obj
 0001:0000ab10       ?lerp@@YAMMMM@Z            000000014000bb10 f i main.obj
 0001:0000ab50       ?load_font_bmp@@YAXUString@@PEAUFont@@@Z 000000014000bb50 f i main.obj
 0001:0000aca0       ?matrix_scale@@YAXPEATMatrix4@@TVector3@@@Z 000000014000bca0 f i main.obj
 0001:0000ada0       ?matrix_translate@@YAXPEATMatrix4@@TVector3@@@Z 000000014000bda0 f i main.obj
 0001:0000aea0       ?matrix_unit@@YAXPEATMatrix4@@@Z 000000014000bea0 f i main.obj
 0001:0000afd0       ?memcmp@@YAHPEAX0I@Z       000000014000bfd0 f i main.obj
 0001:0000b030       ?memcpy@@YAXPEAX0I@Z       000000014000c030 f i main.obj
 0001:0000b080       ?mvp_tmatrix_for_transform@@YAPEATMatrix4@@PEAUTransform@@PEAT1@1@Z 000000014000c080 f i main.obj
 0001:0000b0e0       ?open_existing_file_for_reading@@YAHPEBEPEAPEAX@Z 000000014000c0e0 f i main.obj
 0001:0000b170       ?perspective_tmatrix_for_camera@@YAPEATMatrix4@@PEAUCamera@@@Z 000000014000c170 f i main.obj
 0001:0000b1b0       ?premul_alpha_for_font_bmp@@YAXPEAUFont@@@Z 000000014000c1b0 f i main.obj
 0001:0000b2d0       ?quaternion_conjugate@@YA?AUQuaternion@@U1@@Z 000000014000c2d0 f i main.obj
 0001:0000b350       ?quaternion_from_axis@@YA?AUQuaternion@@TVector3@@M@Z 000000014000c350 f i main.obj
 0001:0000b400       ?quaternion_identity@@YA?AUQuaternion@@XZ 000000014000c400 f i main.obj
 0001:0000b450       ?quaternion_len@@YAMUQuaternion@@@Z 000000014000c450 f i main.obj
 0001:0000b4e0       ?quicksort_partition@@YAHPEAEHH@Z 000000014000c4e0 f i main.obj
 0001:0000b5c0       ?quicksort_partition@@YAHPEAHHH@Z 000000014000c5c0 f i main.obj
 0001:0000b690       ?quicksort_partition@@YAHPEAMHH@Z 000000014000c690 f i main.obj
 0001:0000b760       ?read_cycle_counter@@YA_KXZ 000000014000c760 f i main.obj
 0001:0000b770       ?read_entire_file@@YAHPEBEPEAXI@Z 000000014000c770 f i main.obj
 0001:0000b810       ?read_time_counter@@YANXZ  000000014000c810 f i main.obj
 0001:0000b850       ?rect_width@@YAMTRect@@@Z  000000014000c850 f i main.obj
 0001:0000b870       ?release_scratch@@YAXPEAUScratch@@@Z 000000014000c870 f i main.obj
 0001:0000b8a0       ?scratch_push_size@@YAPEAXPEAUScratch@@HH@Z 000000014000c8a0 f i main.obj
 0001:0000b980       ?set_flags@@YAEEE@Z        000000014000c980 f i main.obj
 0001:0000b9a0       ?str@@YA?AUString@@PEBD@Z  000000014000c9a0 f i main.obj
 0001:0000b9e0       ?string_compare@@YAHUString@@0@Z 000000014000c9e0 f i main.obj
 0001:0000ba30       ?temp_reset@@YAXXZ         000000014000ca30 f i main.obj
 0001:0000ba50       ?temp_set_size@@YAX_K@Z    000000014000ca50 f i main.obj
 0001:0000ba80       ?triangle_4to3@@YAXPEATTriangle4@@PEATTriangle@@@Z 000000014000ca80 f i main.obj
 0001:0000bbd0       ?triangle_bounding_box@@YA?ATRect@@AEBTVector3@@00@Z 000000014000cbd0 f i main.obj
 0001:0000bd20       ?u32_to_color@@YA?AUColor@@I@Z 000000014000cd20 f i main.obj
 0001:0000bde0       ?unset_all_flags@@YAEXZ    000000014000cde0 f i main.obj
 0001:0000bdf0       ?unset_flags@@YAEEE@Z      000000014000cdf0 f i main.obj
 0001:0000be10       ?vec_3to4@@YA?ATVector4@@TVector3@@M@Z 000000014000ce10 f i main.obj
 0001:0000be70       ?vec_4to3@@YA?ATVector3@@TVector4@@@Z 000000014000ce70 f i main.obj
 0001:0000bec0       ?vec_add@@YA?ATVector2@@T1@0@Z 000000014000cec0 f i main.obj
 0001:0000bf20       ?vec_add@@YA?ATVector3@@AEBT1@0@Z 000000014000cf20 f i main.obj
 0001:0000bf90       ?vec_cross@@YA?ATVector3@@AEBT1@0@Z 000000014000cf90 f i main.obj
 0001:0000c050       ?vec_make@@YA?ATVector2@@MM@Z 000000014000d050 f i main.obj
 0001:0000c0a0       ?vec_make@@YA?ATVector3@@MMM@Z 000000014000d0a0 f i main.obj
 0001:0000c0f0       ?vec_negate@@YA?ATVector3@@T1@@Z 000000014000d0f0 f i main.obj
 0001:0000c160       ?vec_right@@YA?ATVector3@@XZ 000000014000d160 f i main.obj
 0001:0000c1a0       ?vec_scale@@YA?ATVector3@@T1@M@Z 000000014000d1a0 f i main.obj
 0001:0000c210       ?vec_scale@@YA?ATVector4@@AEBT1@M@Z 000000014000d210 f i main.obj
 0001:0000c290       ?vec_up@@YA?ATVector3@@XZ  000000014000d290 f i main.obj
 0001:0000c2d0       ?vec_zero3@@YA?ATVector3@@XZ 000000014000d2d0 f i main.obj
 0001:0000c310       ?view_tmatrix_for_camera@@YAPEATMatrix4@@PEAUCamera@@@Z 000000014000d310 f i main.obj
 0001:0000c350       ?zbuffer_access@@YAPEAMHHPEAMH@Z 000000014000d350 f i main.obj
 0001:0000c390       ?zbuffer_reset@@YAXPEAMHH@Z 000000014000d390 f i main.obj
 0001:0000c410       __local_stdio_printf_options 000000014000d410 f i main.obj
 0001:0000c420       _vsnprintf_l               000000014000d420 f i main.obj
 0001:0000c4a0       _vsprintf_l                000000014000d4a0 f i main.obj
 0001:0000c4f0       sprintf                    000000014000d4f0 f i main.obj
 0001:0000c540       _Init_thread_abort         000000014000d540 f   LIBCMTD:thread_safe_statics.obj
 0001:0000c570       _Init_thread_footer        000000014000d570 f   LIBCMTD:thread_safe_statics.obj
 0001:0000c5d0       _Init_thread_header        000000014000d5d0 f   LIBCMTD:thread_safe_statics.obj
 0001:0000c660       _Init_thread_lock          000000014000d660 f   LIBCMTD:thread_safe_statics.obj
 0001:0000c680       _Init_thread_notify        000000014000d680 f   LIBCMTD:thread_safe_statics.obj
 0001:0000c6a0       _Init_thread_unlock        000000014000d6a0 f   LIBCMTD:thread_safe_statics.obj
 0001:0000c6c0       _Init_thread_wait_v2       000000014000d6c0 f   LIBCMTD:thread_safe_statics.obj
 0001:0000c6f0       __GSHandlerCheck           000000014000d6f0 f   LIBCMTD:gshandler.obj
 0001:0000c730       __GSHandlerCheckCommon     000000014000d730 f   LIBCMTD:gshandler.obj
 0001:0000c830       __GSHandlerCheck_EH4       000000014000d830 f   LIBCMTD:gshandlereh4.obj
 0001:0000c8f0       __security_check_cookie    000000014000d8f0 f   LIBCMTD:amdsecgs.obj
 0001:0000cbd0       ?configure_argv@__scrt_narrow_argv_policy@@SAHXZ 000000014000dbd0 f i LIBCMTD:exe_winmain.obj
 0001:0000cbf0       ?initialize_environment@__scrt_narrow_environment_policy@@SAHXZ 000000014000dbf0 f i LIBCMTD:exe_winmain.obj
 0001:0000cc40       ?set_app_type@__scrt_winmain_policy@@SAXXZ 000000014000dc40 f i LIBCMTD:exe_winmain.obj
 0001:0000cc60       ?set_commode@__scrt_file_policy@@SAXXZ 000000014000dc60 f i LIBCMTD:exe_winmain.obj
 0001:0000cc80       ?set_fmode@__scrt_file_policy@@SAXXZ 000000014000dc80 f i LIBCMTD:exe_winmain.obj
 0001:0000cca0       WinMainCRTStartup          000000014000dca0 f   LIBCMTD:exe_winmain.obj
 0001:0000ccc0       __raise_securityfailure    000000014000dcc0 f   LIBCMTD:gs_report.obj
 0001:0000cd00       __report_gsfailure         000000014000dd00 f   LIBCMTD:gs_report.obj
 0001:0000cde0       __report_rangecheckfailure 000000014000dde0 f   LIBCMTD:gs_report.obj
 0001:0000ce00       __report_securityfailure   000000014000de00 f   LIBCMTD:gs_report.obj
 0001:0000d160       NtCurrentTeb               000000014000e160 f i LIBCMTD:utility.obj
 0001:0000d170       __scrt_acquire_startup_lock 000000014000e170 f   LIBCMTD:utility.obj
 0001:0000d1e0       __scrt_initialize_crt      000000014000e1e0 f   LIBCMTD:utility.obj
 0001:0000d230       __scrt_initialize_onexit_tables 000000014000e230 f   LIBCMTD:utility.obj
 0001:0000d340       __scrt_is_nonwritable_in_current_image 000000014000e340 f   LIBCMTD:utility.obj
 0001:0000d3d0       __scrt_release_startup_lock 000000014000e3d0 f   LIBCMTD:utility.obj
 0001:0000d400       __scrt_uninitialize_crt    000000014000e400 f   LIBCMTD:utility.obj
 0001:0000d440       _onexit                    000000014000e440 f   LIBCMTD:utility.obj
 0001:0000d4c0       atexit                     000000014000e4c0 f   LIBCMTD:utility.obj
 0001:0000d5c0       __security_init_cookie     000000014000e5c0 f   LIBCMTD:gs_support.obj
 0001:0000d640       ?getESTypes@__FrameHandler4@@SAPEBU_s_ESTypeList@@PEAUFuncInfo4@FH4@@@Z 000000014000e640 f   libvcruntimed:frame.obj
 0001:0000d640       ?get_current_state_index@__crt_state_management@@YA_KAEBV__crt_scoped_get_last_error_reset@@@Z 000000014000e640 f   libucrtd:output.obj
 0001:0000d640       _matherr                   000000014000e640 f   LIBCMTD:matherr.obj
 0001:0000d650       _get_startup_argv_mode     000000014000e650 f   LIBCMTD:argv_mode.obj
 0001:0000d660       ?get_current_state_index@__crt_state_management@@YA_KXZ 000000014000e660 f   libucrtd:matherr.obj
 0001:0000d660       ?get_invalid_value@__crt_hmodule_traits@@SAPEAUHINSTANCE__@@XZ 000000014000e660 f   libucrtd:exit.obj
 0001:0000d660       __scrt_exe_initialize_mta  000000014000e660 f   LIBCMTD:utility_desktop.obj
 0001:0000d660       __scrt_initialize_winrt    000000014000e660 f   LIBCMTD:utility_desktop.obj
 0001:0000d660       __scrt_stub_for_initialize_mta 000000014000e660 f   LIBCMTD:utility_desktop.obj
 0001:0000d660       _get_startup_commit_mode   000000014000e660 f   LIBCMTD:commit_mode.obj
 0001:0000d660       _get_startup_new_mode      000000014000e660 f   LIBCMTD:new_mode.obj
 0001:0000d660       _get_startup_thread_locale_mode 000000014000e660 f   LIBCMTD:thread_locale.obj
 0001:0000d670       _get_startup_file_mode     000000014000e670 f   LIBCMTD:file_mode.obj
 0001:0000d680       ?__scrt_initialize_type_info@@YAXXZ 000000014000e680 f   LIBCMTD:tncleanup.obj
 0001:0000d6a0       _should_initialize_environment 000000014000e6a0 f   LIBCMTD:env_mode.obj
 0001:0000d6b0       _initialize_denormal_control 000000014000e6b0 f   LIBCMTD:denormal_control.obj
 0001:0000d6b0       _initialize_invalid_parameter_handler 000000014000e6b0 f   LIBCMTD:invalid_parameter_handler.obj
 0001:0000d6c0       __local_stdio_scanf_options 000000014000e6c0 f i LIBCMTD:default_local_stdio_options.obj
 0001:0000d6d0       __scrt_initialize_default_local_stdio_options 000000014000e6d0 f   LIBCMTD:default_local_stdio_options.obj
 0001:0000d720       __scrt_is_user_matherr_present 000000014000e720 f   LIBCMTD:matherr_detection.obj
 0001:0000d750       __scrt_get_dyn_tls_init_callback 000000014000e750 f   LIBCMTD:dyn_tls_init.obj
 0001:0000d760       __scrt_get_dyn_tls_dtor_callback 000000014000e760 f   LIBCMTD:dyn_tls_dtor.obj
 0001:0000d770       __crt_debugger_hook        000000014000e770 f   LIBCMTD:utility_desktop.obj
 0001:0000d780       __scrt_fastfail            000000014000e780 f   LIBCMTD:utility_desktop.obj
 0001:0000d920       __scrt_get_show_window_mode 000000014000e920 f   LIBCMTD:utility_desktop.obj
 0001:0000d980       __scrt_initialize_mta      000000014000e980 f   LIBCMTD:utility_desktop.obj
 0001:0000d990       __scrt_is_managed_app      000000014000e990 f   LIBCMTD:utility_desktop.obj
 0001:0000da40       __scrt_set_unhandled_exception_filter 000000014000ea40 f   LIBCMTD:utility_desktop.obj
 0001:0000da60       __scrt_unhandled_exception_filter 000000014000ea60 f   LIBCMTD:utility_desktop.obj
 0001:0000db00       _RTC_Initialize            000000014000eb00 f   LIBCMTD:initsect.obj
 0001:0000db50       _RTC_Terminate             000000014000eb50 f   LIBCMTD:initsect.obj
 0001:0000dba0       ??1?$__crt_simd_cleanup_guard@$0A@@@QEAA@XZ 000000014000eba0 f i libucrtd:strnlen.obj
 0001:0000dba0       ??1scoped_global_state_reset@__crt_state_management@@QEAA@XZ 000000014000eba0 f i libucrtd:onexit.obj
 0001:0000dba0       _guard_check_icall_nop     000000014000eba0 f i LIBCMTD:guard_support.obj
 0001:0000dbb0       ReadNoFence64              000000014000ebb0 f i LIBCMTD:guard_support.obj
 0001:0000dbd0       ReadPointerNoFence         000000014000ebd0 f i LIBCMTD:guard_support.obj
 0001:0000dbf0       _guard_icall_checks_enforced 000000014000ebf0 f i LIBCMTD:guard_support.obj
 0001:0000dc30       __isa_available_init       000000014000ec30 f   LIBCMTD:cpu_disp.obj
 0001:0000e120       __scrt_is_ucrt_dll_in_use  000000014000f120 f   LIBCMTD:ucrt_detection.obj
 0001:0000e150       ??$?0AEAViterator@TryBlockMap4@FH4@@AEAV012@$0A@@?$pair@Viterator@TryBlockMap4@FH4@@V123@@std@@QEAA@AEAViterator@TryBlockMap4@FH4@@0@Z 000000014000f150 f i libvcruntimed:risctrnsctrl.obj
 0001:0000e150       ??$?0AEAViterator@TryBlockMap@__FrameHandler3@@AEAV012@$0A@@?$pair@Viterator@TryBlockMap@__FrameHandler3@@V123@@std@@QEAA@AEAViterator@TryBlockMap@__FrameHandler3@@0@Z 000000014000f150 f i libvcruntimed:risctrnsctrl.obj
 0001:0000e340       ??$_CallSETranslator@V__FrameHandler3@@@@YAHPEAUEHExceptionRecord@@PEA_KPEAU_CONTEXT@@PEAU_xDISPATCHER_CONTEXT@@PEBU_s_FuncInfo@@K1H@Z 000000014000f340 f i libvcruntimed:risctrnsctrl.obj
 0001:0000e3d0       ??$_CallSETranslator@V__FrameHandler4@@@@YAHPEAUEHExceptionRecord@@PEA_KPEAU_CONTEXT@@PEAU_xDISPATCHER_CONTEXT@@PEAUFuncInfo4@FH4@@K1H@Z 000000014000f3d0 f i libvcruntimed:risctrnsctrl.obj
 0001:0000e460       ??0FuncInfo4@FH4@@QEAA@XZ  000000014000f460 f i libvcruntimed:risctrnsctrl.obj
 0001:0000e4d0       ??0FuncInfoHeader@FH4@@QEAA@XZ 000000014000f4d0 f i libvcruntimed:risctrnsctrl.obj
 0001:0000e4f0       ??0iterator@HandlerMap4@FH4@@QEAA@AEAV12@I@Z 000000014000f4f0 f i libvcruntimed:frame.obj
 0001:0000e4f0       ??0iterator@HandlerMap@__FrameHandler3@@QEAA@AEAV12@I@Z 000000014000f4f0 f i libvcruntimed:frame.obj
 0001:0000e4f0       ??0iterator@TryBlockMap4@FH4@@QEAA@AEAV12@I@Z 000000014000f4f0 f i libvcruntimed:risctrnsctrl.obj
 0001:0000e4f0       ??0iterator@TryBlockMap@__FrameHandler3@@QEAA@AEAV12@I@Z 000000014000f4f0 f i libvcruntimed:risctrnsctrl.obj
 0001:0000e520       ??4iterator@TryBlockMap4@FH4@@QEAAAEAV012@AEBV012@@Z 000000014000f520 f i libvcruntimed:risctrnsctrl.obj
 0001:0000e540       ??9iterator@TryBlockMap4@FH4@@QEBA_NAEBV012@@Z 000000014000f540 f i libvcruntimed:risctrnsctrl.obj
 0001:0000e580       ??Diterator@TryBlockMap4@FH4@@QEAA?AUTryBlockMapEntry4@2@XZ 000000014000f580 f i libvcruntimed:risctrnsctrl.obj
 0001:0000e5b0       ??Eiterator@TryBlockMap4@FH4@@QEAAAEAV012@XZ 000000014000f5b0 f i libvcruntimed:risctrnsctrl.obj
 0001:0000e5f0       ?CatchTryBlock@__FrameHandler3@@SAPEBU_s_TryBlockMapEntry@@PEBU_s_FuncInfo@@H@Z 000000014000f5f0 f   libvcruntimed:risctrnsctrl.obj
 0001:0000e680       ?DecompFuncInfo@FH4@@YA_JPEAEAEAUFuncInfo4@1@_KH@Z 000000014000f680 f i libvcruntimed:risctrnsctrl.obj
 0001:0000e6c0       ?DecompFuncInfo@FH4@@YA_JPEAEAEAUFuncInfo4@1@_KH_N@Z 000000014000f6c0 f i libvcruntimed:risctrnsctrl.obj
 0001:0000e8a0       ?DecompTryBlock@TryBlockMap4@FH4@@AEAAXXZ 000000014000f8a0 f i libvcruntimed:risctrnsctrl.obj
 0001:0000e920       ?ExecutionInCatch@__FrameHandler3@@SA_NPEAU_xDISPATCHER_CONTEXT@@PEBU_s_FuncInfo@@@Z 000000014000f920 f   libvcruntimed:risctrnsctrl.obj
 0001:0000e970       ?ExecutionInCatch@__FrameHandler4@@SA_NPEAU_xDISPATCHER_CONTEXT@@PEAUFuncInfo4@FH4@@@Z 000000014000f970 f   libvcruntimed:risctrnsctrl.obj
 0001:0000e990       ?FrameUnwindToEmptyState@__FrameHandler3@@SAXPEA_KPEAU_xDISPATCHER_CONTEXT@@PEBU_s_FuncInfo@@@Z 000000014000f990 f   libvcruntimed:risctrnsctrl.obj
 0001:0000ea30       ?FrameUnwindToEmptyState@__FrameHandler4@@SAXPEA_KPEAU_xDISPATCHER_CONTEXT@@PEAUFuncInfo4@FH4@@@Z 000000014000fa30 f   libvcruntimed:risctrnsctrl.obj
 0001:0000ea90       ?GetEstablisherFrame@__FrameHandler3@@SAPEA_KPEA_KPEAU_xDISPATCHER_CONTEXT@@PEBU_s_FuncInfo@@0@Z 000000014000fa90 f   libvcruntimed:risctrnsctrl.obj
 0001:0000ec00       ?GetEstablisherFrame@__FrameHandler4@@SAPEA_KPEA_KPEAU_xDISPATCHER_CONTEXT@@PEAUFuncInfo4@FH4@@0@Z 000000014000fc00 f   libvcruntimed:risctrnsctrl.obj
 0001:0000ec70       ?GetRangeOfTrysToCheck@__FrameHandler3@@SA?AU?$pair@Viterator@TryBlockMap@__FrameHandler3@@V123@@std@@AEAVTryBlockMap@1@HPEAU_xDISPATCHER_CONTEXT@@PEBU_s_FuncInfo@@H@Z 000000014000fc70 f   libvcruntimed:risctrnsctrl.obj
 0001:0000eeb0       ?GetRangeOfTrysToCheck@__FrameHandler4@@SA?AU?$pair@Viterator@TryBlockMap4@FH4@@V123@@std@@AEAVTryBlockMap4@FH4@@HPEAU_xDISPATCHER_CONTEXT@@PEAUFuncInfo4@5@H@Z 000000014000feb0 f   libvcruntimed:risctrnsctrl.obj
 0001:0000f070       ?ReadInt@FH4@@YAHPEAPEAE@Z 0000000140010070 f i libvcruntimed:risctrnsctrl.obj
 0001:0000f0b0       ?ReadUnsigned@FH4@@YAIPEAPEAE@Z 00000001400100b0 f i libvcruntimed:risctrnsctrl.obj
 0001:0000f140       ?UnwindNestedFrames@__FrameHandler3@@SAXPEA_KPEAUEHExceptionRecord@@PEAU_CONTEXT@@0PEAXPEBU_s_FuncInfo@@HHPEBU_s_HandlerType@@PEAU_xDISPATCHER_CONTEXT@@E@Z 0000000140010140 f   libvcruntimed:risctrnsctrl.obj
 0001:0000f2b0       ?UnwindNestedFrames@__FrameHandler4@@SAXPEA_KPEAUEHExceptionRecord@@PEAU_CONTEXT@@0PEAXPEAUFuncInfo4@FH4@@HHPEAUHandlerType4@5@PEAU_xDISPATCHER_CONTEXT@@E@Z 00000001400102b0 f   libvcruntimed:risctrnsctrl.obj
 0001:0000f480       ?begin@HandlerMap4@FH4@@QEAA?AViterator@12@XZ 0000000140010480 f i libvcruntimed:frame.obj
 0001:0000f480       ?begin@HandlerMap@__FrameHandler3@@QEAA?AViterator@12@XZ 0000000140010480 f i libvcruntimed:frame.obj
 0001:0000f480       ?begin@TryBlockMap4@FH4@@QEAA?AViterator@12@XZ 0000000140010480 f i libvcruntimed:risctrnsctrl.obj
 0001:0000f4b0       ?end@HandlerMap4@FH4@@QEAA?AViterator@12@XZ 00000001400104b0 f i libvcruntimed:frame.obj
 0001:0000f4b0       ?end@HandlerMap@__FrameHandler3@@QEAA?AViterator@12@XZ 00000001400104b0 f i libvcruntimed:frame.obj
 0001:0000f4b0       ?end@TryBlockMap4@FH4@@QEAA?AViterator@12@XZ 00000001400104b0 f i libvcruntimed:risctrnsctrl.obj
 0001:0000f4e0       ?imageRelToByteBuffer@FH4@@YAPEAE_KH@Z 00000001400104e0 f i libvcruntimed:risctrnsctrl.obj
 0001:0000f500       ?incrementToSentinel@iterator@TryBlockMap4@FH4@@QEAAXXZ 0000000140010500 f i libvcruntimed:risctrnsctrl.obj
 0001:0000f520       ?setBuffer@TryBlockMap4@FH4@@QEAAXViterator@12@@Z 0000000140010520 f i libvcruntimed:risctrnsctrl.obj
 0001:0000f590       _CreateFrameInfo           0000000140010590 f   libvcruntimed:risctrnsctrl.obj
 0001:0000f600       _FindAndUnlinkFrame        0000000140010600 f   libvcruntimed:risctrnsctrl.obj
 0001:0000f680       _GetImageBase              0000000140010680 f   libvcruntimed:risctrnsctrl.obj
 0001:0000f6a0       _GetThrowImageBase         00000001400106a0 f   libvcruntimed:risctrnsctrl.obj
 0001:0000f6c0       _SetImageBase              00000001400106c0 f   libvcruntimed:risctrnsctrl.obj
 0001:0000f6e0       _SetThrowImageBase         00000001400106e0 f   libvcruntimed:risctrnsctrl.obj
 0001:0000f700       __CxxFrameHandler3         0000000140010700 f   libvcruntimed:risctrnsctrl.obj
 0001:0000f7e0       __CxxFrameHandler4         00000001400107e0 f   libvcruntimed:risctrnsctrl.obj
 0001:0000f8f0       __C_specific_handler       00000001400108f0 f   libvcruntimed:riscchandler.obj
 0001:0000fd60       __vcrt_initialize          0000000140010d60 f   libvcruntimed:initialization.obj
 0001:0000fda0       __vcrt_uninitialize        0000000140010da0 f   libvcruntimed:initialization.obj
 0001:0000fdc0       ??$?RD@__crt_internal_free_policy@@QEBAXQEBD@Z 0000000140010dc0 f i libvcruntimed:std_type_info.obj
 0001:0000fdc0       ??$?RU__vcrt_ptd@@@__crt_internal_free_policy@@QEBAXQEBU__vcrt_ptd@@@Z 0000000140010dc0 f i libvcruntimed:per_thread_data.obj
 0001:0000fdf0       ??0?$__crt_scoped_stack_ptr@_W@@QEAA@U?$__crt_scoped_stack_ptr_tag@_W@@@Z 0000000140010df0 f i libucrtd:getstringtypea.obj
 0001:0000fdf0       ??0?$__crt_scoped_stack_ptr_tag@_W@@QEAA@QEA_W@Z 0000000140010df0 f i libucrtd:getstringtypea.obj
 0001:0000fdf0       ??0?$__crt_unique_handle_t@U__crt_findfile_traits@@@@QEAA@QEAX@Z 0000000140010df0 f i libucrtd:argv_wildcards.obj
 0001:0000fdf0       ??0?$__crt_unique_handle_t@U__crt_hmodule_traits@@@@QEAA@QEAUHINSTANCE__@@@Z 0000000140010df0 f i libucrtd:exit.obj
 0001:0000fdf0       ??0?$__crt_unique_heap_ptr@DU__crt_internal_free_policy@@@@QEAA@QEAD@Z 0000000140010df0 f i libvcruntimed:std_type_info.obj
 0001:0000fdf0       ??0?$__crt_unique_heap_ptr@DU__crt_public_free_policy@@@@QEAA@QEAD@Z 0000000140010df0 f i libvcruntimed:std_exception.obj
 0001:0000fdf0       ??0?$__crt_unique_heap_ptr@EU__crt_internal_free_policy@@@@QEAA@QEAE@Z 0000000140010df0 f i libucrtd:argv_parsing.obj
 0001:0000fdf0       ??0?$__crt_unique_heap_ptr@P6AXXZU__crt_internal_free_policy@@@@QEAA@QEAP6AXXZ@Z 0000000140010df0 f i libucrtd:onexit.obj
 0001:0000fdf0       ??0?$__crt_unique_heap_ptr@PEADU__crt_internal_free_policy@@@@QEAA@QEAPEAD@Z 0000000140010df0 f i libucrtd:argv_parsing.obj
 0001:0000fdf0       ??0?$__crt_unique_heap_ptr@PEAU__crt_stdio_stream_data@@U__crt_internal_free_policy@@@@QEAA@QEAPEAU__crt_stdio_stream_data@@@Z 0000000140010df0 f i libucrtd:_file.obj
 0001:0000fdf0       ??0?$__crt_unique_heap_ptr@U__acrt_ptd@@U__crt_internal_free_policy@@@@QEAA@QEAU__acrt_ptd@@@Z 0000000140010df0 f i libucrtd:per_thread_data.obj
 0001:0000fdf0       ??0?$__crt_unique_heap_ptr@U__crt_lowio_handle_data@@U__crt_internal_free_policy@@@@QEAA@QEAU__crt_lowio_handle_data@@@Z 0000000140010df0 f i libucrtd:osfinfo.obj
 0001:0000fdf0       ??0?$__crt_unique_heap_ptr@U__crt_multibyte_data@@U__crt_internal_free_policy@@@@QEAA@QEAU__crt_multibyte_data@@@Z 0000000140010df0 f i libucrtd:wsetlocale.obj
 0001:0000fdf0       ??0?$__crt_unique_heap_ptr@U__vcrt_ptd@@U__crt_internal_free_policy@@@@QEAA@QEAU__vcrt_ptd@@@Z 0000000140010df0 f i libvcruntimed:per_thread_data.obj
 0001:0000fdf0       ??0?$string_output_adapter@D@__crt_stdio_output@@QEAA@QEAU?$string_output_adapter_context@D@1@@Z 0000000140010df0 f i libucrtd:output.obj
 0001:0000fdf0       ??0?$string_output_adapter@_W@__crt_stdio_output@@QEAA@QEAU?$string_output_adapter_context@_W@1@@Z 0000000140010df0 f i libucrtd:output.obj
 0001:0000fdf0       ??0__crt_stdio_stream@@QEAA@QEAU__crt_stdio_stream_data@@@Z 0000000140010df0 f i libucrtd:closeall.obj
 0001:0000fdf0       ??0__crt_stdio_stream@@QEAA@QEAU_iobuf@@@Z 0000000140010df0 f i libucrtd:output.obj
 0001:0000fe10       ??1?$__crt_unique_heap_ptr@DU__crt_internal_free_policy@@@@QEAA@XZ 0000000140010e10 f i libvcruntimed:std_type_info.obj
 0001:0000fe10       ??1?$__crt_unique_heap_ptr@U__vcrt_ptd@@U__crt_internal_free_policy@@@@QEAA@XZ 0000000140010e10 f i libvcruntimed:per_thread_data.obj
 0001:0000fe30       ??B?$__crt_unique_heap_ptr@DU__crt_internal_free_policy@@@@QEBA_NXZ 0000000140010e30 f i libvcruntimed:std_type_info.obj
 0001:0000fe30       ??B?$__crt_unique_heap_ptr@DU__crt_public_free_policy@@@@QEBA_NXZ 0000000140010e30 f i libvcruntimed:std_exception.obj
 0001:0000fe30       ??B?$__crt_unique_heap_ptr@EU__crt_internal_free_policy@@@@QEBA_NXZ 0000000140010e30 f i libucrtd:argv_parsing.obj
 0001:0000fe30       ??B?$__crt_unique_heap_ptr@PEADU__crt_internal_free_policy@@@@QEBA_NXZ 0000000140010e30 f i libucrtd:environment_initialization.obj
 0001:0000fe30       ??B?$__crt_unique_heap_ptr@U__acrt_ptd@@U__crt_internal_free_policy@@@@QEBA_NXZ 0000000140010e30 f i libucrtd:per_thread_data.obj
 0001:0000fe30       ??B?$__crt_unique_heap_ptr@U__crt_lowio_handle_data@@U__crt_internal_free_policy@@@@QEBA_NXZ 0000000140010e30 f i libucrtd:osfinfo.obj
 0001:0000fe30       ??B?$__crt_unique_heap_ptr@U__crt_multibyte_data@@U__crt_internal_free_policy@@@@QEBA_NXZ 0000000140010e30 f i libucrtd:wsetlocale.obj
 0001:0000fe30       ??B?$__crt_unique_heap_ptr@U__vcrt_ptd@@U__crt_internal_free_policy@@@@QEBA_NXZ 0000000140010e30 f i libvcruntimed:per_thread_data.obj
 0001:0000fe50       ?__crt_interlocked_read_64@@YA_JPED_J@Z 0000000140010e50 f i libvcruntimed:std_type_info.obj
 0001:0000fe70       ??B?$__crt_scoped_stack_ptr@_W@@QEBA_NXZ 0000000140010e70 f i libucrtd:lcmapstringa.obj
 0001:0000fe70       ?is_valid@?$__crt_unique_heap_ptr@DU__crt_internal_free_policy@@@@QEBA_NXZ 0000000140010e70 f i libvcruntimed:std_type_info.obj
 0001:0000fe70       ?is_valid@?$__crt_unique_heap_ptr@DU__crt_public_free_policy@@@@QEBA_NXZ 0000000140010e70 f i libvcruntimed:std_exception.obj
 0001:0000fe70       ?is_valid@?$__crt_unique_heap_ptr@EU__crt_internal_free_policy@@@@QEBA_NXZ 0000000140010e70 f i libucrtd:argv_parsing.obj
 0001:0000fe70       ?is_valid@?$__crt_unique_heap_ptr@PEADU__crt_internal_free_policy@@@@QEBA_NXZ 0000000140010e70 f i libucrtd:environment_initialization.obj
 0001:0000fe70       ?is_valid@?$__crt_unique_heap_ptr@U__acrt_ptd@@U__crt_internal_free_policy@@@@QEBA_NXZ 0000000140010e70 f i libucrtd:per_thread_data.obj
 0001:0000fe70       ?is_valid@?$__crt_unique_heap_ptr@U__crt_lowio_handle_data@@U__crt_internal_free_policy@@@@QEBA_NXZ 0000000140010e70 f i libucrtd:osfinfo.obj
 0001:0000fe70       ?is_valid@?$__crt_unique_heap_ptr@U__crt_multibyte_data@@U__crt_internal_free_policy@@@@QEBA_NXZ 0000000140010e70 f i libucrtd:wsetlocale.obj
 0001:0000fe70       ?is_valid@?$__crt_unique_heap_ptr@U__vcrt_ptd@@U__crt_internal_free_policy@@@@QEBA_NXZ 0000000140010e70 f i libvcruntimed:per_thread_data.obj
 0001:0000fe70       ?valid@__crt_stdio_stream@@QEBA_NXZ 0000000140010e70 f i libucrtd:output.obj
 0001:0000fea0       ?release@?$__crt_unique_heap_ptr@DU__crt_internal_free_policy@@@@QEAAXXZ 0000000140010ea0 f i libvcruntimed:std_type_info.obj
 0001:0000fea0       ?release@?$__crt_unique_heap_ptr@U__vcrt_ptd@@U__crt_internal_free_policy@@@@QEAAXXZ 0000000140010ea0 f i libvcruntimed:per_thread_data.obj
 0001:0000fed0       __std_type_info_compare    0000000140010ed0 f   libvcruntimed:std_type_info.obj
 0001:0000ff10       __DestructExceptionObject  0000000140010f10 f   libvcruntimed:ehhelpers.obj
 0001:00010010       ?_CallMemberFunction0@@YAXQEAX0@Z 0000000140011010 f i libvcruntimed:ehhelpers.obj
 0001:000100f0       _IsExceptionObjectToBeDestroyed 00000001400110f0 f   libvcruntimed:ehhelpers.obj
 0001:00010140       __AdjustPointer            0000000140011140 f   libvcruntimed:ehhelpers.obj
 0001:000101c0       __FrameUnwindFilter        00000001400111c0 f   libvcruntimed:ehhelpers.obj
 0001:00010270       __current_exception        0000000140011270 f   libvcruntimed:ehhelpers.obj
 0001:00010290       __current_exception_context 0000000140011290 f   libvcruntimed:ehhelpers.obj
 0001:000102f0       ?detach@?$__crt_unique_heap_ptr@DU__crt_internal_free_policy@@@@QEAAPEADXZ 00000001400112f0 f i libucrtd:environment_initialization.obj
 0001:000102f0       ?detach@?$__crt_unique_heap_ptr@DU__crt_public_free_policy@@@@QEAAPEADXZ 00000001400112f0 f i libvcruntimed:std_exception.obj
 0001:000102f0       ?detach@?$__crt_unique_heap_ptr@EU__crt_internal_free_policy@@@@QEAAPEAEXZ 00000001400112f0 f i libucrtd:argv_parsing.obj
 0001:000102f0       ?detach@?$__crt_unique_heap_ptr@P6AXXZU__crt_internal_free_policy@@@@QEAAPEAP6AXXZXZ 00000001400112f0 f i libucrtd:onexit.obj
 0001:000102f0       ?detach@?$__crt_unique_heap_ptr@PEADU__crt_internal_free_policy@@@@QEAAPEAPEADXZ 00000001400112f0 f i libucrtd:argv_parsing.obj
 0001:000102f0       ?detach@?$__crt_unique_heap_ptr@PEAU__crt_stdio_stream_data@@U__crt_internal_free_policy@@@@QEAAPEAPEAU__crt_stdio_stream_data@@XZ 00000001400112f0 f i libucrtd:_file.obj
 0001:000102f0       ?detach@?$__crt_unique_heap_ptr@U__acrt_ptd@@U__crt_internal_free_policy@@@@QEAAPEAU__acrt_ptd@@XZ 00000001400112f0 f i libucrtd:per_thread_data.obj
 0001:000102f0       ?detach@?$__crt_unique_heap_ptr@U__crt_lowio_handle_data@@U__crt_internal_free_policy@@@@QEAAPEAU__crt_lowio_handle_data@@XZ 00000001400112f0 f i libucrtd:osfinfo.obj
 0001:000102f0       ?detach@?$__crt_unique_heap_ptr@U__crt_multibyte_data@@U__crt_internal_free_policy@@@@QEAAPEAU__crt_multibyte_data@@XZ 00000001400112f0 f i libucrtd:wsetlocale.obj
 0001:000102f0       ?detach@?$__crt_unique_heap_ptr@U__vcrt_ptd@@U__crt_internal_free_policy@@@@QEAAPEAU__vcrt_ptd@@XZ 00000001400112f0 f i libvcruntimed:per_thread_data.obj
 0001:00010360       __vcrt_freefls             0000000140011360 f   libvcruntimed:per_thread_data.obj
 0001:000103a0       __vcrt_getptd              00000001400113a0 f   libvcruntimed:per_thread_data.obj
 0001:000103d0       __vcrt_getptd_noexit       00000001400113d0 f   libvcruntimed:per_thread_data.obj
 0001:00010570       __vcrt_initialize_ptd      0000000140011570 f   libvcruntimed:per_thread_data.obj
 0001:000105c0       __vcrt_uninitialize_ptd    00000001400115c0 f   libvcruntimed:per_thread_data.obj
 0001:000105f0       ?GetCurrentState@__FrameHandler3@@SAHPEA_KPEAU_xDISPATCHER_CONTEXT@@PEBU_s_FuncInfo@@@Z 00000001400115f0 f   libvcruntimed:ehstate.obj
 0001:00010650       ?GetUnwindTryBlock@__FrameHandler3@@SAHPEA_KPEAU_xDISPATCHER_CONTEXT@@PEBU_s_FuncInfo@@@Z 0000000140011650 f   libvcruntimed:ehstate.obj
 0001:000106a0       ?SetState@__FrameHandler3@@SAXPEA_KPEBU_s_FuncInfo@@H@Z 00000001400116a0 f   libvcruntimed:ehstate.obj
 0001:000106d0       ?SetUnwindTryBlock@__FrameHandler3@@SAXPEA_KPEAU_xDISPATCHER_CONTEXT@@PEBU_s_FuncInfo@@H@Z 00000001400116d0 f   libvcruntimed:ehstate.obj
 0001:00010740       ?StateFromControlPc@__FrameHandler3@@SAHPEBU_s_FuncInfo@@PEAU_xDISPATCHER_CONTEXT@@@Z 0000000140011740 f   libvcruntimed:ehstate.obj
 0001:00010780       ?StateFromControlPc@__FrameHandler4@@SAHPEAUFuncInfo4@FH4@@PEAU_xDISPATCHER_CONTEXT@@@Z 0000000140011780 f   libvcruntimed:ehstate.obj
 0001:000107c0       ?StateFromIp@__FrameHandler3@@SAHPEBU_s_FuncInfo@@PEAU_xDISPATCHER_CONTEXT@@_K@Z 00000001400117c0 f   libvcruntimed:ehstate.obj
 0001:000108c0       ?StateFromIp@__FrameHandler4@@SAHPEAUFuncInfo4@FH4@@PEAU_xDISPATCHER_CONTEXT@@_K@Z 00000001400118c0 f   libvcruntimed:ehstate.obj
 0001:000109b0       ?__FuncRelToRealOffset@@YA_KPEAU_xDISPATCHER_CONTEXT@@I@Z 00000001400119b0 f i libvcruntimed:ehstate.obj
 0001:000109e0       ?__RVAtoRealOffset@@YA_KPEAU_xDISPATCHER_CONTEXT@@H@Z 00000001400119e0 f i libvcruntimed:ehstate.obj
 0001:00012c80       ??$TypeMatchHelper@V__FrameHandler3@@@@YAHPEBU_s_HandlerType@@PEBU_s_CatchableType@@PEBU_s_ThrowInfo@@@Z 0000000140013c80 f i libvcruntimed:frame.obj
 0001:00012e80       ??$TypeMatchHelper@V__FrameHandler4@@@@YAHPEAUHandlerType4@FH4@@PEBU_s_CatchableType@@PEBU_s_ThrowInfo@@@Z 0000000140013e80 f i libvcruntimed:frame.obj
 0001:00013090       ??$__InternalCxxFrameHandler@V__FrameHandler3@@@@YA?AW4_EXCEPTION_DISPOSITION@@PEAUEHExceptionRecord@@PEA_KPEAU_CONTEXT@@PEAU_xDISPATCHER_CONTEXT@@PEBU_s_FuncInfo@@H1E@Z 0000000140014090 f i libvcruntimed:frame.obj
 0001:00013510       ??$__InternalCxxFrameHandler@V__FrameHandler4@@@@YA?AW4_EXCEPTION_DISPOSITION@@PEAUEHExceptionRecord@@PEA_KPEAU_CONTEXT@@PEAU_xDISPATCHER_CONTEXT@@PEAUFuncInfo4@FH4@@H1E@Z 0000000140014510 f i libvcruntimed:frame.obj
 0001:000139b0       ??$__InternalCxxFrameHandlerWrapper@V__FrameHandler3@@@@YA?AW4_EXCEPTION_DISPOSITION@@PEAUEHExceptionRecord@@PEA_KPEAU_CONTEXT@@PEAU_xDISPATCHER_CONTEXT@@PEBU_s_FuncInfo@@H1E@Z 00000001400149b0 f i libvcruntimed:frame.obj
 0001:00013a20       ??$__InternalCxxFrameHandlerWrapper@V__FrameHandler4@@@@YA?AW4_EXCEPTION_DISPOSITION@@PEAUEHExceptionRecord@@PEA_KPEAU_CONTEXT@@PEAU_xDISPATCHER_CONTEXT@@PEAUFuncInfo4@FH4@@H1E@Z 0000000140014a20 f i libvcruntimed:frame.obj
 0001:00013ab0       ??0HandlerMap4@FH4@@QEAA@PEBUTryBlockMapEntry4@1@_KH@Z 0000000140014ab0 f i libvcruntimed:frame.obj
 0001:00013b90       ??0HandlerMap@__FrameHandler3@@QEAA@PEBU_s_TryBlockMapEntry@@_KI@Z 0000000140014b90 f i libvcruntimed:frame.obj
 0001:00013be0       ??0HandlerType4@FH4@@QEAA@XZ 0000000140014be0 f i libvcruntimed:frame.obj
 0001:00013c00       ??0TryBlockMap4@FH4@@QEAA@PEBUFuncInfo4@1@_K@Z 0000000140014c00 f i libvcruntimed:frame.obj
 0001:00013cc0       ??0TryBlockMap@__FrameHandler3@@QEAA@PEBU_s_FuncInfo@@_K@Z 0000000140014cc0 f i libvcruntimed:frame.obj
 0001:00013cc0       ??0iterator@UWMap4@FH4@@QEAA@AEAV12@PEAE@Z 0000000140014cc0 f i libvcruntimed:frame.obj
 0001:00013cf0       ??0UWMap4@FH4@@QEAA@PEBUFuncInfo4@1@_K@Z 0000000140014cf0 f i libvcruntimed:frame.obj
 0001:00013d80       ??0bad_exception@std@@QEAA@AEBV01@@Z 0000000140014d80 f i libvcruntimed:frame.obj
 0001:00013dc0       ??0bad_exception@std@@QEAA@XZ 0000000140014dc0 f i libvcruntimed:frame.obj
 0001:00013e00       ??0exception@std@@QEAA@AEBV01@@Z 0000000140014e00 f i libvcruntimed:frame.obj
 0001:00013e60       ??0exception@std@@QEAA@QEBDH@Z 0000000140014e60 f i libvcruntimed:frame.obj
 0001:00013eb0       ??1bad_exception@std@@UEAA@XZ 0000000140014eb0 f i libvcruntimed:frame.obj
 0001:00013ed0       ??1exception@std@@UEAA@XZ  0000000140014ed0 f i libvcruntimed:frame.obj
 0001:00013f00       ??4iterator@UWMap4@FH4@@QEAAAEAV012@AEBV012@@Z 0000000140014f00 f i libvcruntimed:frame.obj
 0001:00013f50       ??8iterator@HandlerMap4@FH4@@QEBA_NAEBV012@@Z 0000000140014f50 f i libvcruntimed:frame.obj
 0001:00013f50       ??8iterator@HandlerMap@__FrameHandler3@@QEBA_NAEBV012@@Z 0000000140014f50 f i libvcruntimed:frame.obj
 0001:00013f90       ??8type_info@@QEBA_NAEBV0@@Z 0000000140014f90 f i libvcruntimed:frame.obj
 0001:00014010       ??9iterator@HandlerMap4@FH4@@QEBA_NAEBV012@@Z 0000000140015010 f i libvcruntimed:frame.obj
 0001:00014010       ??9iterator@HandlerMap@__FrameHandler3@@QEBA_NAEBV012@@Z 0000000140015010 f i libvcruntimed:frame.obj
 0001:00014050       ??Diterator@HandlerMap4@FH4@@QEAA?AUHandlerType4@2@XZ 0000000140015050 f i libvcruntimed:frame.obj
 0001:00014080       ??Diterator@HandlerMap@__FrameHandler3@@QEAA?BU_s_HandlerType@@XZ 0000000140015080 f i libvcruntimed:frame.obj
 0001:000140c0       ??Diterator@TryBlockMap@__FrameHandler3@@QEAA?BU_s_TryBlockMapEntry@@XZ 00000001400150c0 f i libvcruntimed:frame.obj
 0001:00014110       ??Diterator@UWMap4@FH4@@QEAA?AUUnwindMapEntry4@2@XZ 0000000140015110 f i libvcruntimed:frame.obj
 0001:00014190       ??Eiterator@HandlerMap4@FH4@@QEAAAEAV012@XZ 0000000140015190 f i libvcruntimed:frame.obj
 0001:000141d0       ??Eiterator@HandlerMap@__FrameHandler3@@QEAAAEAV012@XZ 00000001400151d0 f i libvcruntimed:frame.obj
 0001:000141d0       ??Eiterator@TryBlockMap@__FrameHandler3@@QEAAAEAV012@XZ 00000001400151d0 f i libvcruntimed:frame.obj
 0001:000141f0       ??Eiterator@UWMap4@FH4@@QEAAAEAV012@XZ 00000001400151f0 f i libvcruntimed:frame.obj
 0001:00014230       ??Giterator@UWMap4@FH4@@QEBA_JAEBV012@@Z 0000000140015230 f i libvcruntimed:frame.obj
 0001:00014250       ??Miterator@TryBlockMap4@FH4@@QEBA_NAEBV012@@Z 0000000140015250 f i libvcruntimed:frame.obj
 0001:00014250       ??Miterator@TryBlockMap@__FrameHandler3@@QEBA_NAEBV012@@Z 0000000140015250 f i libvcruntimed:frame.obj
 0001:00014290       ??Oiterator@UWMap4@FH4@@QEBA_NAEBV012@@Z 0000000140015290 f i libvcruntimed:frame.obj
 0001:000142d0       ??Piterator@UWMap4@FH4@@QEBA_NAEBV012@@Z 00000001400152d0 f i libvcruntimed:frame.obj
 0001:00014310       ??_Ebad_exception@std@@UEAAPEAXI@Z 0000000140015310 f i libvcruntimed:frame.obj
 0001:00014310       ??_Gbad_exception@std@@UEAAPEAXI@Z 0000000140015310 f i libvcruntimed:frame.obj
 0001:00014350       ??_Eexception@std@@UEAAPEAXI@Z 0000000140015350 f i libvcruntimed:frame.obj
 0001:00014350       ??_Gexception@std@@UEAAPEAXI@Z 0000000140015350 f i libvcruntimed:frame.obj
 0001:00014390       ?BuildCatchObject@__FrameHandler3@@SAXPEAUEHExceptionRecord@@PEAXPEBU_s_HandlerType@@PEBU_s_CatchableType@@@Z 0000000140015390 f   libvcruntimed:frame.obj
 0001:000143d0       ?BuildCatchObject@__FrameHandler4@@SAXPEAUEHExceptionRecord@@PEAXPEAUHandlerType4@FH4@@PEBU_s_CatchableType@@@Z 00000001400153d0 f   libvcruntimed:frame.obj
 0001:00014410       ?CxxCallCatchBlock@__FrameHandler3@@SAPEAXPEAU_EXCEPTION_RECORD@@@Z 0000000140015410 f   libvcruntimed:frame.obj
 0001:00014670       ?CxxCallCatchBlock@__FrameHandler4@@SAPEAXPEAU_EXCEPTION_RECORD@@@Z 0000000140015670 f   libvcruntimed:frame.obj
 0001:000149a0       ?DecompHandler@HandlerMap4@FH4@@AEAAXXZ 00000001400159a0 f i libvcruntimed:frame.obj
 0001:00014d70       ?FrameUnwindToState@__FrameHandler3@@SAXPEA_KPEAU_xDISPATCHER_CONTEXT@@PEBU_s_FuncInfo@@H@Z 0000000140015d70 f   libvcruntimed:frame.obj
 0001:00014fc0       ?FrameUnwindToState@__FrameHandler4@@SAXPEA_KPEAU_xDISPATCHER_CONTEXT@@PEAUFuncInfo4@FH4@@H@Z 0000000140015fc0 f   libvcruntimed:frame.obj
 0001:000152e0       ?GetHandlerSearchState@__FrameHandler3@@SAHPEA_KPEAU_xDISPATCHER_CONTEXT@@PEBU_s_FuncInfo@@@Z 00000001400162e0 f i libvcruntimed:frame.obj
 0001:00015390       ?GetHandlerSearchState@__FrameHandler4@@SAHPEA_KPEAU_xDISPATCHER_CONTEXT@@PEAUFuncInfo4@FH4@@@Z 0000000140016390 f i libvcruntimed:frame.obj
 0001:00015420       ?GetMaxState@__FrameHandler3@@SAHPEAU_xDISPATCHER_CONTEXT@@PEBU_s_FuncInfo@@@Z 0000000140016420 f i libvcruntimed:frame.obj
 0001:00015440       ?GetMaxState@__FrameHandler4@@SAHPEAU_xDISPATCHER_CONTEXT@@PEAUFuncInfo4@FH4@@@Z 0000000140016440 f i libvcruntimed:frame.obj
 0001:00015670       ?ReadEntry@UWMap4@FH4@@AEAAXPEAPEAE@Z 0000000140016670 f i libvcruntimed:frame.obj
 0001:00015720       ?TypeMatch@__FrameHandler3@@SAHPEBU_s_HandlerType@@PEBU_s_CatchableType@@PEBU_s_ThrowInfo@@@Z 0000000140016720 f   libvcruntimed:frame.obj
 0001:00015720       __TypeMatch                0000000140016720 f   libvcruntimed:frame.obj
 0001:00015750       ?TypeMatch@__FrameHandler4@@SAHPEAUHandlerType4@FH4@@PEBU_s_CatchableType@@PEBU_s_ThrowInfo@@@Z 0000000140016750 f   libvcruntimed:frame.obj
 0001:00015780       ?WalkBack@UWMap4@FH4@@AEAAXPEAPEAE@Z 0000000140016780 f i libvcruntimed:frame.obj
 0001:000157d0       ?WalkBack@iterator@UWMap4@FH4@@QEAAXXZ 00000001400167d0 f i libvcruntimed:frame.obj
 0001:00015810       ?WalkForward@UWMap4@FH4@@AEAAXPEAPEAE@Z 0000000140016810 f i libvcruntimed:frame.obj
 0001:00015840       ?_CallMemberFunction1@@YAXQEAX00@Z 0000000140016840 f i libvcruntimed:frame.obj
 0001:00015880       ?_CallMemberFunction2@@YAXQEAX00H@Z 0000000140016880 f i libvcruntimed:frame.obj
 0001:00015910       ?begin@UWMap4@FH4@@QEAA?AViterator@12@XZ 0000000140016910 f i libvcruntimed:frame.obj
 0001:00015940       ?getESTypes@__FrameHandler3@@SAPEBU_s_ESTypeList@@PEBU_s_FuncInfo@@@Z 0000000140016940 f i libvcruntimed:frame.obj
 0001:00015980       ?getLastEntry@HandlerMap4@FH4@@QEAAPEAUHandlerType4@2@XZ 0000000140016980 f i libvcruntimed:frame.obj
 0001:000159c0       ?getLastEntry@HandlerMap@__FrameHandler3@@QEAAPEBU_s_HandlerType@@XZ 00000001400169c0 f i libvcruntimed:frame.obj
 0001:000159e0       ?getMagicNum@__FrameHandler3@@SAIPEBU_s_FuncInfo@@@Z 00000001400169e0 f i libvcruntimed:frame.obj
 0001:00015a00       ?getMagicNum@__FrameHandler4@@SAIPEAUFuncInfo4@FH4@@@Z 0000000140016a00 f i libvcruntimed:frame.obj
 0001:00015a10       ?getNumTryBlocks@TryBlockMap4@FH4@@QEAAIXZ 0000000140016a10 f i libvcruntimed:frame.obj
 0001:00015a10       ?unsafe_value@?$cached@H@__crt_cached_ptd_host@@QEAAHXZ 0000000140016a10 f i libucrtd:output.obj
 0001:00015a10       ?unsafe_value@?$cached@K@__crt_cached_ptd_host@@QEAAKXZ 0000000140016a10 f i libucrtd:output.obj
 0001:00015a20       ?getNumTryBlocks@TryBlockMap@__FrameHandler3@@QEAAIXZ 0000000140016a20 f i libvcruntimed:frame.obj
 0001:00015a40       ?getStartStop@UWMap4@FH4@@QEAAXHHAEAViterator@12@0@Z 0000000140016a40 f i libvcruntimed:frame.obj
 0001:00015b60       ?getStateFromIterators@UWMap4@FH4@@SAHAEBViterator@12@H0H0@Z 0000000140016b60 f i libvcruntimed:frame.obj
 0001:00015ca0       ?isEHs@__FrameHandler3@@SA_NPEBU_s_FuncInfo@@@Z 0000000140016ca0 f i libvcruntimed:frame.obj
 0001:00015ce0       ?isEHs@__FrameHandler4@@SA_NPEAUFuncInfo4@FH4@@@Z 0000000140016ce0 f i libvcruntimed:frame.obj
 0001:00015d00       ?isNoExcept@__FrameHandler3@@SA_NPEBU_s_FuncInfo@@@Z 0000000140016d00 f i libvcruntimed:frame.obj
 0001:00015d40       ?isNoExcept@__FrameHandler4@@SA_NPEAUFuncInfo4@FH4@@@Z 0000000140016d40 f i libvcruntimed:frame.obj
 0001:00015d60       ?reset@HandlerType4@FH4@@QEAAXXZ 0000000140016d60 f i libvcruntimed:frame.obj
 0001:00015dc0       ?resetBuffer@HandlerMap4@FH4@@QEAAXXZ 0000000140016dc0 f i libvcruntimed:frame.obj
 0001:00015de0       ?setBuffer@HandlerMap4@FH4@@QEAAXI@Z 0000000140016de0 f i libvcruntimed:frame.obj
 0001:00015e40       ?what@exception@std@@UEBAPEBDXZ 0000000140016e40 f i libvcruntimed:frame.obj
 0001:00015e80       __vcrt_EncodePointer       0000000140016e80 f i libvcruntimed:frame.obj
 0001:00015ed0       _NLG_Notify                0000000140016ed0 f   libvcruntimed:notify.obj
 0001:00015ef0       __NLG_Dispatch2            0000000140016ef0 f   libvcruntimed:notify.obj
 0001:00015f00       __NLG_Return2              0000000140016f00 f   libvcruntimed:notify.obj
 0001:00015f10       __except_validate_context_record 0000000140016f10 f   libvcruntimed:jbcxrval.obj
 0001:00015f70       __vcrt_initialize_locks    0000000140016f70 f   libvcruntimed:locks.obj
 0001:00015fe0       __vcrt_uninitialize_locks  0000000140016fe0 f   libvcruntimed:locks.obj
 0001:00016040       _vsprintf_s_l              0000000140017040 f i libvcruntimed:undname.obj
 0001:000160b0       sprintf_s                  00000001400170b0 f i libvcruntimed:undname.obj
 0001:00016110       ??$__crt_interlocked_exchange_pointer@UHINSTANCE__@@PEAU1@@@YAPEAUHINSTANCE__@@PEDSEAU0@QEAU0@@Z 0000000140017110 f i libvcruntimed:winapi_downlevel.obj
 0001:00016110       ??$__crt_interlocked_exchange_pointer@UHINSTANCE__@@PEAX@@YAPEAUHINSTANCE__@@PEDSEAU0@QEAX@Z 0000000140017110 f i libvcruntimed:winapi_downlevel.obj
 0001:00016110       ??$__crt_interlocked_exchange_pointer@XPEAX@@YAPEAXPEDSEAXQEAX@Z 0000000140017110 f i libvcruntimed:winapi_downlevel.obj
 0001:00016130       ??$__crt_interlocked_read_pointer@UHINSTANCE__@@@@YAPEAUHINSTANCE__@@PEDSEAU0@@Z 0000000140017130 f i libvcruntimed:winapi_downlevel.obj
 0001:00016130       ??$__crt_interlocked_read_pointer@X@@YAPEAXPEDSEAX@Z 0000000140017130 f i libvcruntimed:winapi_downlevel.obj
 0001:00016150       ?get_invalid_value@__crt_findfile_traits@@SAPEAXXZ 0000000140017150 f   libucrtd:argv_wildcards.obj
 0001:00016640       __vcrt_FlsAlloc            0000000140017640 f   libvcruntimed:winapi_downlevel.obj
 0001:00016690       __vcrt_FlsFree             0000000140017690 f   libvcruntimed:winapi_downlevel.obj
 0001:000166e0       __vcrt_FlsGetValue         00000001400176e0 f   libvcruntimed:winapi_downlevel.obj
 0001:00016730       __vcrt_FlsSetValue         0000000140017730 f   libvcruntimed:winapi_downlevel.obj
 0001:00016790       __vcrt_InitializeCriticalSectionEx 0000000140017790 f   libvcruntimed:winapi_downlevel.obj
 0001:00016840       _CallSettingFrame          0000000140017840 f   libvcruntimed:handlers.obj
 0001:00016880       _CallSettingFrame_LookupContinuationIndex 0000000140017880 f   libvcruntimed:handlers.obj
 0001:000168b0       _CallSettingFrame_NotifyContinuationAddr 00000001400178b0 f   libvcruntimed:handlers.obj
 0001:000168e0       _CallSettingFrameEncoded   00000001400178e0 f   libvcruntimed:handlers.obj
 0001:00016930       ??$?RD@__crt_public_free_policy@@QEBAXQEBD@Z 0000000140017930 f i libvcruntimed:std_exception.obj
 0001:00016950       ??1?$__crt_unique_heap_ptr@DU__crt_public_free_policy@@@@QEAA@XZ 0000000140017950 f i libvcruntimed:std_exception.obj
 0001:00016970       ?release@?$__crt_unique_heap_ptr@DU__crt_public_free_policy@@@@QEAAXXZ 0000000140017970 f i libvcruntimed:std_exception.obj
 0001:000169a0       __std_exception_copy       00000001400179a0 f   libvcruntimed:std_exception.obj
 0001:00016ae0       __std_exception_destroy    0000000140017ae0 f   libvcruntimed:std_exception.obj
 0001:00016b20       _CxxThrowException         0000000140017b20 f   libvcruntimed:throw.obj
 0001:00016c60       ??$?0AEBV?$string_output_adapter@D@__crt_stdio_output@@AEB_KAEBQEBDAEAV__crt_cached_ptd_host@@AEBQEAD@?$format_validation_base@DV?$string_output_adapter@D@__crt_stdio_output@@@__crt_stdio_output@@IEAA@AEBV?$string_output_adapter@D@1@AEB_KAEBQEBDAEAV__crt_cached_ptd_host@@AEBQEAD@Z 0000000140017c60 f i libucrtd:output.obj
 0001:00016cb0       ??$?0AEBV?$string_output_adapter@D@__crt_stdio_output@@AEB_KAEBQEBDAEAV__crt_cached_ptd_host@@AEBQEAD@?$standard_base@DV?$string_output_adapter@D@__crt_stdio_output@@@__crt_stdio_output@@IEAA@AEBV?$string_output_adapter@D@1@AEB_KAEBQEBDAEAV__crt_cached_ptd_host@@AEBQEAD@Z 0000000140017cb0 f i libucrtd:output.obj
 0001:00016d20       ??$?0AEBV?$string_output_adapter@_W@__crt_stdio_output@@AEB_KAEBQEB_WAEAV__crt_cached_ptd_host@@AEBQEAD@?$format_validation_base@_WV?$string_output_adapter@_W@__crt_stdio_output@@@__crt_stdio_output@@IEAA@AEBV?$string_output_adapter@_W@1@AEB_KAEBQEB_WAEAV__crt_cached_ptd_host@@AEBQEAD@Z 0000000140017d20 f i libucrtd:output.obj
 0001:00016d70       ??$?0AEBV?$string_output_adapter@_W@__crt_stdio_output@@AEB_KAEBQEB_WAEAV__crt_cached_ptd_host@@AEBQEAD@?$standard_base@_WV?$string_output_adapter@_W@__crt_stdio_output@@@__crt_stdio_output@@IEAA@AEBV?$string_output_adapter@_W@1@AEB_KAEBQEB_WAEAV__crt_cached_ptd_host@@AEBQEAD@Z 0000000140017d70 f i libucrtd:output.obj
 0001:00016de0       ??$__crt_interlocked_read@J@@YAJPEDJ@Z 0000000140017de0 f i libucrtd:output.obj
 0001:00016e00       ??$_tcstol_internal@DPEAPEAD$0A@@@YAJAEAV__crt_cached_ptd_host@@QEBDQEAPEADH@Z 0000000140017e00 f i libucrtd:output.obj
 0001:00016e50       ??$_tcstol_internal@_WPEAPEA_W$0A@@@YAJAEAV__crt_cached_ptd_host@@QEB_WQEAPEA_WH@Z 0000000140017e50 f i libucrtd:output.obj
 0001:00018ee0       ??$count@D@formatting_buffer@__crt_stdio_output@@QEBA_KXZ 0000000140019ee0 f i libucrtd:output.obj
 0001:00018f30       ??$count@_W@formatting_buffer@__crt_stdio_output@@QEBA_KXZ 0000000140019f30 f i libucrtd:output.obj
 0001:00018f80       ??$data@D@formatting_buffer@__crt_stdio_output@@QEAAPEADXZ 0000000140019f80 f i libucrtd:output.obj
 0001:00018f80       ??$data@_W@formatting_buffer@__crt_stdio_output@@QEAAPEA_WXZ 0000000140019f80 f i libucrtd:output.obj
 0001:00018fd0       ??$ensure_buffer_is_big_enough@D@formatting_buffer@__crt_stdio_output@@QEAA_N_KAEAV__crt_cached_ptd_host@@@Z 0000000140019fd0 f i libucrtd:output.obj
 0001:00019110       ??$ensure_buffer_is_big_enough@_W@formatting_buffer@__crt_stdio_output@@QEAA_N_KAEAV__crt_cached_ptd_host@@@Z 000000014001a110 f i libucrtd:output.obj
 0001:00019250       ??$extract_argument_from_va_list@C_J@?$standard_base@DV?$string_output_adapter@D@__crt_stdio_output@@@__crt_stdio_output@@IEAA_NAEA_J@Z 000000014001a250 f i libucrtd:output.obj
 0001:00019250       ??$extract_argument_from_va_list@C_J@?$standard_base@_WV?$string_output_adapter@_W@__crt_stdio_output@@@__crt_stdio_output@@IEAA_NAEA_J@Z 000000014001a250 f i libucrtd:output.obj
 0001:00019290       ??$extract_argument_from_va_list@E_J@?$standard_base@DV?$string_output_adapter@D@__crt_stdio_output@@@__crt_stdio_output@@IEAA_NAEA_J@Z 000000014001a290 f i libucrtd:output.obj
 0001:00019290       ??$extract_argument_from_va_list@E_J@?$standard_base@_WV?$string_output_adapter@_W@__crt_stdio_output@@@__crt_stdio_output@@IEAA_NAEA_J@Z 000000014001a290 f i libucrtd:output.obj
 0001:000192d0       ??$extract_argument_from_va_list@F_J@?$standard_base@DV?$string_output_adapter@D@__crt_stdio_output@@@__crt_stdio_output@@IEAA_NAEA_J@Z 000000014001a2d0 f i libucrtd:output.obj
 0001:000192d0       ??$extract_argument_from_va_list@F_J@?$standard_base@_WV?$string_output_adapter@_W@__crt_stdio_output@@@__crt_stdio_output@@IEAA_NAEA_J@Z 000000014001a2d0 f i libucrtd:output.obj
 0001:00019310       ??$extract_argument_from_va_list@GD@?$standard_base@DV?$string_output_adapter@D@__crt_stdio_output@@@__crt_stdio_output@@IEAA_NAEAD@Z 000000014001a310 f i libucrtd:output.obj
 0001:00019340       ??$extract_argument_from_va_list@G_J@?$standard_base@DV?$string_output_adapter@D@__crt_stdio_output@@@__crt_stdio_output@@IEAA_NAEA_J@Z 000000014001a340 f i libucrtd:output.obj
 0001:00019340       ??$extract_argument_from_va_list@G_J@?$standard_base@_WV?$string_output_adapter@_W@__crt_stdio_output@@@__crt_stdio_output@@IEAA_NAEA_J@Z 000000014001a340 f i libucrtd:output.obj
 0001:00019380       ??$extract_argument_from_va_list@H_J@?$standard_base@DV?$string_output_adapter@D@__crt_stdio_output@@@__crt_stdio_output@@IEAA_NAEA_J@Z 000000014001a380 f i libucrtd:output.obj
 0001:00019380       ??$extract_argument_from_va_list@H_J@?$standard_base@_WV?$string_output_adapter@_W@__crt_stdio_output@@@__crt_stdio_output@@IEAA_NAEA_J@Z 000000014001a380 f i libucrtd:output.obj
 0001:000193b0       ??$extract_argument_from_va_list@I_J@?$standard_base@DV?$string_output_adapter@D@__crt_stdio_output@@@__crt_stdio_output@@IEAA_NAEA_J@Z 000000014001a3b0 f i libucrtd:output.obj
 0001:000193b0       ??$extract_argument_from_va_list@I_J@?$standard_base@_WV?$string_output_adapter@_W@__crt_stdio_output@@@__crt_stdio_output@@IEAA_NAEA_J@Z 000000014001a3b0 f i libucrtd:output.obj
 0001:000193e0       ??$extract_argument_from_va_list@PEADPEAD@?$standard_base@DV?$string_output_adapter@D@__crt_stdio_output@@@__crt_stdio_output@@IEAA_NAEAPEAD@Z 000000014001a3e0 f i libucrtd:output.obj
 0001:000193e0       ??$extract_argument_from_va_list@PEADPEAD@?$standard_base@_WV?$string_output_adapter@_W@__crt_stdio_output@@@__crt_stdio_output@@IEAA_NAEAPEAD@Z 000000014001a3e0 f i libucrtd:output.obj
 0001:000193e0       ??$extract_argument_from_va_list@PEAUansi_string@?1??type_case_Z@?$output_processor@DV?$string_output_adapter@D@__crt_stdio_output@@V?$format_validation_base@DV?$string_output_adapter@D@__crt_stdio_output@@@2@@__crt_stdio_output@@AEAA_NXZ@PEAU1?1??234@AEAA_NXZ@@?$standard_base@DV?$string_output_adapter@D@__crt_stdio_output@@@__crt_stdio_output@@IEAA_NAEAPEAUansi_string@?1??type_case_Z@?$output_processor@DV?$string_output_adapter@D@__crt_stdio_output@@V?$format_validation_base@DV?$string_output_adapter@D@__crt_stdio_output@@@2@@1@AEAA_NXZ@@Z 000000014001a3e0 f i libucrtd:output.obj
 0001:000193e0       ??$extract_argument_from_va_list@PEAUansi_string@?1??type_case_Z@?$output_processor@DV?$string_output_adapter@D@__crt_stdio_output@@V?$standard_base@DV?$string_output_adapter@D@__crt_stdio_output@@@2@@__crt_stdio_output@@AEAA_NXZ@PEAU1?1??234@AEAA_NXZ@@?$standard_base@DV?$string_output_adapter@D@__crt_stdio_output@@@__crt_stdio_output@@IEAA_NAEAPEAUansi_string@?1??type_case_Z@?$output_processor@DV?$string_output_adapter@D@__crt_stdio_output@@V?$standard_base@DV?$string_output_adapter@D@__crt_stdio_output@@@2@@1@AEAA_NXZ@@Z 000000014001a3e0 f i libucrtd:output.obj
 0001:000193e0       ??$extract_argument_from_va_list@PEAUansi_string@?1??type_case_Z@?$output_processor@_WV?$string_output_adapter@_W@__crt_stdio_output@@V?$format_validation_base@_WV?$string_output_adapter@_W@__crt_stdio_output@@@2@@__crt_stdio_output@@AEAA_NXZ@PEAU1?1??234@AEAA_NXZ@@?$standard_base@_WV?$string_output_adapter@_W@__crt_stdio_output@@@__crt_stdio_output@@IEAA_NAEAPEAUansi_string@?1??type_case_Z@?$output_processor@_WV?$string_output_adapter@_W@__crt_stdio_output@@V?$format_validation_base@_WV?$string_output_adapter@_W@__crt_stdio_output@@@2@@1@AEAA_NXZ@@Z 000000014001a3e0 f i libucrtd:output.obj
 0001:000193e0       ??$extract_argument_from_va_list@PEAXPEAX@?$standard_base@DV?$string_output_adapter@D@__crt_stdio_output@@@__crt_stdio_output@@IEAA_NAEAPEAX@Z 000000014001a3e0 f i libucrtd:output.obj
 0001:000193e0       ??$extract_argument_from_va_list@PEAXPEAX@?$standard_base@_WV?$string_output_adapter@_W@__crt_stdio_output@@@__crt_stdio_output@@IEAA_NAEAPEAX@Z 000000014001a3e0 f i libucrtd:output.obj
 0001:000193e0       ??$extract_argument_from_va_list@_J_J@?$standard_base@DV?$string_output_adapter@D@__crt_stdio_output@@@__crt_stdio_output@@IEAA_NAEA_J@Z 000000014001a3e0 f i libucrtd:output.obj
 0001:000193e0       ??$extract_argument_from_va_list@_J_J@?$standard_base@_WV?$string_output_adapter@_W@__crt_stdio_output@@@__crt_stdio_output@@IEAA_NAEA_J@Z 000000014001a3e0 f i libucrtd:output.obj
 0001:000193e0       ??$extract_argument_from_va_list@_K_J@?$standard_base@DV?$string_output_adapter@D@__crt_stdio_output@@@__crt_stdio_output@@IEAA_NAEA_J@Z 000000014001a3e0 f i libucrtd:output.obj
 0001:000193e0       ??$extract_argument_from_va_list@_K_J@?$standard_base@_WV?$string_output_adapter@_W@__crt_stdio_output@@@__crt_stdio_output@@IEAA_NAEA_J@Z 000000014001a3e0 f i libucrtd:output.obj
 0001:00019410       ??$extract_argument_from_va_list@U_CRT_DOUBLE@@U1@@?$standard_base@DV?$string_output_adapter@D@__crt_stdio_output@@@__crt_stdio_output@@IEAA_NAEAU_CRT_DOUBLE@@@Z 000000014001a410 f i libucrtd:output.obj
 0001:00019410       ??$extract_argument_from_va_list@U_CRT_DOUBLE@@U1@@?$standard_base@_WV?$string_output_adapter@_W@__crt_stdio_output@@@__crt_stdio_output@@IEAA_NAEAU_CRT_DOUBLE@@@Z 000000014001a410 f i libucrtd:output.obj
 0001:00019460       ??$extract_argument_from_va_list@_W_W@?$standard_base@DV?$string_output_adapter@D@__crt_stdio_output@@@__crt_stdio_output@@IEAA_NAEA_W@Z 000000014001a460 f i libucrtd:output.obj
 0001:00019460       ??$extract_argument_from_va_list@_W_W@?$standard_base@_WV?$string_output_adapter@_W@__crt_stdio_output@@@__crt_stdio_output@@IEAA_NAEA_W@Z 000000014001a460 f i libucrtd:output.obj
 0001:00019490       ??$is_overflow_condition@K@__crt_strtox@@YA_NIK@Z 000000014001a490 f i libucrtd:output.obj
 0001:00019500       ??$is_wide_character_specifier@D@__crt_stdio_output@@YA_N_KDW4length_modifier@0@@Z 000000014001a500 f i libucrtd:output.obj
 0001:000195a0       ??$is_wide_character_specifier@_W@__crt_stdio_output@@YA_N_K_WW4length_modifier@0@@Z 000000014001a5a0 f i libucrtd:output.obj
 0001:00019670       ??$make_c_string_character_source@DPEAPEAD@__crt_strtox@@YA?AV?$c_string_character_source@D@0@QEBDQEAPEAD@Z 000000014001a670 f i libucrtd:output.obj
 0001:00019670       ??$make_c_string_character_source@_WPEAPEA_W@__crt_strtox@@YA?AV?$c_string_character_source@_W@0@QEB_WQEAPEA_W@Z 000000014001a670 f i libucrtd:output.obj
 0001:000196b0       ??$parse_integer@KV?$c_string_character_source@D@__crt_strtox@@$0A@@__crt_strtox@@YAKAEAV__crt_cached_ptd_host@@V?$c_string_character_source@D@0@H_N@Z 000000014001a6b0 f i libucrtd:output.obj
 0001:00019b30       ??$parse_integer@KV?$c_string_character_source@_W@__crt_strtox@@$0A@@__crt_strtox@@YAKAEAV__crt_cached_ptd_host@@V?$c_string_character_source@_W@0@H_N@Z 000000014001ab30 f i libucrtd:output.obj
 0001:00019fb0       ??$read_va_arg@C@__crt_stdio_output@@YACAEAPEAD@Z 000000014001afb0 f i libucrtd:output.obj
 0001:00019fb0       ??$read_va_arg@E@__crt_stdio_output@@YAEAEAPEAD@Z 000000014001afb0 f i libucrtd:output.obj
 0001:0001a020       ??$read_va_arg@F@__crt_stdio_output@@YAFAEAPEAD@Z 000000014001b020 f i libucrtd:output.obj
 0001:0001a020       ??$read_va_arg@G@__crt_stdio_output@@YAGAEAPEAD@Z 000000014001b020 f i libucrtd:output.obj
 0001:0001a020       ??$read_va_arg@_W@__crt_stdio_output@@YA_WAEAPEAD@Z 000000014001b020 f i libucrtd:output.obj
 0001:0001a090       ??$read_va_arg@H@__crt_stdio_output@@YAHAEAPEAD@Z 000000014001b090 f i libucrtd:output.obj
 0001:0001a090       ??$read_va_arg@I@__crt_stdio_output@@YAIAEAPEAD@Z 000000014001b090 f i libucrtd:output.obj
 0001:0001a0f0       ??$read_va_arg@PEAD@__crt_stdio_output@@YAPEADAEAPEAD@Z 000000014001b0f0 f i libucrtd:output.obj
 0001:0001a0f0       ??$read_va_arg@PEAUansi_string@?1??type_case_Z@?$output_processor@DV?$string_output_adapter@D@__crt_stdio_output@@V?$format_validation_base@DV?$string_output_adapter@D@__crt_stdio_output@@@2@@__crt_stdio_output@@AEAA_NXZ@@__crt_stdio_output@@YAPEAUansi_string@?1??type_case_Z@?$output_processor@DV?$string_output_adapter@D@__crt_stdio_output@@V?$format_validation_base@DV?$string_output_adapter@D@__crt_stdio_output@@@2@@0@AEAA_NXZ@AEAPEAD@Z 000000014001b0f0 f i libucrtd:output.obj
 0001:0001a0f0       ??$read_va_arg@PEAUansi_string@?1??type_case_Z@?$output_processor@DV?$string_output_adapter@D@__crt_stdio_output@@V?$standard_base@DV?$string_output_adapter@D@__crt_stdio_output@@@2@@__crt_stdio_output@@AEAA_NXZ@@__crt_stdio_output@@YAPEAUansi_string@?1??type_case_Z@?$output_processor@DV?$string_output_adapter@D@__crt_stdio_output@@V?$standard_base@DV?$string_output_adapter@D@__crt_stdio_output@@@2@@0@AEAA_NXZ@AEAPEAD@Z 000000014001b0f0 f i libucrtd:output.obj
 0001:0001a0f0       ??$read_va_arg@PEAUansi_string@?1??type_case_Z@?$output_processor@_WV?$string_output_adapter@_W@__crt_stdio_output@@V?$format_validation_base@_WV?$string_output_adapter@_W@__crt_stdio_output@@@2@@__crt_stdio_output@@AEAA_NXZ@@__crt_stdio_output@@YAPEAUansi_string@?1??type_case_Z@?$output_processor@_WV?$string_output_adapter@_W@__crt_stdio_output@@V?$format_validation_base@_WV?$string_output_adapter@_W@__crt_stdio_output@@@2@@0@AEAA_NXZ@AEAPEAD@Z 000000014001b0f0 f i libucrtd:output.obj
 0001:0001a0f0       ??$read_va_arg@PEAX@__crt_stdio_output@@YAPEAXAEAPEAD@Z 000000014001b0f0 f i libucrtd:output.obj
 0001:0001a0f0       ??$read_va_arg@U_CRT_DOUBLE@@@__crt_stdio_output@@YA?AU_CRT_DOUBLE@@AEAPEAD@Z 000000014001b0f0 f i libucrtd:output.obj
 0001:0001a0f0       ??$read_va_arg@_J@__crt_stdio_output@@YA_JAEAPEAD@Z 000000014001b0f0 f i libucrtd:output.obj
 0001:0001a0f0       ??$read_va_arg@_K@__crt_stdio_output@@YA_KAEAPEAD@Z 000000014001b0f0 f i libucrtd:output.obj
 0001:0001a160       ??$scratch_count@D@formatting_buffer@__crt_stdio_output@@QEBA_KXZ 000000014001b160 f i libucrtd:output.obj
 0001:0001a180       ??$scratch_data@D@formatting_buffer@__crt_stdio_output@@QEAAPEADXZ 000000014001b180 f i libucrtd:output.obj
 0001:0001a1f0       ??$type_case_integer@$07@?$output_processor@DV?$string_output_adapter@D@__crt_stdio_output@@V?$format_validation_base@DV?$string_output_adapter@D@__crt_stdio_output@@@2@@__crt_stdio_output@@AEAA_N_N@Z 000000014001b1f0 f i libucrtd:output.obj
 0001:0001a670       ??$type_case_integer@$07@?$output_processor@DV?$string_output_adapter@D@__crt_stdio_output@@V?$standard_base@DV?$string_output_adapter@D@__crt_stdio_output@@@2@@__crt_stdio_output@@AEAA_N_N@Z 000000014001b670 f i libucrtd:output.obj
 0001:0001aaf0       ??$type_case_integer@$07@?$output_processor@_WV?$string_output_adapter@_W@__crt_stdio_output@@V?$format_validation_base@_WV?$string_output_adapter@_W@__crt_stdio_output@@@2@@__crt_stdio_output@@AEAA_N_N@Z 000000014001baf0 f i libucrtd:output.obj
 0001:0001af70       ??$type_case_integer@$09@?$output_processor@DV?$string_output_adapter@D@__crt_stdio_output@@V?$format_validation_base@DV?$string_output_adapter@D@__crt_stdio_output@@@2@@__crt_stdio_output@@AEAA_N_N@Z 000000014001bf70 f i libucrtd:output.obj
 0001:0001b3f0       ??$type_case_integer@$09@?$output_processor@DV?$string_output_adapter@D@__crt_stdio_output@@V?$standard_base@DV?$string_output_adapter@D@__crt_stdio_output@@@2@@__crt_stdio_output@@AEAA_N_N@Z 000000014001c3f0 f i libucrtd:output.obj
 0001:0001b870       ??$type_case_integer@$09@?$output_processor@_WV?$string_output_adapter@_W@__crt_stdio_output@@V?$format_validation_base@_WV?$string_output_adapter@_W@__crt_stdio_output@@@2@@__crt_stdio_output@@AEAA_N_N@Z 000000014001c870 f i libucrtd:output.obj
 0001:0001bcf0       ??$type_case_integer@$0BA@@?$output_processor@DV?$string_output_adapter@D@__crt_stdio_output@@V?$format_validation_base@DV?$string_output_adapter@D@__crt_stdio_output@@@2@@__crt_stdio_output@@AEAA_N_N@Z 000000014001ccf0 f i libucrtd:output.obj
 0001:0001c170       ??$type_case_integer@$0BA@@?$output_processor@DV?$string_output_adapter@D@__crt_stdio_output@@V?$standard_base@DV?$string_output_adapter@D@__crt_stdio_output@@@2@@__crt_stdio_output@@AEAA_N_N@Z 000000014001d170 f i libucrtd:output.obj
[...]
 0002:00013f80       $unwind$__acrt_MultiByteToWideChar 0000000140065f80     libucrtd:multibytetowidechar.obj
 0002:00013f88       $unwind$__acrt_WideCharToMultiByte 0000000140065f88     libucrtd:widechartomultibyte.obj
 0002:00013f90       $unwind$__dcrt_get_narrow_environment_from_os 0000000140065f90     libucrtd:get_environment_from_os.obj
 0002:00013f98       $unwind$__acrt_lowio_ensure_fh_exists 0000000140065f98     libucrtd:osfinfo.obj
 0002:00013fb8       $unwind$_isctype_l         0000000140065fb8     libucrtd:isctype.obj
 0002:00013fcc       $unwind$_chvalidator_l     0000000140065fcc     libucrtd:isctype.obj
 0002:00013fd4       $unwind$__acrt_GetStringTypeA 0000000140065fd4     libucrtd:getstringtypea.obj
 0002:00013fdc       $unwind$__acrt_update_thread_locale_data 0000000140065fdc     libucrtd:locale_refcounting.obj
 0002:00013ffc       $unwind$??$common_xtox_s@KD@@YAHKQEAD_KI_N@Z 0000000140065ffc     libucrtd:xtoa.obj
 0002:00013ffc       $unwind$??$common_xtox_s@K_W@@YAHKQEA_W_KI_N@Z 0000000140065ffc     libucrtd:xtoa.obj
 0002:00013ffc       $unwind$__acrt_LCMapStringEx 0000000140065ffc     libucrtd:winapi_thunks.obj
 0002:00014004       $unwind$__acrt_is_interactive 0000000140066004     libucrtd:winapi_thunks.obj
 0002:00014014       $unwind$_query_new_handler 0000000140066014     libucrtd:new_handler.obj
 0002:00014034       $unwind$raise              0000000140066034     libucrtd:signal.obj
 0002:00014054       $unwind$??$__acrt_lock_and_call@V<lambda_44731a7d0e6d81c3e6aa82d741081786>@@@@YAP6AXH@ZW4__acrt_lock_id@@$$QEAV<lambda_44731a7d0e6d81c3e6aa82d741081786>@@@Z 0000000140066054     libucrtd:signal.obj
 0002:00014068       $ip2state$??$__acrt_lock_and_call@V<lambda_44731a7d0e6d81c3e6aa82d741081786>@@@@YAP6AXH@ZW4__acrt_lock_id@@$$QEAV<lambda_44731a7d0e6d81c3e6aa82d741081786>@@@Z 0000000140066068     libucrtd:signal.obj
 0002:00014070       $unwind$??$?RV<lambda_450d765d439847d4c735a33c368b5fc0>@@AEAV<lambda_44731a7d0e6d81c3e6aa82d741081786>@@V<lambda_601a2a7da3b7a96e9554ac7215c4b07c>@@@?$__crt_seh_guarded_call@P6AXH@Z@@QEAAP6AXH@Z$$QEAV<lambda_450d765d439847d4c735a33c368b5fc0>@@AEAV<lambda_44731a7d0e6d81c3e6aa82d741081786>@@$$QEAV<lambda_601a2a7da3b7a96e9554ac7215c4b07c>@@@Z 0000000140066070     libucrtd:signal.obj
 0002:00014090       $unwind$_VCrtDbgReportA    0000000140066090     libucrtd:dbgrptt.obj
 0002:000140c8       $unwind$_VCrtDbgReportW    00000001400660c8     libucrtd:dbgrptt.obj
 0002:00014100       $unwind$__acrt_fltout      0000000140066100     libucrtd:cfout.obj
 0002:00014108       $unwind$?make_big_integer@__crt_strtox@@YA?AUbig_integer@1@_K@Z 0000000140066108     libucrtd:cfout.obj
 0002:00014118       $unwind$?make_big_integer_power_of_two@__crt_strtox@@YA?AUbig_integer@1@I@Z 0000000140066118     libucrtd:cfout.obj
 0002:00014128       $unwind$?shift_left@__crt_strtox@@YA_NAEAUbig_integer@1@I@Z 0000000140066128     libucrtd:cfout.obj
 0002:00014138       $unwind$?add_multiply_carry@__crt_strtox@@YAIAEAIIII@Z 0000000140066138     libucrtd:cfout.obj
 0002:00014140       $unwind$?multiply@__crt_strtox@@YA_NAEAUbig_integer@1@I@Z 0000000140066140     libucrtd:cfout.obj
 0002:00014150       $unwind$?multiply@__crt_strtox@@YA_NAEAUbig_integer@1@AEBU21@@Z 0000000140066150     libucrtd:cfout.obj
 0002:00014160       $unwind$?multiply_by_power_of_ten@__crt_strtox@@YA_NAEAUbig_integer@1@I@Z 0000000140066160     libucrtd:cfout.obj
 0002:00014170       $unwind$?divide@__crt_strtox@@YA_KAEAUbig_integer@1@AEBU21@@Z 0000000140066170     libucrtd:cfout.obj
 0002:00014180       $unwind$??$convert_to_fos_high_precision@N@@YA?AW4__acrt_has_trailing_digits@@NIW4__acrt_precision_style@@QEAHQEAD_K@Z 0000000140066180     libucrtd:cfout.obj
 0002:00014190       $unwind$?__c32rtomb_utf8@__crt_mbstring@@YA_KPEAD_UPEAU_Mbstatet@@AEAV__crt_cached_ptd_host@@@Z 0000000140066190     libucrtd:c32rtomb.obj
 0002:00014198       $unwind$_fcloseall         0000000140066198     libucrtd:closeall.obj
 0002:000141b8       $unwind$?common_flush_all@@YAH_N@Z 00000001400661b8     libucrtd:fflush.obj
 0002:000141c8       $ip2state$?common_flush_all@@YAH_N@Z 00000001400661c8     libucrtd:fflush.obj
 0002:000141d0       $unwind$??$__acrt_lock_stream_and_call@V<lambda_c5860995281e5c4ce005b3de8f5874ee>@@@@YAXQEAU_iobuf@@$$QEAV<lambda_c5860995281e5c4ce005b3de8f5874ee>@@@Z 00000001400661d0     libucrtd:fflush.obj
 0002:000141e0       $ip2state$??$__acrt_lock_stream_and_call@V<lambda_c5860995281e5c4ce005b3de8f5874ee>@@@@YAXQEAU_iobuf@@$$QEAV<lambda_c5860995281e5c4ce005b3de8f5874ee>@@@Z 00000001400661e0     libucrtd:fflush.obj
 0002:000141e8       $unwind$??$__acrt_lock_and_call@V<lambda_ab61a845afdef5b7c387490eaf3616ee>@@@@YAXW4__acrt_lock_id@@$$QEAV<lambda_ab61a845afdef5b7c387490eaf3616ee>@@@Z 00000001400661e8     libucrtd:fflush.obj
 0002:000141f8       $ip2state$??$__acrt_lock_and_call@V<lambda_ab61a845afdef5b7c387490eaf3616ee>@@@@YAXW4__acrt_lock_id@@$$QEAV<lambda_ab61a845afdef5b7c387490eaf3616ee>@@@Z 00000001400661f8     libucrtd:fflush.obj
 0002:00014200       $unwind$??$?RV<lambda_842d9ff0dc9ef11c61343bbaebe7f885>@@AEAV<lambda_c5860995281e5c4ce005b3de8f5874ee>@@V<lambda_d90129c13df834fdcbf8d2b88dafcf2d>@@@?$__crt_seh_guarded_call@X@@QEAAX$$QEAV<lambda_842d9ff0dc9ef11c61343bbaebe7f885>@@AEAV<lambda_c5860995281e5c4ce005b3de8f5874ee>@@$$QEAV<lambda_d90129c13df834fdcbf8d2b88dafcf2d>@@@Z 0000000140066200     libucrtd:fflush.obj
 0002:00014220       $unwind$??$?RV<lambda_886d6c58226a84441f68b9f2b8217b83>@@AEAV<lambda_ab61a845afdef5b7c387490eaf3616ee>@@V<lambda_f7f22ab5edc0698d5f6905b0d3f44752>@@@?$__crt_seh_guarded_call@X@@QEAAX$$QEAV<lambda_886d6c58226a84441f68b9f2b8217b83>@@AEAV<lambda_ab61a845afdef5b7c387490eaf3616ee>@@$$QEAV<lambda_f7f22ab5edc0698d5f6905b0d3f44752>@@@Z 0000000140066220     libucrtd:fflush.obj
 0002:00014240       $xdatasym                  0000000140066240     libucrtd:fpsr.obj
 0002:00014248       $unwind$__acrt_OutputDebugStringA 0000000140066248     libucrtd:outputdebugstringa.obj
 0002:0001425c       $unwind$qsort              000000014006625c     libucrtd:qsort.obj
 0002:0001426c       $unwind$?shortsort@@YAXPEAD0_KP6AHPEBX2@Z@Z 000000014006626c     libucrtd:qsort.obj
 0002:0001427c       $stateUnwindMap$?shortsort@@YAXPEAD0_KP6AHPEBX2@Z@Z 000000014006627c     libucrtd:qsort.obj
 0002:00014288       $ip2state$?shortsort@@YAXPEAD0_KP6AHPEBX2@Z@Z 0000000140066288     libucrtd:qsort.obj
 0002:000142a0       $unwind$strpbrk            00000001400662a0     libucrtd:strpbrk.obj
 0002:000142a8       $unwind$fallbackMethod     00000001400662a8     libucrtd:strpbrk.obj
 0002:000142b8       $unwind$_mbsdec_l          00000001400662b8     libucrtd:mbsdec.obj
 0002:000142c0       $unwind$?__acrt_LCMapStringA_stat@@YAHPEAU__crt_locale_pointers@@PEB_WKPEBDHPEADHHH@Z 00000001400662c0     libucrtd:lcmapstringa.obj
 0002:000142c8       $unwind$?_mbstowcs_l_helper@@YA_KPEA_WPEBD_KAEAV__crt_cached_ptd_host@@@Z 00000001400662c8     libucrtd:mbstowcs.obj
 0002:000142e0       $ip2state$?_mbstowcs_l_helper@@YA_KPEA_WPEBD_KAEAV__crt_cached_ptd_host@@@Z 00000001400662e0     libucrtd:mbstowcs.obj
 0002:000142e8       $unwind$?_wcstombs_l_helper@@YA_KPEADPEB_W_KAEAV__crt_cached_ptd_host@@@Z 00000001400662e8     libucrtd:wcstombs.obj
 0002:00014300       $xdatasym                  0000000140066300     libucrtd:log10.obj
 0002:0001430c       $unwind$ceil               000000014006630c     libucrtd:ceil.obj
 0002:00014314       $unwind$?return_illegal_sequence@__crt_mbstring@@YA_KPEAU_Mbstatet@@AEAV__crt_cached_ptd_host@@@Z 0000000140066314     libucrtd:common_utf8.obj
 0002:0001431c       $unwind$?reset_and_return@__crt_mbstring@@YA_K_KPEAU_Mbstatet@@@Z 000000014006631c     libucrtd:common_utf8.obj
 0002:00014324       $unwind$?__mbrtoc32_utf8@__crt_mbstring@@YA_KPEA_UPEBD_KPEAU_Mbstatet@@AEAV__crt_cached_ptd_host@@@Z 0000000140066324     libucrtd:mbrtoc32.obj
 0002:00014334       $unwind$?_fclose_internal@@YAHQEAU_iobuf@@AEAV__crt_cached_ptd_host@@@Z 0000000140066334     libucrtd:fclose.obj
 0002:00014354       $unwind$??$__acrt_lowio_lock_fh_and_call@V<lambda_3e4146214822e0ea86c47ff907aef2ff>@@@@YAHH$$QEAV<lambda_3e4146214822e0ea86c47ff907aef2ff>@@@Z 0000000140066354     libucrtd:commit.obj
 0002:00014368       $ip2state$??$__acrt_lowio_lock_fh_and_call@V<lambda_3e4146214822e0ea86c47ff907aef2ff>@@@@YAHH$$QEAV<lambda_3e4146214822e0ea86c47ff907aef2ff>@@@Z 0000000140066368     libucrtd:commit.obj
 0002:00014370       $unwind$??$?RV<lambda_7d29013d608e9f25a034de83c9b9e983>@@AEAV<lambda_3e4146214822e0ea86c47ff907aef2ff>@@V<lambda_b869e5a4e1069fcb5c3da79c0d999133>@@@?$__crt_seh_guarded_call@H@@QEAAH$$QEAV<lambda_7d29013d608e9f25a034de83c9b9e983>@@AEAV<lambda_3e4146214822e0ea86c47ff907aef2ff>@@$$QEAV<lambda_b869e5a4e1069fcb5c3da79c0d999133>@@@Z 0000000140066370     libucrtd:commit.obj
 0002:00014390       $unwind$_write_nolock      0000000140066390     libucrtd:write.obj
 0002:000143a4       $unwind$_write_internal    00000001400663a4     libucrtd:write.obj
 0002:000143c4       $unwind$?write_double_translated_ansi_nolock@@YA?AUwrite_result@?A0x17268360@@HQEBDIAEAV__crt_cached_ptd_host@@@Z 00000001400663c4     libucrtd:write.obj
 0002:000143e0       $ip2state$?write_double_translated_ansi_nolock@@YA?AUwrite_result@?A0x17268360@@HQEBDIAEAV__crt_cached_ptd_host@@@Z 00000001400663e0     libucrtd:write.obj
 0002:000143e8       $unwind$?write_double_translated_unicode_nolock@@YA?AUwrite_result@?A0x17268360@@QEBDI@Z 00000001400663e8     libucrtd:write.obj
 0002:000143fc       $unwind$?write_text_ansi_nolock@@YA?AUwrite_result@?A0x17268360@@HQEBDI@Z 00000001400663fc     libucrtd:write.obj
 0002:000143fc       $unwind$?write_text_utf16le_nolock@@YA?AUwrite_result@?A0x17268360@@HQEBDI@Z 00000001400663fc     libucrtd:write.obj
 0002:00014410       $unwind$?write_text_utf8_nolock@@YA?AUwrite_result@?A0x17268360@@HQEBDI@Z 0000000140066410     libucrtd:write.obj
 0002:00014424       $unwind$?write_binary_nolock@@YA?AUwrite_result@?A0x17268360@@HQEBDI@Z 0000000140066424     libucrtd:write.obj
 0002:00014438       $unwind$?__wcsrtombs_utf8@__crt_mbstring@@YA_KPEADPEAPEB_W_KPEAU_Mbstatet@@AEAV__crt_cached_ptd_host@@@Z 0000000140066438     libucrtd:wcrtomb.obj
 0002:00014448       $unwind$_log_special_common 0000000140066448     libucrtd:log_special.obj
 0002:00014458       $unwind$_log10_special     0000000140066458     libucrtd:log_special.obj
 0002:00014460       $unwind$common_control87   0000000140066460     libucrtd:ieee.obj
 0002:00014480       $unwind$??$__acrt_lowio_lock_fh_and_call@V<lambda_af29824b49a67d335554598d6cad2be6>@@@@YAHH$$QEAV<lambda_af29824b49a67d335554598d6cad2be6>@@@Z 0000000140066480     libucrtd:close.obj
 0002:00014490       $ip2state$??$__acrt_lowio_lock_fh_and_call@V<lambda_af29824b49a67d335554598d6cad2be6>@@@@YAHH$$QEAV<lambda_af29824b49a67d335554598d6cad2be6>@@@Z 0000000140066490     libucrtd:close.obj
 0002:00014498       $unwind$??$?RV<lambda_19eaff14c5fe7be5b1b106a862eb1091>@@AEAV<lambda_af29824b49a67d335554598d6cad2be6>@@V<lambda_3ce37f5b621ab310299ea5f68cbdf3bb>@@@?$__crt_seh_guarded_call@H@@QEAAH$$QEAV<lambda_19eaff14c5fe7be5b1b106a862eb1091>@@AEAV<lambda_af29824b49a67d335554598d6cad2be6>@@$$QEAV<lambda_3ce37f5b621ab310299ea5f68cbdf3bb>@@@Z 0000000140066498     libucrtd:close.obj
 0002:000144b8       $unwind$?__c16rtomb_utf8@__crt_mbstring@@YA_KPEAD_SPEAU_Mbstatet@@AEAV__crt_cached_ptd_host@@@Z 00000001400664b8     libucrtd:c16rtomb.obj
 0002:000144c0       $unwind$??$console_output_reopen_and_retry@V<lambda_61c1b8a38cedca4df5fdc542e6ccae6d>@@@@YAHAEBV<lambda_61c1b8a38cedca4df5fdc542e6ccae6d>@@@Z 00000001400664c0     libucrtd:initcon.obj
 0002:000144d0       $ip2state$??$console_output_reopen_and_retry@V<lambda_61c1b8a38cedca4df5fdc542e6ccae6d>@@@@YAHAEBV<lambda_61c1b8a38cedca4df5fdc542e6ccae6d>@@@Z 00000001400664d0     libucrtd:initcon.obj
 0002:000144d8       $unwind$_IsNonwritableInCurrentImage 00000001400664d8     LIBCMTD:pesect.obj
 0002:000144f8       $xdatasym                  00000001400664f8     LIBCMTD:chkstk.obj
 0002:00014bb4       .idata$6                   0000000140066bb4     user32:USER32.dll
 0002:00014ca4       .idata$6                   0000000140066ca4     gdi32:GDI32.dll
 0002:00014d66       .idata$6                   0000000140066d66     kernel32:KERNEL32.dll
 0002:00014d86       .idata$6                   0000000140066d86     winmm:WINMM.dll
 0003:000000c0       ?__vcrt_flsindex@@3KA      00000001400680c0     libvcruntimed:per_thread_data.obj
 0003:000000d4       ?__acrt_current_request_number@@3JA 00000001400680d4     libucrtd:debug_heap.obj
 0003:000000e0       ?__acrt_debug_fill_threshold@@3_KA 00000001400680e0     libucrtd:debug_fill_threshold.obj
 0003:000000e8       ?errno_no_memory@@3HA      00000001400680e8     libucrtd:errno.obj
 0003:000000ec       ?doserrno_no_memory@@3KA   00000001400680ec     libucrtd:errno.obj
 0003:000001f8       ?__acrt_flsindex@@3KA      00000001400681f8     libucrtd:per_thread_data.obj
 0003:00000370       ?dazSupported@?1??_ctrlfp@@9@9 0000000140068370     libucrtd:fpctrl.obj
 0003:000005b0       _mbctypes                  00000001400685b0     libucrtd:mbctype.obj
 0003:000006c0       _mbcasemaps                00000001400686c0     libucrtd:mbctype.obj
 0003:000007c0       ?__rgctypeflag@@3PADA      00000001400687c0     libucrtd:mbctype.obj
 0003:000007d0       ?__rgcode_page_info@@3PAUcode_page_info@@A 00000001400687d0     libucrtd:mbctype.obj
 0003:000009a0       ?dazSupported@?1??common_control87@@9@9 00000001400689a0     libucrtd:ieee.obj
 0003:00000ab0       ?__dcrt_lowio_console_output_handle@@3PEAXEA 0000000140068ab0     libucrtd:initcon.obj
 0003:00000c48       ?profiler_index___LINE__@?1??update_and_render@@9@4HA 0000000140068c48     main.obj
 0003:00000c4c       ?$TSS0@?1??update_and_render@@9@4HA 0000000140068c4c     main.obj
 0003:00000c50       ?g_tss_cv@@3U_RTL_CONDITION_VARIABLE@@A 0000000140068c50     LIBCMTD:thread_safe_statics.obj
 0003:00000c58       ?g_tss_srw@@3U_RTL_SRWLOCK@@A 0000000140068c58     LIBCMTD:thread_safe_statics.obj
 0003:00000c70       GS_ExceptionRecord         0000000140068c70     LIBCMTD:gs_report.obj
 0003:00000d10       GS_ContextRecord           0000000140068d10     LIBCMTD:gs_report.obj
 0003:000011f0       ?is_initialized_as_dll@@3_NA 00000001400691f0     LIBCMTD:utility.obj
 0003:000011f1       ?module_local_atexit_table_initialized@@3_NA 00000001400691f1     LIBCMTD:utility.obj
 0003:000011f8       ?module_local_atexit_table@@3U_onexit_table_t@@A 00000001400691f8     LIBCMTD:utility.obj
 0003:00001210       ?module_local_at_quick_exit_table@@3U_onexit_table_t@@A 0000000140069210     LIBCMTD:utility.obj
 0003:00001260       ?__vcrt_startup_thread_ptd@@3U__vcrt_ptd@@A 0000000140069260     libvcruntimed:per_thread_data.obj
 0003:000012e0       __vcrt_lock_table          00000001400692e0     libvcruntimed:locks.obj
 0003:00001308       __vcrt_locks_initialized   0000000140069308     libvcruntimed:locks.obj
 0003:00001350       ?heap@@3V_HeapManager@@A   0000000140069350     libvcruntimed:undname.obj
 0003:00001378       ?module_handles@@3PAPEAUHINSTANCE__@@A 0000000140069378     libvcruntimed:winapi_downlevel.obj
 0003:00001390       ?function_pointers@@3PAPEAXA 0000000140069390     libvcruntimed:winapi_downlevel.obj
 0003:000013c0       ?__acrt_app_type@@3W4_crt_app_type@@A 00000001400693c0     libucrtd:report_runtime_error.obj
 0003:000013d0       ?outmsg@?9??__acrt_report_runtime_error@@9@4PA_WA 00000001400693d0     libucrtd:report_runtime_error.obj
 0003:000019f8       ?user_matherr@@3V?$dual_state_global@P6AHPEAU_exception@@@Z@__crt_state_management@@A 00000001400699f8     libucrtd:matherr.obj
 0003:00001a00       ?program_name@?1???$common_configure_argv@D@@YAHW4_crt_argv_mode@@@Z@4PADA 0000000140069a00     libucrtd:argv_parsing.obj
 0003:00001b28       ?empty_string@?1???$common_wincmdln@E@@YAPEAEXZ@4PAEA 0000000140069b28     libucrtd:argv_winmain.obj
 0003:00001b2c       ?c_termination_complete@@3JA 0000000140069b2c     libucrtd:exit.obj
 0003:00001b30       ?thread_local_exit_callback_func@@3P6AXPEAXK0@ZEA 0000000140069b30     libucrtd:exit.obj
 0003:00001b40       ?__acrt_global_new_mode@@3V?$dual_state_global@J@__crt_state_management@@A 0000000140069b40     libucrtd:new_mode.obj
 0003:00001b78       ?__acrt_first_block@@3PEAU_CrtMemBlockHeader@@EA 0000000140069b78     libucrtd:debug_heap.obj
 0003:00001b80       ?__acrt_last_block@@3PEAU_CrtMemBlockHeader@@EA 0000000140069b80     libucrtd:debug_heap.obj
 0003:00001b88       ?__acrt_total_allocations@@3_KA 0000000140069b88     libucrtd:debug_heap.obj
 0003:00001b90       ?__acrt_current_allocations@@3_KA 0000000140069b90     libucrtd:debug_heap.obj
 0003:00001b98       ?__acrt_max_allocations@@3_KA 0000000140069b98     libucrtd:debug_heap.obj
 0003:00001ba0       ?__acrt_check_frequency@@3IA 0000000140069ba0     libucrtd:debug_heap.obj
 0003:00001ba4       ?__acrt_check_counter@@3IA 0000000140069ba4     libucrtd:debug_heap.obj
 0003:00001bb0       ?heap_validation_pending@@3_NA 0000000140069bb0     libucrtd:debug_heap.obj
 0003:00001bb8       ?__acrt_invalid_parameter_handler@@3V?$dual_state_global@P6AXPEB_W00I_K@Z@__crt_state_management@@A 0000000140069bb8     libucrtd:invalid_parameter.obj
 0003:00001bc0       ?internal_state@?1??_mbtowc_internal@@9@4U_Mbstatet@@A 0000000140069bc0     libucrtd:mbtowc.obj
 0003:00001bd8       ?enable_percent_n@@3_KA    0000000140069bd8     libucrtd:printf_count_output.obj
 0003:0000200c       __acrt_error_mode          000000014006a00c     libucrtd:set_error_mode.obj
 0003:00002028       ?fSystemSet@@3HA           000000014006a028     libucrtd:mbctype.obj
 0003:0000202c       ?initialized@?1??__acrt_initialize_multibyte@@9@4_NA 000000014006a02c     libucrtd:mbctype.obj
 0003:00002060       ?__acrt_lock_table@@3PAU_RTL_CRITICAL_SECTION@@A 000000014006a060     libucrtd:locks.obj
 0003:00002290       ?__acrt_locks_initialized@@3IA 000000014006a290     libucrtd:locks.obj
 0003:00002294       ?state_cache@?1???$get_cached_win_policy@Udeveloper_information_policy_properties@?1??__acrt_get_developer_information_policy@@YA?AW4developer_information_policy@@XZ@@@YA?AW4developer_information_policy@@W4AppPolicyShowDeveloperDiagnostic@@@Z@4JA 000000014006a294     libucrtd:win_policies.obj
 0003:00002298       ?state_cache@?1???$get_cached_win_policy@Uwindowing_model_policy_properties@?1??__acrt_get_windowing_model_policy@@YA?AW4windowing_model_policy@@XZ@@@YA?AW4windowing_model_policy@@W4AppPolicyWindowingModel@@@Z@4JA 000000014006a298     libucrtd:win_policies.obj
 0003:000022a0       ?module_handles@@3PAPEAUHINSTANCE__@@A 000000014006a2a0     libucrtd:winapi_thunks.obj
 0003:00002340       ?encoded_function_pointers@@3PAPEAXA 000000014006a340     libucrtd:winapi_thunks.obj
 0003:00002440       ?__acrt_new_handler@@3V?$dual_state_global@P6AH_K@Z@__crt_state_management@@A 000000014006a440     libucrtd:new_handler.obj
 0003:00002448       ?ctrlc_action@@3V?$dual_state_global@P6AXH@Z@__crt_state_management@@A 000000014006a448     libucrtd:signal.obj
 0003:00002450       ?ctrlbreak_action@@3V?$dual_state_global@P6AXH@Z@__crt_state_management@@A 000000014006a450     libucrtd:signal.obj
 0003:00002458       ?abort_action@@3V?$dual_state_global@P6AXH@Z@__crt_state_management@@A 000000014006a458     libucrtd:signal.obj
 0003:00002460       ?term_action@@3V?$dual_state_global@P6AXH@Z@__crt_state_management@@A 000000014006a460     libucrtd:signal.obj
 0003:00002480       ?internal_pst@?1??__mbrtoc32_utf8@__crt_mbstring@@YA_KPEA_UPEBD_KPEAU_Mbstatet@@AEAV__crt_cached_ptd_host@@@Z@4U3@A 000000014006a480     libucrtd:mbrtoc32.obj
 0003:00002488       ?internal_pst@?1??__c16rtomb_utf8@__crt_mbstring@@YA_KPEAD_SPEAU_Mbstatet@@AEAV__crt_cached_ptd_host@@@Z@4U3@A 000000014006a488     libucrtd:c16rtomb.obj
