 platform

 Timestamp is 6855e224 (Sat Jun 21 00:35:16 2025)

 Preferred load address is 0000000140000000

 Start         Length     Name                   Class
 0001:00000000 0003f3f0H .text$mn                CODE
 0001:0003f3f0 00000040H .text$mn$00             CODE
 0001:0003f430 00000a70H .text$mn$21             CODE
 0001:0003fea0 0000064dH .text$x                 CODE
 0002:00000000 000003d0H .idata$5                DATA
 0002:000003d0 00000038H .00cfg                  DATA
 0002:00000408 00000008H .CRT$XCA                DATA
 0002:00000410 00000008H .CRT$XCAA               DATA
 0002:00000418 00000008H .CRT$XCZ                DATA
 0002:00000420 00000008H .CRT$XIA                DATA
 0002:00000428 00000008H .CRT$XIAA               DATA
 0002:00000430 00000008H .CRT$XIAC               DATA
 0002:00000438 00000020H .CRT$XIC                DATA
 0002:00000458 00000008H .CRT$XIZ                DATA
 0002:00000460 00000008H .CRT$XPA                DATA
 0002:00000468 00000010H .CRT$XPX                DATA
 0002:00000478 00000008H .CRT$XPXA               DATA
 0002:00000480 00000008H .CRT$XPZ                DATA
 0002:00000488 00000008H .CRT$XTA                DATA
 0002:00000490 00000010H .CRT$XTZ                DATA
 0002:00000498 00000000H .gehcont$y              DATA
 0002:00000498 00000000H .gfids$y                DATA
 0002:000004a0 000117f0H .rdata                  DATA
 0002:00011c90 00000170H .rdata$00               DATA
 0002:00011e00 00000000H .rdata$CastGuardVftablesA DATA
 0002:00011e00 00000000H .rdata$CastGuardVftablesC DATA
 0002:00011e00 0000016cH .rdata$r                DATA
 0002:00011f6c 000000d4H .rdata$voltmd           DATA
 0002:00012040 00000388H .rdata$zzzdbg           DATA
 0002:000123c8 00000008H .rtc$IAA                DATA
 0002:000123d0 00000008H .rtc$IZZ                DATA
 0002:000123d8 00000008H .rtc$TAA                DATA
 0002:000123e0 00000008H .rtc$TZZ                DATA
 0002:000123e8 000011e0H .xdata                  DATA
 0002:000135c8 00000084H .xdata$x                DATA
 0002:0001364c 00000000H .edata                  DATA
 0002:0001364c 00000050H .idata$2                DATA
 0002:0001369c 00000014H .idata$3                DATA
 0002:000136b0 000003d0H .idata$4                DATA
 0002:00013a80 0000086cH .idata$6                DATA
 0003:00000000 00000ad0H .data                   DATA
 0003:00000ad0 00000050H .data$r                 DATA
 0003:00000b20 00000020H .data$rs                DATA
 0003:00000b40 00001960H .bss                    DATA
 0004:00000000 000031bcH .pdata                  DATA

  Address         Publics by Value              Rva+Base               Lib:Object

 0000:00000000       __AbsoluteZero             0000000000000000     <absolute>
 0000:00000000       ___safe_se_handler_count   0000000000000000     <absolute>
 0000:00000000       ___safe_se_handler_table   0000000000000000     <absolute>
 0000:00000000       __arm64x_extra_rfe_table   0000000000000000     <absolute>
 0000:00000000       __arm64x_extra_rfe_table_size 0000000000000000     <absolute>
 0000:00000000       __arm64x_native_entrypoint 0000000000000000     <absolute>
 0000:00000000       __arm64x_redirection_metadata 0000000000000000     <absolute>
 0000:00000000       __arm64x_redirection_metadata_count 0000000000000000     <absolute>
 0000:00000000       __dynamic_value_reloc_table 0000000000000000     <absolute>
 0000:00000000       __enclave_config           0000000000000000     <absolute>
 0000:00000000       __guard_check_icall_a64n_fptr 0000000000000000     <absolute>
 0000:00000000       __guard_eh_cont_count      0000000000000000     <absolute>
 0000:00000000       __guard_eh_cont_table      0000000000000000     <absolute>
 0000:00000000       __guard_fids_count         0000000000000000     <absolute>
 0000:00000000       __guard_fids_table         0000000000000000     <absolute>
 0000:00000000       __guard_iat_count          0000000000000000     <absolute>
 0000:00000000       __guard_iat_table          0000000000000000     <absolute>
 0000:00000000       __guard_longjmp_count      0000000000000000     <absolute>
 0000:00000000       __guard_longjmp_table      0000000000000000     <absolute>
 0000:00000000       __hybrid_auxiliary_delayload_iat 0000000000000000     <absolute>
 0000:00000000       __hybrid_auxiliary_delayload_iat_copy 0000000000000000     <absolute>
 0000:00000000       __hybrid_auxiliary_iat     0000000000000000     <absolute>
 0000:00000000       __hybrid_auxiliary_iat_copy 0000000000000000     <absolute>
 0000:00000000       __hybrid_code_map          0000000000000000     <absolute>
 0000:00000000       __hybrid_code_map_count    0000000000000000     <absolute>
 0000:00000000       __hybrid_image_info_bitfield 0000000000000000     <absolute>
 0000:00000000       __x64_code_ranges_to_entry_points 0000000000000000     <absolute>
 0000:00000000       __x64_code_ranges_to_entry_points_count 0000000000000000     <absolute>
 0000:00000100       __guard_flags              0000000000000100     <absolute>
 0000:00000000       __ImageBase                0000000140000000     <linker-defined>
 0001:00000000       ?platform_init_engine_stub@@YAXPEAUPlatform_init_result@@@Z 0000000140001000 f   platform.obj
 0001:00000010       ?platform_init_memory_base_stub@@YAXPEAUGlobals@@@Z 0000000140001010 f   platform.obj
 0001:00000020       ?update_and_render_stub@@YAXPEAUPlatform_frame_pass@@PEAUEngine_frame_result@@@Z 0000000140001020 f   platform.obj
 0001:00000040       WinMain                    0000000140001040 f   platform.obj
 0001:00000d90       ?load_dll@@YAPEAUHINSTANCE__@@XZ 0000000140001d90 f   platform.obj
 0001:00000ea0       ?unload_dll@@YAXPEAUHINSTANCE__@@@Z 0000000140001ea0 f   platform.obj
 0001:00000ef0       ?init_keymap@@YAXXZ        0000000140001ef0 f   platform.obj
 0001:00001040       ?window_procedure@@YA_JPEAUHWND__@@I_K_J@Z 0000000140002040 f   platform.obj
 0001:00001500       ??$Max@K@@YAKKK@Z          0000000140002500 f i platform.obj
 0001:00001530       ??$align_up@_K@@YA_K_K0@Z  0000000140002530 f i platform.obj
 0001:00001580       ??$is_pow2@_K@@YAH_K@Z     0000000140002580 f i platform.obj
 0001:000015a0       ?bit_array_get@@YAHUBit_array@@I@Z 00000001400025a0 f i platform.obj
 0001:00001600       ?bit_array_set@@YAXUBit_array@@I@Z 0000000140002600 f i platform.obj
 0001:00001680       ?bit_array_unset@@YAXUBit_array@@I@Z 0000000140002680 f i platform.obj
 0001:00001700       ?copy_and_maybe_overwrite_file@@YAHPEBE0@Z 0000000140002700 f i platform.obj
 0001:00001770       ?copy_file@@YAHPEBE0@Z     0000000140002770 f i platform.obj
 0001:000017e0       ?create_directory@@YAHPEBE@Z 00000001400027e0 f i platform.obj
 0001:00001840       ?create_or_open_file_for_writing@@YAXPEBEPEAPEAX@Z 0000000140002840 f i platform.obj
 0001:000018d0       ?delete_directory@@YAHPEBE@Z 00000001400028d0 f i platform.obj
 0001:00001920       ?delete_file@@YAHPEBE@Z    0000000140002920 f i platform.obj
 0001:00001980       ?directory_exists@@YAHPEBE@Z 0000000140002980 f i platform.obj
 0001:000019d0       ?dword_for_bit@@YAII@Z     00000001400029d0 f i platform.obj
 0001:000019f0       ?dword_mask_for_bit@@YA_KI@Z 00000001400029f0 f i platform.obj
 0001:00001a20       ?get_file_size@@YAHPEBEPEAI@Z 0000000140002a20 f i platform.obj
 0001:00001aa0       ?get_flags@@YAEEE@Z        0000000140002aa0 f i platform.obj
 0001:00001ac0       ?move_and_maybe_overwrite_file@@YAHPEBE0@Z 0000000140002ac0 f i platform.obj
 0001:00001b30       ?move_file@@YAHPEBE0@Z     0000000140002b30 f i platform.obj
 0001:00001ba0       ?open_existing_file_for_reading@@YAHPEBEPEAPEAX@Z 0000000140002ba0 f i platform.obj
 0001:00001c30       ?read_entire_file@@YAHPEBEPEAXI@Z 0000000140002c30 f i platform.obj
 0001:00001cd0       ?read_time_counter@@YANXZ  0000000140002cd0 f i platform.obj
 0001:00001d10       ?set_flags@@YAEEE@Z        0000000140002d10 f i platform.obj
 0001:00001d30       ?unset_flags@@YAEEE@Z      0000000140002d30 f i platform.obj
 0001:00001d50       ?write_entire_file@@YAXPEBEPEAXI@Z 0000000140002d50 f i platform.obj
 0001:00001de0       __local_stdio_printf_options 0000000140002de0 f i platform.obj
 0001:00001df0       _vsnprintf_l               0000000140002df0 f i platform.obj
 0001:00001e70       _vsprintf_l                0000000140002e70 f i platform.obj
 0001:00001ec0       sprintf                    0000000140002ec0 f i platform.obj
 0001:00001f10       __GSHandlerCheck           0000000140002f10 f   LIBCMTD:gshandler.obj
 0001:00001f50       __GSHandlerCheckCommon     0000000140002f50 f   LIBCMTD:gshandler.obj
 0001:00002060       __security_check_cookie    0000000140003060 f   LIBCMTD:amdsecgs.obj
 0001:00002340       ?configure_argv@__scrt_narrow_argv_policy@@SAHXZ 0000000140003340 f i LIBCMTD:exe_winmain.obj
 0001:00002360       ?initialize_environment@__scrt_narrow_environment_policy@@SAHXZ 0000000140003360 f i LIBCMTD:exe_winmain.obj
 0001:000023b0       ?set_app_type@__scrt_winmain_policy@@SAXXZ 00000001400033b0 f i LIBCMTD:exe_winmain.obj
 0001:000023d0       ?set_commode@__scrt_file_policy@@SAXXZ 00000001400033d0 f i LIBCMTD:exe_winmain.obj
 0001:000023f0       ?set_fmode@__scrt_file_policy@@SAXXZ 00000001400033f0 f i LIBCMTD:exe_winmain.obj
 0001:00002410       WinMainCRTStartup          0000000140003410 f   LIBCMTD:exe_winmain.obj
 0001:00002430       __raise_securityfailure    0000000140003430 f   LIBCMTD:gs_report.obj
 0001:00002470       __report_gsfailure         0000000140003470 f   LIBCMTD:gs_report.obj
 0001:00002550       __report_rangecheckfailure 0000000140003550 f   LIBCMTD:gs_report.obj
 0001:00002570       __report_securityfailure   0000000140003570 f   LIBCMTD:gs_report.obj
 0001:000028d0       NtCurrentTeb               00000001400038d0 f i LIBCMTD:utility.obj
 0001:000028e0       __scrt_acquire_startup_lock 00000001400038e0 f   LIBCMTD:utility.obj
 0001:00002950       __scrt_initialize_crt      0000000140003950 f   LIBCMTD:utility.obj
 0001:000029a0       __scrt_initialize_onexit_tables 00000001400039a0 f   LIBCMTD:utility.obj
 0001:00002ab0       __scrt_is_nonwritable_in_current_image 0000000140003ab0 f   LIBCMTD:utility.obj
 0001:00002b40       __scrt_release_startup_lock 0000000140003b40 f   LIBCMTD:utility.obj
 0001:00002b70       __scrt_uninitialize_crt    0000000140003b70 f   LIBCMTD:utility.obj
 0001:00002bb0       _onexit                    0000000140003bb0 f   LIBCMTD:utility.obj
 0001:00002c30       atexit                     0000000140003c30 f   LIBCMTD:utility.obj
 0001:00002d30       __security_init_cookie     0000000140003d30 f   LIBCMTD:gs_support.obj
 0001:00002db0       ?get_current_state_index@__crt_state_management@@YA_KAEBV__crt_scoped_get_last_error_reset@@@Z 0000000140003db0 f   libucrtd:output.obj
 0001:00002db0       _matherr                   0000000140003db0 f   LIBCMTD:matherr.obj
 0001:00002dc0       _get_startup_argv_mode     0000000140003dc0 f   LIBCMTD:argv_mode.obj
 0001:00002dd0       ?get_current_state_index@__crt_state_management@@YA_KXZ 0000000140003dd0 f   libucrtd:matherr.obj
 0001:00002dd0       ?get_invalid_value@__crt_hmodule_traits@@SAPEAUHINSTANCE__@@XZ 0000000140003dd0 f   libucrtd:exit.obj
 0001:00002dd0       __scrt_exe_initialize_mta  0000000140003dd0 f   LIBCMTD:utility_desktop.obj
 0001:00002dd0       __scrt_initialize_winrt    0000000140003dd0 f   LIBCMTD:utility_desktop.obj
 0001:00002dd0       __scrt_stub_for_initialize_mta 0000000140003dd0 f   LIBCMTD:utility_desktop.obj
 0001:00002dd0       _get_startup_commit_mode   0000000140003dd0 f   LIBCMTD:commit_mode.obj
 0001:00002dd0       _get_startup_new_mode      0000000140003dd0 f   LIBCMTD:new_mode.obj
 0001:00002dd0       _get_startup_thread_locale_mode 0000000140003dd0 f   LIBCMTD:thread_locale.obj
 0001:00002de0       _get_startup_file_mode     0000000140003de0 f   LIBCMTD:file_mode.obj
 0001:00002df0       ?__scrt_initialize_type_info@@YAXXZ 0000000140003df0 f   LIBCMTD:tncleanup.obj
 0001:00002e10       _should_initialize_environment 0000000140003e10 f   LIBCMTD:env_mode.obj
 0001:00002e20       _initialize_denormal_control 0000000140003e20 f   LIBCMTD:denormal_control.obj
 0001:00002e20       _initialize_invalid_parameter_handler 0000000140003e20 f   LIBCMTD:invalid_parameter_handler.obj
 0001:00002e30       __local_stdio_scanf_options 0000000140003e30 f i LIBCMTD:default_local_stdio_options.obj
 0001:00002e40       __scrt_initialize_default_local_stdio_options 0000000140003e40 f   LIBCMTD:default_local_stdio_options.obj
 0001:00002e90       __scrt_is_user_matherr_present 0000000140003e90 f   LIBCMTD:matherr_detection.obj
 0001:00002ec0       __scrt_get_dyn_tls_init_callback 0000000140003ec0 f   LIBCMTD:dyn_tls_init.obj
 0001:00002ed0       __scrt_get_dyn_tls_dtor_callback 0000000140003ed0 f   LIBCMTD:dyn_tls_dtor.obj
 0001:00002ee0       __crt_debugger_hook        0000000140003ee0 f   LIBCMTD:utility_desktop.obj
 0001:00002ef0       __scrt_fastfail            0000000140003ef0 f   LIBCMTD:utility_desktop.obj
 0001:00003090       __scrt_get_show_window_mode 0000000140004090 f   LIBCMTD:utility_desktop.obj
 0001:000030f0       __scrt_initialize_mta      00000001400040f0 f   LIBCMTD:utility_desktop.obj
 0001:00003100       __scrt_is_managed_app      0000000140004100 f   LIBCMTD:utility_desktop.obj
 0001:000031b0       __scrt_set_unhandled_exception_filter 00000001400041b0 f   LIBCMTD:utility_desktop.obj
 0001:000031d0       __scrt_unhandled_exception_filter 00000001400041d0 f   LIBCMTD:utility_desktop.obj
 0001:00003270       _RTC_Initialize            0000000140004270 f   LIBCMTD:initsect.obj
 0001:000032c0       _RTC_Terminate             00000001400042c0 f   LIBCMTD:initsect.obj
 0001:00003310       ??1?$__crt_simd_cleanup_guard@$0A@@@QEAA@XZ 0000000140004310 f i libucrtd:strnlen.obj
 0001:00003310       ??1scoped_global_state_reset@__crt_state_management@@QEAA@XZ 0000000140004310 f i libucrtd:onexit.obj
 0001:00003310       _guard_check_icall_nop     0000000140004310 f i LIBCMTD:guard_support.obj
 0001:00003320       ReadNoFence64              0000000140004320 f i LIBCMTD:guard_support.obj
 0001:00003340       ReadPointerNoFence         0000000140004340 f i LIBCMTD:guard_support.obj
 0001:00003360       _guard_icall_checks_enforced 0000000140004360 f i LIBCMTD:guard_support.obj
 0001:000033a0       __isa_available_init       00000001400043a0 f   LIBCMTD:cpu_disp.obj
 0001:00003890       __scrt_is_ucrt_dll_in_use  0000000140004890 f   LIBCMTD:ucrt_detection.obj
 0001:000038c0       __C_specific_handler       00000001400048c0 f   libvcruntimed:riscchandler.obj
 0001:00003d30       __vcrt_initialize          0000000140004d30 f   libvcruntimed:initialization.obj
 0001:00003d70       __vcrt_uninitialize        0000000140004d70 f   libvcruntimed:initialization.obj
 0001:00003d90       ??$?RD@__crt_internal_free_policy@@QEBAXQEBD@Z 0000000140004d90 f i libvcruntimed:std_type_info.obj
 0001:00003d90       ??$?RU__vcrt_ptd@@@__crt_internal_free_policy@@QEBAXQEBU__vcrt_ptd@@@Z 0000000140004d90 f i libvcruntimed:per_thread_data.obj
 0001:00003dc0       ??0?$__crt_scoped_stack_ptr@_W@@QEAA@U?$__crt_scoped_stack_ptr_tag@_W@@@Z 0000000140004dc0 f i libucrtd:getstringtypea.obj
 0001:00003dc0       ??0?$__crt_scoped_stack_ptr_tag@_W@@QEAA@QEA_W@Z 0000000140004dc0 f i libucrtd:getstringtypea.obj
 0001:00003dc0       ??0?$__crt_unique_handle_t@U__crt_findfile_traits@@@@QEAA@QEAX@Z 0000000140004dc0 f i libucrtd:argv_wildcards.obj
 0001:00003dc0       ??0?$__crt_unique_handle_t@U__crt_hmodule_traits@@@@QEAA@QEAUHINSTANCE__@@@Z 0000000140004dc0 f i libucrtd:exit.obj
 0001:00003dc0       ??0?$__crt_unique_heap_ptr@DU__crt_internal_free_policy@@@@QEAA@QEAD@Z 0000000140004dc0 f i libvcruntimed:std_type_info.obj
 0001:00003dc0       ??0?$__crt_unique_heap_ptr@DU__crt_public_free_policy@@@@QEAA@QEAD@Z 0000000140004dc0 f i libvcruntimed:std_exception.obj
 0001:00003dc0       ??0?$__crt_unique_heap_ptr@EU__crt_internal_free_policy@@@@QEAA@QEAE@Z 0000000140004dc0 f i libucrtd:argv_parsing.obj
 0001:00003dc0       ??0?$__crt_unique_heap_ptr@P6AXXZU__crt_internal_free_policy@@@@QEAA@QEAP6AXXZ@Z 0000000140004dc0 f i libucrtd:onexit.obj
 0001:00003dc0       ??0?$__crt_unique_heap_ptr@PEADU__crt_internal_free_policy@@@@QEAA@QEAPEAD@Z 0000000140004dc0 f i libucrtd:argv_parsing.obj
 0001:00003dc0       ??0?$__crt_unique_heap_ptr@PEAU__crt_stdio_stream_data@@U__crt_internal_free_policy@@@@QEAA@QEAPEAU__crt_stdio_stream_data@@@Z 0000000140004dc0 f i libucrtd:_file.obj
 0001:00003dc0       ??0?$__crt_unique_heap_ptr@U__acrt_ptd@@U__crt_internal_free_policy@@@@QEAA@QEAU__acrt_ptd@@@Z 0000000140004dc0 f i libucrtd:per_thread_data.obj
 0001:00003dc0       ??0?$__crt_unique_heap_ptr@U__crt_lowio_handle_data@@U__crt_internal_free_policy@@@@QEAA@QEAU__crt_lowio_handle_data@@@Z 0000000140004dc0 f i libucrtd:osfinfo.obj
 0001:00003dc0       ??0?$__crt_unique_heap_ptr@U__crt_multibyte_data@@U__crt_internal_free_policy@@@@QEAA@QEAU__crt_multibyte_data@@@Z 0000000140004dc0 f i libucrtd:wsetlocale.obj
 0001:00003dc0       ??0?$__crt_unique_heap_ptr@U__vcrt_ptd@@U__crt_internal_free_policy@@@@QEAA@QEAU__vcrt_ptd@@@Z 0000000140004dc0 f i libvcruntimed:per_thread_data.obj
 0001:00003dc0       ??0?$string_output_adapter@D@__crt_stdio_output@@QEAA@QEAU?$string_output_adapter_context@D@1@@Z 0000000140004dc0 f i libucrtd:output.obj
 0001:00003dc0       ??0?$string_output_adapter@_W@__crt_stdio_output@@QEAA@QEAU?$string_output_adapter_context@_W@1@@Z 0000000140004dc0 f i libucrtd:output.obj
 0001:00003dc0       ??0__crt_stdio_stream@@QEAA@QEAU__crt_stdio_stream_data@@@Z 0000000140004dc0 f i libucrtd:closeall.obj
 0001:00003dc0       ??0__crt_stdio_stream@@QEAA@QEAU_iobuf@@@Z 0000000140004dc0 f i libucrtd:output.obj
 0001:00003de0       ??1?$__crt_unique_heap_ptr@DU__crt_internal_free_policy@@@@QEAA@XZ 0000000140004de0 f i libvcruntimed:std_type_info.obj
 0001:00003de0       ??1?$__crt_unique_heap_ptr@U__vcrt_ptd@@U__crt_internal_free_policy@@@@QEAA@XZ 0000000140004de0 f i libvcruntimed:per_thread_data.obj
 0001:00003e00       ??B?$__crt_unique_heap_ptr@DU__crt_internal_free_policy@@@@QEBA_NXZ 0000000140004e00 f i libvcruntimed:std_type_info.obj
 0001:00003e00       ??B?$__crt_unique_heap_ptr@DU__crt_public_free_policy@@@@QEBA_NXZ 0000000140004e00 f i libvcruntimed:std_exception.obj
 0001:00003e00       ??B?$__crt_unique_heap_ptr@EU__crt_internal_free_policy@@@@QEBA_NXZ 0000000140004e00 f i libucrtd:argv_parsing.obj
 0001:00003e00       ??B?$__crt_unique_heap_ptr@PEADU__crt_internal_free_policy@@@@QEBA_NXZ 0000000140004e00 f i libucrtd:environment_initialization.obj
 0001:00003e00       ??B?$__crt_unique_heap_ptr@U__acrt_ptd@@U__crt_internal_free_policy@@@@QEBA_NXZ 0000000140004e00 f i libucrtd:per_thread_data.obj
 0001:00003e00       ??B?$__crt_unique_heap_ptr@U__crt_lowio_handle_data@@U__crt_internal_free_policy@@@@QEBA_NXZ 0000000140004e00 f i libucrtd:osfinfo.obj
 0001:00003e00       ??B?$__crt_unique_heap_ptr@U__crt_multibyte_data@@U__crt_internal_free_policy@@@@QEBA_NXZ 0000000140004e00 f i libucrtd:wsetlocale.obj
 0001:00003e00       ??B?$__crt_unique_heap_ptr@U__vcrt_ptd@@U__crt_internal_free_policy@@@@QEBA_NXZ 0000000140004e00 f i libvcruntimed:per_thread_data.obj
 0001:00003e20       ?__crt_interlocked_read_64@@YA_JPED_J@Z 0000000140004e20 f i libvcruntimed:std_type_info.obj
 0001:00003e40       ??C__crt_stdio_stream@@QEBAPEAU__crt_stdio_stream_data@@XZ 0000000140004e40 f i libucrtd:output.obj
 0001:00003e40       ?get@?$__crt_scoped_stack_ptr@_W@@QEBAPEA_WXZ 0000000140004e40 f i libucrtd:getstringtypea.obj
 0001:00003e40       ?get@?$__crt_unique_handle_t@U__crt_findfile_traits@@@@QEBAPEAXXZ 0000000140004e40 f i libucrtd:argv_wildcards.obj
 0001:00003e40       ?get@?$__crt_unique_handle_t@U__crt_hmodule_traits@@@@QEBAPEAUHINSTANCE__@@XZ 0000000140004e40 f i libucrtd:exit.obj
 0001:00003e40       ?get@?$__crt_unique_heap_ptr@DU__crt_internal_free_policy@@@@QEBAPEADXZ 0000000140004e40 f i libvcruntimed:std_type_info.obj
 0001:00003e40       ?get@?$__crt_unique_heap_ptr@DU__crt_public_free_policy@@@@QEBAPEADXZ 0000000140004e40 f i libvcruntimed:std_exception.obj
 0001:00003e40       ?get@?$__crt_unique_heap_ptr@EU__crt_internal_free_policy@@@@QEBAPEAEXZ 0000000140004e40 f i libucrtd:argv_parsing.obj
 0001:00003e40       ?get@?$__crt_unique_heap_ptr@PEADU__crt_internal_free_policy@@@@QEBAPEAPEADXZ 0000000140004e40 f i libucrtd:argv_parsing.obj
 0001:00003e40       ?get@?$__crt_unique_heap_ptr@U__acrt_ptd@@U__crt_internal_free_policy@@@@QEBAPEAU__acrt_ptd@@XZ 0000000140004e40 f i libucrtd:per_thread_data.obj
 0001:00003e40       ?get@?$__crt_unique_heap_ptr@U__crt_lowio_handle_data@@U__crt_internal_free_policy@@@@QEBAPEAU__crt_lowio_handle_data@@XZ 0000000140004e40 f i libucrtd:osfinfo.obj
 0001:00003e40       ?get@?$__crt_unique_heap_ptr@U__crt_multibyte_data@@U__crt_internal_free_policy@@@@QEBAPEAU__crt_multibyte_data@@XZ 0000000140004e40 f i libucrtd:wsetlocale.obj
 0001:00003e40       ?get@?$__crt_unique_heap_ptr@U__vcrt_ptd@@U__crt_internal_free_policy@@@@QEBAPEAU__vcrt_ptd@@XZ 0000000140004e40 f i libvcruntimed:per_thread_data.obj
 0001:00003e40       ?public_stream@__crt_stdio_stream@@QEBAPEAU_iobuf@@XZ 0000000140004e40 f i libucrtd:output.obj
 0001:00003e40       ?save_state@?$c_string_character_source@D@__crt_strtox@@QEBAPEBDXZ 0000000140004e40 f i libucrtd:output.obj
 0001:00003e40       ?save_state@?$c_string_character_source@_W@__crt_strtox@@QEBAPEB_WXZ 0000000140004e40 f i libucrtd:output.obj
 0001:00003e50       ??B?$__crt_scoped_stack_ptr@_W@@QEBA_NXZ 0000000140004e50 f i libucrtd:lcmapstringa.obj
 0001:00003e50       ?is_valid@?$__crt_unique_heap_ptr@DU__crt_internal_free_policy@@@@QEBA_NXZ 0000000140004e50 f i libvcruntimed:std_type_info.obj
 0001:00003e50       ?is_valid@?$__crt_unique_heap_ptr@DU__crt_public_free_policy@@@@QEBA_NXZ 0000000140004e50 f i libvcruntimed:std_exception.obj
 0001:00003e50       ?is_valid@?$__crt_unique_heap_ptr@EU__crt_internal_free_policy@@@@QEBA_NXZ 0000000140004e50 f i libucrtd:argv_parsing.obj
 0001:00003e50       ?is_valid@?$__crt_unique_heap_ptr@PEADU__crt_internal_free_policy@@@@QEBA_NXZ 0000000140004e50 f i libucrtd:environment_initialization.obj
 0001:00003e50       ?is_valid@?$__crt_unique_heap_ptr@U__acrt_ptd@@U__crt_internal_free_policy@@@@QEBA_NXZ 0000000140004e50 f i libucrtd:per_thread_data.obj
 0001:00003e50       ?is_valid@?$__crt_unique_heap_ptr@U__crt_lowio_handle_data@@U__crt_internal_free_policy@@@@QEBA_NXZ 0000000140004e50 f i libucrtd:osfinfo.obj
 0001:00003e50       ?is_valid@?$__crt_unique_heap_ptr@U__crt_multibyte_data@@U__crt_internal_free_policy@@@@QEBA_NXZ 0000000140004e50 f i libucrtd:wsetlocale.obj
 0001:00003e50       ?is_valid@?$__crt_unique_heap_ptr@U__vcrt_ptd@@U__crt_internal_free_policy@@@@QEBA_NXZ 0000000140004e50 f i libvcruntimed:per_thread_data.obj
 0001:00003e50       ?valid@__crt_stdio_stream@@QEBA_NXZ 0000000140004e50 f i libucrtd:output.obj
 0001:00003e80       ?release@?$__crt_unique_heap_ptr@DU__crt_internal_free_policy@@@@QEAAXXZ 0000000140004e80 f i libvcruntimed:std_type_info.obj
 0001:00003e80       ?release@?$__crt_unique_heap_ptr@U__vcrt_ptd@@U__crt_internal_free_policy@@@@QEAAXXZ 0000000140004e80 f i libvcruntimed:per_thread_data.obj
 0001:00003eb0       __std_type_info_compare    0000000140004eb0 f   libvcruntimed:std_type_info.obj
 0001:00003ef0       __DestructExceptionObject  0000000140004ef0 f   libvcruntimed:ehhelpers.obj
 0001:00003ff0       ?_CallMemberFunction0@@YAXQEAX0@Z 0000000140004ff0 f i libvcruntimed:ehhelpers.obj
 0001:000040d0       _IsExceptionObjectToBeDestroyed 00000001400050d0 f   libvcruntimed:ehhelpers.obj
 0001:00004120       __AdjustPointer            0000000140005120 f   libvcruntimed:ehhelpers.obj
 0001:000041a0       __FrameUnwindFilter        00000001400051a0 f   libvcruntimed:ehhelpers.obj
 0001:00004250       __current_exception        0000000140005250 f   libvcruntimed:ehhelpers.obj
 0001:00004270       __current_exception_context 0000000140005270 f   libvcruntimed:ehhelpers.obj
 0001:000042c0       _NLG_Notify                00000001400052c0 f   libvcruntimed:notify.obj
 0001:000042e0       __NLG_Dispatch2            00000001400052e0 f   libvcruntimed:notify.obj
 0001:000042f0       __NLG_Return2              00000001400052f0 f   libvcruntimed:notify.obj
 0001:00004300       __except_validate_context_record 0000000140005300 f   libvcruntimed:jbcxrval.obj
 0001:000043a0       ?detach@?$__crt_unique_heap_ptr@DU__crt_internal_free_policy@@@@QEAAPEADXZ 00000001400053a0 f i libucrtd:environment_initialization.obj
 0001:000043a0       ?detach@?$__crt_unique_heap_ptr@DU__crt_public_free_policy@@@@QEAAPEADXZ 00000001400053a0 f i libvcruntimed:std_exception.obj
 0001:000043a0       ?detach@?$__crt_unique_heap_ptr@EU__crt_internal_free_policy@@@@QEAAPEAEXZ 00000001400053a0 f i libucrtd:argv_parsing.obj
 0001:000043a0       ?detach@?$__crt_unique_heap_ptr@P6AXXZU__crt_internal_free_policy@@@@QEAAPEAP6AXXZXZ 00000001400053a0 f i libucrtd:onexit.obj
 0001:000043a0       ?detach@?$__crt_unique_heap_ptr@PEADU__crt_internal_free_policy@@@@QEAAPEAPEADXZ 00000001400053a0 f i libucrtd:argv_parsing.obj
 0001:000043a0       ?detach@?$__crt_unique_heap_ptr@PEAU__crt_stdio_stream_data@@U__crt_internal_free_policy@@@@QEAAPEAPEAU__crt_stdio_stream_data@@XZ 00000001400053a0 f i libucrtd:_file.obj
 0001:000043a0       ?detach@?$__crt_unique_heap_ptr@U__acrt_ptd@@U__crt_internal_free_policy@@@@QEAAPEAU__acrt_ptd@@XZ 00000001400053a0 f i libucrtd:per_thread_data.obj
 0001:000043a0       ?detach@?$__crt_unique_heap_ptr@U__crt_lowio_handle_data@@U__crt_internal_free_policy@@@@QEAAPEAU__crt_lowio_handle_data@@XZ 00000001400053a0 f i libucrtd:osfinfo.obj
 0001:000043a0       ?detach@?$__crt_unique_heap_ptr@U__crt_multibyte_data@@U__crt_internal_free_policy@@@@QEAAPEAU__crt_multibyte_data@@XZ 00000001400053a0 f i libucrtd:wsetlocale.obj
 0001:000043a0       ?detach@?$__crt_unique_heap_ptr@U__vcrt_ptd@@U__crt_internal_free_policy@@@@QEAAPEAU__vcrt_ptd@@XZ 00000001400053a0 f i libvcruntimed:per_thread_data.obj
 0001:00004410       __vcrt_freefls             0000000140005410 f   libvcruntimed:per_thread_data.obj
 0001:00004450       __vcrt_getptd              0000000140005450 f   libvcruntimed:per_thread_data.obj
 0001:00004480       __vcrt_getptd_noexit       0000000140005480 f   libvcruntimed:per_thread_data.obj
 0001:00004620       __vcrt_initialize_ptd      0000000140005620 f   libvcruntimed:per_thread_data.obj
 0001:00004670       __vcrt_uninitialize_ptd    0000000140005670 f   libvcruntimed:per_thread_data.obj
 0001:000046a0       __vcrt_initialize_locks    00000001400056a0 f   libvcruntimed:locks.obj
 0001:00004710       __vcrt_uninitialize_locks  0000000140005710 f   libvcruntimed:locks.obj
 0001:00004770       _vsprintf_s_l              0000000140005770 f i libvcruntimed:undname.obj
 0001:000047e0       sprintf_s                  00000001400057e0 f i libvcruntimed:undname.obj
 0001:00004840       ??$__crt_interlocked_exchange_pointer@UHINSTANCE__@@PEAU1@@@YAPEAUHINSTANCE__@@PEDSEAU0@QEAU0@@Z 0000000140005840 f i libvcruntimed:winapi_downlevel.obj
 0001:00004840       ??$__crt_interlocked_exchange_pointer@UHINSTANCE__@@PEAX@@YAPEAUHINSTANCE__@@PEDSEAU0@QEAX@Z 0000000140005840 f i libvcruntimed:winapi_downlevel.obj
 0001:00004840       ??$__crt_interlocked_exchange_pointer@XPEAX@@YAPEAXPEDSEAXQEAX@Z 0000000140005840 f i libvcruntimed:winapi_downlevel.obj
 0001:00004860       ??$__crt_interlocked_read_pointer@UHINSTANCE__@@@@YAPEAUHINSTANCE__@@PEDSEAU0@@Z 0000000140005860 f i libvcruntimed:winapi_downlevel.obj
 0001:00004860       ??$__crt_interlocked_read_pointer@X@@YAPEAXPEDSEAX@Z 0000000140005860 f i libvcruntimed:winapi_downlevel.obj
 0001:00004880       ?get_invalid_value@__crt_findfile_traits@@SAPEAXXZ 0000000140005880 f   libucrtd:argv_wildcards.obj
 0001:00004d70       __vcrt_FlsAlloc            0000000140005d70 f   libvcruntimed:winapi_downlevel.obj
 0001:00004dc0       __vcrt_FlsFree             0000000140005dc0 f   libvcruntimed:winapi_downlevel.obj
 0001:00004e10       __vcrt_FlsGetValue         0000000140005e10 f   libvcruntimed:winapi_downlevel.obj
 0001:00004e60       __vcrt_FlsSetValue         0000000140005e60 f   libvcruntimed:winapi_downlevel.obj
 0001:00004ec0       __vcrt_InitializeCriticalSectionEx 0000000140005ec0 f   libvcruntimed:winapi_downlevel.obj
 0001:00004f30       ??$?0AEAViterator@TryBlockMap@__FrameHandler3@@AEAV012@$0A@@?$pair@Viterator@TryBlockMap@__FrameHandler3@@V123@@std@@QEAA@AEAViterator@TryBlockMap@__FrameHandler3@@0@Z 0000000140005f30 f i libvcruntimed:risctrnsctrl.obj
 0001:00005040       ??$_CallSETranslator@V__FrameHandler3@@@@YAHPEAUEHExceptionRecord@@PEA_KPEAU_CONTEXT@@PEAU_xDISPATCHER_CONTEXT@@PEBU_s_FuncInfo@@K1H@Z 0000000140006040 f i libvcruntimed:risctrnsctrl.obj
 0001:000050d0       ??0iterator@HandlerMap@__FrameHandler3@@QEAA@AEAV12@I@Z 00000001400060d0 f i libvcruntimed:frame.obj
 0001:000050d0       ??0iterator@TryBlockMap@__FrameHandler3@@QEAA@AEAV12@I@Z 00000001400060d0 f i libvcruntimed:risctrnsctrl.obj
 0001:00005100       ?CatchTryBlock@__FrameHandler3@@SAPEBU_s_TryBlockMapEntry@@PEBU_s_FuncInfo@@H@Z 0000000140006100 f   libvcruntimed:risctrnsctrl.obj
 0001:00005190       ?ExecutionInCatch@__FrameHandler3@@SA_NPEAU_xDISPATCHER_CONTEXT@@PEBU_s_FuncInfo@@@Z 0000000140006190 f   libvcruntimed:risctrnsctrl.obj
 0001:000051e0       ?FrameUnwindToEmptyState@__FrameHandler3@@SAXPEA_KPEAU_xDISPATCHER_CONTEXT@@PEBU_s_FuncInfo@@@Z 00000001400061e0 f   libvcruntimed:risctrnsctrl.obj
 0001:00005280       ?GetEstablisherFrame@__FrameHandler3@@SAPEA_KPEA_KPEAU_xDISPATCHER_CONTEXT@@PEBU_s_FuncInfo@@0@Z 0000000140006280 f   libvcruntimed:risctrnsctrl.obj
 0001:000053f0       ?GetRangeOfTrysToCheck@__FrameHandler3@@SA?AU?$pair@Viterator@TryBlockMap@__FrameHandler3@@V123@@std@@AEAVTryBlockMap@1@HPEAU_xDISPATCHER_CONTEXT@@PEBU_s_FuncInfo@@H@Z 00000001400063f0 f   libvcruntimed:risctrnsctrl.obj
 0001:00005630       ?UnwindNestedFrames@__FrameHandler3@@SAXPEA_KPEAUEHExceptionRecord@@PEAU_CONTEXT@@0PEAXPEBU_s_FuncInfo@@HHPEBU_s_HandlerType@@PEAU_xDISPATCHER_CONTEXT@@E@Z 0000000140006630 f   libvcruntimed:risctrnsctrl.obj
 0001:000057a0       _CreateFrameInfo           00000001400067a0 f   libvcruntimed:risctrnsctrl.obj
 0001:00005810       _FindAndUnlinkFrame        0000000140006810 f   libvcruntimed:risctrnsctrl.obj
 0001:00005890       _GetImageBase              0000000140006890 f   libvcruntimed:risctrnsctrl.obj
 0001:000058b0       _GetThrowImageBase         00000001400068b0 f   libvcruntimed:risctrnsctrl.obj
 0001:000058d0       _SetImageBase              00000001400068d0 f   libvcruntimed:risctrnsctrl.obj
 0001:000058f0       _SetThrowImageBase         00000001400068f0 f   libvcruntimed:risctrnsctrl.obj
 0001:00005910       __CxxFrameHandler3         0000000140006910 f   libvcruntimed:risctrnsctrl.obj
 0001:000059f0       ?GetCurrentState@__FrameHandler3@@SAHPEA_KPEAU_xDISPATCHER_CONTEXT@@PEBU_s_FuncInfo@@@Z 00000001400069f0 f   libvcruntimed:ehstate.obj
 0001:00005a50       ?GetUnwindTryBlock@__FrameHandler3@@SAHPEA_KPEAU_xDISPATCHER_CONTEXT@@PEBU_s_FuncInfo@@@Z 0000000140006a50 f   libvcruntimed:ehstate.obj
 0001:00005aa0       ?SetState@__FrameHandler3@@SAXPEA_KPEBU_s_FuncInfo@@H@Z 0000000140006aa0 f   libvcruntimed:ehstate.obj
 0001:00005ad0       ?SetUnwindTryBlock@__FrameHandler3@@SAXPEA_KPEAU_xDISPATCHER_CONTEXT@@PEBU_s_FuncInfo@@H@Z 0000000140006ad0 f   libvcruntimed:ehstate.obj
 0001:00005b40       ?StateFromControlPc@__FrameHandler3@@SAHPEBU_s_FuncInfo@@PEAU_xDISPATCHER_CONTEXT@@@Z 0000000140006b40 f   libvcruntimed:ehstate.obj
 0001:00005b80       ?StateFromIp@__FrameHandler3@@SAHPEBU_s_FuncInfo@@PEAU_xDISPATCHER_CONTEXT@@_K@Z 0000000140006b80 f   libvcruntimed:ehstate.obj
 0001:00005c80       ?__RVAtoRealOffset@@YA_KPEAU_xDISPATCHER_CONTEXT@@H@Z 0000000140006c80 f i libvcruntimed:ehstate.obj
 0001:00006e70       ??$TypeMatchHelper@V__FrameHandler3@@@@YAHPEBU_s_HandlerType@@PEBU_s_CatchableType@@PEBU_s_ThrowInfo@@@Z 0000000140007e70 f i libvcruntimed:frame.obj
 0001:00007070       ??$__InternalCxxFrameHandler@V__FrameHandler3@@@@YA?AW4_EXCEPTION_DISPOSITION@@PEAUEHExceptionRecord@@PEA_KPEAU_CONTEXT@@PEAU_xDISPATCHER_CONTEXT@@PEBU_s_FuncInfo@@H1E@Z 0000000140008070 f i libvcruntimed:frame.obj
 0001:000074f0       ??$__InternalCxxFrameHandlerWrapper@V__FrameHandler3@@@@YA?AW4_EXCEPTION_DISPOSITION@@PEAUEHExceptionRecord@@PEA_KPEAU_CONTEXT@@PEAU_xDISPATCHER_CONTEXT@@PEBU_s_FuncInfo@@H1E@Z 00000001400084f0 f i libvcruntimed:frame.obj
 0001:00007560       ??0HandlerMap@__FrameHandler3@@QEAA@PEBU_s_TryBlockMapEntry@@_KI@Z 0000000140008560 f i libvcruntimed:frame.obj
 0001:000075b0       ??0TryBlockMap@__FrameHandler3@@QEAA@PEBU_s_FuncInfo@@_K@Z 00000001400085b0 f i libvcruntimed:frame.obj
 0001:000075e0       ??0bad_exception@std@@QEAA@AEBV01@@Z 00000001400085e0 f i libvcruntimed:frame.obj
 0001:00007620       ??0bad_exception@std@@QEAA@XZ 0000000140008620 f i libvcruntimed:frame.obj
 0001:00007660       ??0exception@std@@QEAA@AEBV01@@Z 0000000140008660 f i libvcruntimed:frame.obj
 0001:000076c0       ??0exception@std@@QEAA@QEBDH@Z 00000001400086c0 f i libvcruntimed:frame.obj
 0001:00007710       ??1bad_exception@std@@UEAA@XZ 0000000140008710 f i libvcruntimed:frame.obj
 0001:00007730       ??1exception@std@@UEAA@XZ  0000000140008730 f i libvcruntimed:frame.obj
 0001:00007760       ??8iterator@HandlerMap@__FrameHandler3@@QEBA_NAEBV012@@Z 0000000140008760 f i libvcruntimed:frame.obj
 0001:000077a0       ??8type_info@@QEBA_NAEBV0@@Z 00000001400087a0 f i libvcruntimed:frame.obj
 0001:00007820       ??9iterator@HandlerMap@__FrameHandler3@@QEBA_NAEBV012@@Z 0000000140008820 f i libvcruntimed:frame.obj
 0001:00007860       ??Diterator@HandlerMap@__FrameHandler3@@QEAA?BU_s_HandlerType@@XZ 0000000140008860 f i libvcruntimed:frame.obj
 0001:000078a0       ??Diterator@TryBlockMap@__FrameHandler3@@QEAA?BU_s_TryBlockMapEntry@@XZ 00000001400088a0 f i libvcruntimed:frame.obj
 0001:000078f0       ??Eiterator@HandlerMap@__FrameHandler3@@QEAAAEAV012@XZ 00000001400088f0 f i libvcruntimed:frame.obj
 0001:000078f0       ??Eiterator@TryBlockMap@__FrameHandler3@@QEAAAEAV012@XZ 00000001400088f0 f i libvcruntimed:frame.obj
 0001:00007910       ??Miterator@TryBlockMap@__FrameHandler3@@QEBA_NAEBV012@@Z 0000000140008910 f i libvcruntimed:frame.obj
 0001:00007950       ??_Ebad_exception@std@@UEAAPEAXI@Z 0000000140008950 f i libvcruntimed:frame.obj
 0001:00007950       ??_Gbad_exception@std@@UEAAPEAXI@Z 0000000140008950 f i libvcruntimed:frame.obj
 0001:00007990       ??_Eexception@std@@UEAAPEAXI@Z 0000000140008990 f i libvcruntimed:frame.obj
 0001:00007990       ??_Gexception@std@@UEAAPEAXI@Z 0000000140008990 f i libvcruntimed:frame.obj
 0001:000079d0       ?BuildCatchObject@__FrameHandler3@@SAXPEAUEHExceptionRecord@@PEAXPEBU_s_HandlerType@@PEBU_s_CatchableType@@@Z 00000001400089d0 f   libvcruntimed:frame.obj
 0001:00007a10       ?CxxCallCatchBlock@__FrameHandler3@@SAPEAXPEAU_EXCEPTION_RECORD@@@Z 0000000140008a10 f   libvcruntimed:frame.obj
 0001:00007d70       ?FrameUnwindToState@__FrameHandler3@@SAXPEA_KPEAU_xDISPATCHER_CONTEXT@@PEBU_s_FuncInfo@@H@Z 0000000140008d70 f   libvcruntimed:frame.obj
 0001:00007fc0       ?GetHandlerSearchState@__FrameHandler3@@SAHPEA_KPEAU_xDISPATCHER_CONTEXT@@PEBU_s_FuncInfo@@@Z 0000000140008fc0 f i libvcruntimed:frame.obj
 0001:00008070       ?GetMaxState@__FrameHandler3@@SAHPEAU_xDISPATCHER_CONTEXT@@PEBU_s_FuncInfo@@@Z 0000000140009070 f i libvcruntimed:frame.obj
 0001:00008270       ?TypeMatch@__FrameHandler3@@SAHPEBU_s_HandlerType@@PEBU_s_CatchableType@@PEBU_s_ThrowInfo@@@Z 0000000140009270 f   libvcruntimed:frame.obj
 0001:00008270       __TypeMatch                0000000140009270 f   libvcruntimed:frame.obj
 0001:000082a0       ?_CallMemberFunction1@@YAXQEAX00@Z 00000001400092a0 f i libvcruntimed:frame.obj
 0001:000082e0       ?_CallMemberFunction2@@YAXQEAX00H@Z 00000001400092e0 f i libvcruntimed:frame.obj
 0001:00008370       ?begin@HandlerMap@__FrameHandler3@@QEAA?AViterator@12@XZ 0000000140009370 f i libvcruntimed:frame.obj
 0001:000083a0       ?end@HandlerMap@__FrameHandler3@@QEAA?AViterator@12@XZ 00000001400093a0 f i libvcruntimed:frame.obj
 0001:000083d0       ?getESTypes@__FrameHandler3@@SAPEBU_s_ESTypeList@@PEBU_s_FuncInfo@@@Z 00000001400093d0 f i libvcruntimed:frame.obj
 0001:00008410       ?getLastEntry@HandlerMap@__FrameHandler3@@QEAAPEBU_s_HandlerType@@XZ 0000000140009410 f i libvcruntimed:frame.obj
 0001:00008430       ?getMagicNum@__FrameHandler3@@SAIPEBU_s_FuncInfo@@@Z 0000000140009430 f i libvcruntimed:frame.obj
 0001:00008450       ?getNumTryBlocks@TryBlockMap@__FrameHandler3@@QEAAIXZ 0000000140009450 f i libvcruntimed:frame.obj
 0001:00008470       ?isEHs@__FrameHandler3@@SA_NPEBU_s_FuncInfo@@@Z 0000000140009470 f i libvcruntimed:frame.obj
 0001:000084b0       ?isNoExcept@__FrameHandler3@@SA_NPEBU_s_FuncInfo@@@Z 00000001400094b0 f i libvcruntimed:frame.obj
 0001:000084f0       ?what@exception@std@@UEBAPEBDXZ 00000001400094f0 f i libvcruntimed:frame.obj
 0001:00008530       __vcrt_EncodePointer       0000000140009530 f i libvcruntimed:frame.obj
 0001:00008590       _CallSettingFrame          0000000140009590 f   libvcruntimed:handlers.obj
 0001:000085d0       ??$?RD@__crt_public_free_policy@@QEBAXQEBD@Z 00000001400095d0 f i libvcruntimed:std_exception.obj
 0001:000085f0       ??1?$__crt_unique_heap_ptr@DU__crt_public_free_policy@@@@QEAA@XZ 00000001400095f0 f i libvcruntimed:std_exception.obj
 0001:00008610       ?release@?$__crt_unique_heap_ptr@DU__crt_public_free_policy@@@@QEAAXXZ 0000000140009610 f i libvcruntimed:std_exception.obj
 0001:00008640       __std_exception_copy       0000000140009640 f   libvcruntimed:std_exception.obj
 0001:00008780       __std_exception_destroy    0000000140009780 f   libvcruntimed:std_exception.obj
 0001:000087c0       _CxxThrowException         00000001400097c0 f   libvcruntimed:throw.obj
 0001:00008900       ??$?0AEBV?$string_output_adapter@D@__crt_stdio_output@@AEB_KAEBQEBDAEAV__crt_cached_ptd_host@@AEBQEAD@?$format_validation_base@DV?$string_output_adapter@D@__crt_stdio_output@@@__crt_stdio_output@@IEAA@AEBV?$string_output_adapter@D@1@AEB_KAEBQEBDAEAV__crt_cached_ptd_host@@AEBQEAD@Z 0000000140009900 f i libucrtd:output.obj
 0001:00008950       ??$?0AEBV?$string_output_adapter@D@__crt_stdio_output@@AEB_KAEBQEBDAEAV__crt_cached_ptd_host@@AEBQEAD@?$standard_base@DV?$string_output_adapter@D@__crt_stdio_output@@@__crt_stdio_output@@IEAA@AEBV?$string_output_adapter@D@1@AEB_KAEBQEBDAEAV__crt_cached_ptd_host@@AEBQEAD@Z 0000000140009950 f i libucrtd:output.obj
 0001:000089c0       ??$?0AEBV?$string_output_adapter@_W@__crt_stdio_output@@AEB_KAEBQEB_WAEAV__crt_cached_ptd_host@@AEBQEAD@?$format_validation_base@_WV?$string_output_adapter@_W@__crt_stdio_output@@@__crt_stdio_output@@IEAA@AEBV?$string_output_adapter@_W@1@AEB_KAEBQEB_WAEAV__crt_cached_ptd_host@@AEBQEAD@Z 00000001400099c0 f i libucrtd:output.obj
 0001:00008a10       ??$?0AEBV?$string_output_adapter@_W@__crt_stdio_output@@AEB_KAEBQEB_WAEAV__crt_cached_ptd_host@@AEBQEAD@?$standard_base@_WV?$string_output_adapter@_W@__crt_stdio_output@@@__crt_stdio_output@@IEAA@AEBV?$string_output_adapter@_W@1@AEB_KAEBQEB_WAEAV__crt_cached_ptd_host@@AEBQEAD@Z 0000000140009a10 f i libucrtd:output.obj
 0001:00008a80       ??$__crt_interlocked_read@J@@YAJPEDJ@Z 0000000140009a80 f i libucrtd:output.obj
 0001:00008aa0       ??$_tcstol_internal@DPEAPEAD$0A@@@YAJAEAV__crt_cached_ptd_host@@QEBDQEAPEADH@Z 0000000140009aa0 f i libucrtd:output.obj
 0001:00008af0       ??$_tcstol_internal@_WPEAPEA_W$0A@@@YAJAEAV__crt_cached_ptd_host@@QEB_WQEAPEA_WH@Z 0000000140009af0 f i libucrtd:output.obj
 0001:0000ab80       ??$count@D@formatting_buffer@__crt_stdio_output@@QEBA_KXZ 000000014000bb80 f i libucrtd:output.obj
 0001:0000abd0       ??$count@_W@formatting_buffer@__crt_stdio_output@@QEBA_KXZ 000000014000bbd0 f i libucrtd:output.obj
 0001:0000ac20       ??$data@D@formatting_buffer@__crt_stdio_output@@QEAAPEADXZ 000000014000bc20 f i libucrtd:output.obj
 0001:0000ac20       ??$data@_W@formatting_buffer@__crt_stdio_output@@QEAAPEA_WXZ 000000014000bc20 f i libucrtd:output.obj
 0001:0000ac70       ??$ensure_buffer_is_big_enough@D@formatting_buffer@__crt_stdio_output@@QEAA_N_KAEAV__crt_cached_ptd_host@@@Z 000000014000bc70 f i libucrtd:output.obj
 0001:0000adb0       ??$ensure_buffer_is_big_enough@_W@formatting_buffer@__crt_stdio_output@@QEAA_N_KAEAV__crt_cached_ptd_host@@@Z 000000014000bdb0 f i libucrtd:output.obj
 0001:0000aef0       ??$extract_argument_from_va_list@C_J@?$standard_base@DV?$string_output_adapter@D@__crt_stdio_output@@@__crt_stdio_output@@IEAA_NAEA_J@Z 000000014000bef0 f i libucrtd:output.obj
 0001:0000aef0       ??$extract_argument_from_va_list@C_J@?$standard_base@_WV?$string_output_adapter@_W@__crt_stdio_output@@@__crt_stdio_output@@IEAA_NAEA_J@Z 000000014000bef0 f i libucrtd:output.obj
 0001:0000af30       ??$extract_argument_from_va_list@E_J@?$standard_base@DV?$string_output_adapter@D@__crt_stdio_output@@@__crt_stdio_output@@IEAA_NAEA_J@Z 000000014000bf30 f i libucrtd:output.obj
 0001:0000af30       ??$extract_argument_from_va_list@E_J@?$standard_base@_WV?$string_output_adapter@_W@__crt_stdio_output@@@__crt_stdio_output@@IEAA_NAEA_J@Z 000000014000bf30 f i libucrtd:output.obj
 0001:0000af70       ??$extract_argument_from_va_list@F_J@?$standard_base@DV?$string_output_adapter@D@__crt_stdio_output@@@__crt_stdio_output@@IEAA_NAEA_J@Z 000000014000bf70 f i libucrtd:output.obj
 0001:0000af70       ??$extract_argument_from_va_list@F_J@?$standard_base@_WV?$string_output_adapter@_W@__crt_stdio_output@@@__crt_stdio_output@@IEAA_NAEA_J@Z 000000014000bf70 f i libucrtd:output.obj
 0001:0000afb0       ??$extract_argument_from_va_list@GD@?$standard_base@DV?$string_output_adapter@D@__crt_stdio_output@@@__crt_stdio_output@@IEAA_NAEAD@Z 000000014000bfb0 f i libucrtd:output.obj
 0001:0000afe0       ??$extract_argument_from_va_list@G_J@?$standard_base@DV?$string_output_adapter@D@__crt_stdio_output@@@__crt_stdio_output@@IEAA_NAEA_J@Z 000000014000bfe0 f i libucrtd:output.obj
 0001:0000afe0       ??$extract_argument_from_va_list@G_J@?$standard_base@_WV?$string_output_adapter@_W@__crt_stdio_output@@@__crt_stdio_output@@IEAA_NAEA_J@Z 000000014000bfe0 f i libucrtd:output.obj
 0001:0000b020       ??$extract_argument_from_va_list@H_J@?$standard_base@DV?$string_output_adapter@D@__crt_stdio_output@@@__crt_stdio_output@@IEAA_NAEA_J@Z 000000014000c020 f i libucrtd:output.obj
 0001:0000b020       ??$extract_argument_from_va_list@H_J@?$standard_base@_WV?$string_output_adapter@_W@__crt_stdio_output@@@__crt_stdio_output@@IEAA_NAEA_J@Z 000000014000c020 f i libucrtd:output.obj
 0001:0000b050       ??$extract_argument_from_va_list@I_J@?$standard_base@DV?$string_output_adapter@D@__crt_stdio_output@@@__crt_stdio_output@@IEAA_NAEA_J@Z 000000014000c050 f i libucrtd:output.obj
 0001:0000b050       ??$extract_argument_from_va_list@I_J@?$standard_base@_WV?$string_output_adapter@_W@__crt_stdio_output@@@__crt_stdio_output@@IEAA_NAEA_J@Z 000000014000c050 f i libucrtd:output.obj
 0001:0000b080       ??$extract_argument_from_va_list@PEADPEAD@?$standard_base@DV?$string_output_adapter@D@__crt_stdio_output@@@__crt_stdio_output@@IEAA_NAEAPEAD@Z 000000014000c080 f i libucrtd:output.obj
 0001:0000b080       ??$extract_argument_from_va_list@PEADPEAD@?$standard_base@_WV?$string_output_adapter@_W@__crt_stdio_output@@@__crt_stdio_output@@IEAA_NAEAPEAD@Z 000000014000c080 f i libucrtd:output.obj
 0001:0000b080       ??$extract_argument_from_va_list@PEAUansi_string@?1??type_case_Z@?$output_processor@DV?$string_output_adapter@D@__crt_stdio_output@@V?$format_validation_base@DV?$string_output_adapter@D@__crt_stdio_output@@@2@@__crt_stdio_output@@AEAA_NXZ@PEAU1?1??234@AEAA_NXZ@@?$standard_base@DV?$string_output_adapter@D@__crt_stdio_output@@@__crt_stdio_output@@IEAA_NAEAPEAUansi_string@?1??type_case_Z@?$output_processor@DV?$string_output_adapter@D@__crt_stdio_output@@V?$format_validation_base@DV?$string_output_adapter@D@__crt_stdio_output@@@2@@1@AEAA_NXZ@@Z 000000014000c080 f i libucrtd:output.obj
 0001:0000b080       ??$extract_argument_from_va_list@PEAUansi_string@?1??type_case_Z@?$output_processor@DV?$string_output_adapter@D@__crt_stdio_output@@V?$standard_base@DV?$string_output_adapter@D@__crt_stdio_output@@@2@@__crt_stdio_output@@AEAA_NXZ@PEAU1?1??234@AEAA_NXZ@@?$standard_base@DV?$string_output_adapter@D@__crt_stdio_output@@@__crt_stdio_output@@IEAA_NAEAPEAUansi_string@?1??type_case_Z@?$output_processor@DV?$string_output_adapter@D@__crt_stdio_output@@V?$standard_base@DV?$string_output_adapter@D@__crt_stdio_output@@@2@@1@AEAA_NXZ@@Z 000000014000c080 f i libucrtd:output.obj
 0001:0000b080       ??$extract_argument_from_va_list@PEAUansi_string@?1??type_case_Z@?$output_processor@_WV?$string_output_adapter@_W@__crt_stdio_output@@V?$format_validation_base@_WV?$string_output_adapter@_W@__crt_stdio_output@@@2@@__crt_stdio_output@@AEAA_NXZ@PEAU1?1??234@AEAA_NXZ@@?$standard_base@_WV?$string_output_adapter@_W@__crt_stdio_output@@@__crt_stdio_output@@IEAA_NAEAPEAUansi_string@?1??type_case_Z@?$output_processor@_WV?$string_output_adapter@_W@__crt_stdio_output@@V?$format_validation_base@_WV?$string_output_adapter@_W@__crt_stdio_output@@@2@@1@AEAA_NXZ@@Z 000000014000c080 f i libucrtd:output.obj
 0001:0000b080       ??$extract_argument_from_va_list@PEAXPEAX@?$standard_base@DV?$string_output_adapter@D@__crt_stdio_output@@@__crt_stdio_output@@IEAA_NAEAPEAX@Z 000000014000c080 f i libucrtd:output.obj
 0001:0000b080       ??$extract_argument_from_va_list@PEAXPEAX@?$standard_base@_WV?$string_output_adapter@_W@__crt_stdio_output@@@__crt_stdio_output@@IEAA_NAEAPEAX@Z 000000014000c080 f i libucrtd:output.obj
 0001:0000b080       ??$extract_argument_from_va_list@_J_J@?$standard_base@DV?$string_output_adapter@D@__crt_stdio_output@@@__crt_stdio_output@@IEAA_NAEA_J@Z 000000014000c080 f i libucrtd:output.obj
 0001:0000b080       ??$extract_argument_from_va_list@_J_J@?$standard_base@_WV?$string_output_adapter@_W@__crt_stdio_output@@@__crt_stdio_output@@IEAA_NAEA_J@Z 000000014000c080 f i libucrtd:output.obj
 0001:0000b080       ??$extract_argument_from_va_list@_K_J@?$standard_base@DV?$string_output_adapter@D@__crt_stdio_output@@@__crt_stdio_output@@IEAA_NAEA_J@Z 000000014000c080 f i libucrtd:output.obj
 0001:0000b080       ??$extract_argument_from_va_list@_K_J@?$standard_base@_WV?$string_output_adapter@_W@__crt_stdio_output@@@__crt_stdio_output@@IEAA_NAEA_J@Z 000000014000c080 f i libucrtd:output.obj
 0001:0000b0b0       ??$extract_argument_from_va_list@U_CRT_DOUBLE@@U1@@?$standard_base@DV?$string_output_adapter@D@__crt_stdio_output@@@__crt_stdio_output@@IEAA_NAEAU_CRT_DOUBLE@@@Z 000000014000c0b0 f i libucrtd:output.obj
 0001:0000b0b0       ??$extract_argument_from_va_list@U_CRT_DOUBLE@@U1@@?$standard_base@_WV?$string_output_adapter@_W@__crt_stdio_output@@@__crt_stdio_output@@IEAA_NAEAU_CRT_DOUBLE@@@Z 000000014000c0b0 f i libucrtd:output.obj
 0001:0000b100       ??$extract_argument_from_va_list@_W_W@?$standard_base@DV?$string_output_adapter@D@__crt_stdio_output@@@__crt_stdio_output@@IEAA_NAEA_W@Z 000000014000c100 f i libucrtd:output.obj
 0001:0000b100       ??$extract_argument_from_va_list@_W_W@?$standard_base@_WV?$string_output_adapter@_W@__crt_stdio_output@@@__crt_stdio_output@@IEAA_NAEA_W@Z 000000014000c100 f i libucrtd:output.obj
 0001:0000b130       ??$is_overflow_condition@K@__crt_strtox@@YA_NIK@Z 000000014000c130 f i libucrtd:output.obj
 0001:0000b1a0       ??$is_wide_character_specifier@D@__crt_stdio_output@@YA_N_KDW4length_modifier@0@@Z 000000014000c1a0 f i libucrtd:output.obj
 0001:0000b240       ??$is_wide_character_specifier@_W@__crt_stdio_output@@YA_N_K_WW4length_modifier@0@@Z 000000014000c240 f i libucrtd:output.obj
 0001:0000b310       ??$make_c_string_character_source@DPEAPEAD@__crt_strtox@@YA?AV?$c_string_character_source@D@0@QEBDQEAPEAD@Z 000000014000c310 f i libucrtd:output.obj
 0001:0000b310       ??$make_c_string_character_source@_WPEAPEA_W@__crt_strtox@@YA?AV?$c_string_character_source@_W@0@QEB_WQEAPEA_W@Z 000000014000c310 f i libucrtd:output.obj
 0001:0000b350       ??$parse_integer@KV?$c_string_character_source@D@__crt_strtox@@$0A@@__crt_strtox@@YAKAEAV__crt_cached_ptd_host@@V?$c_string_character_source@D@0@H_N@Z 000000014000c350 f i libucrtd:output.obj
 0001:0000b7d0       ??$parse_integer@KV?$c_string_character_source@_W@__crt_strtox@@$0A@@__crt_strtox@@YAKAEAV__crt_cached_ptd_host@@V?$c_string_character_source@_W@0@H_N@Z 000000014000c7d0 f i libucrtd:output.obj
 0001:0000bc50       ??$read_va_arg@C@__crt_stdio_output@@YACAEAPEAD@Z 000000014000cc50 f i libucrtd:output.obj
 0001:0000bc50       ??$read_va_arg@E@__crt_stdio_output@@YAEAEAPEAD@Z 000000014000cc50 f i libucrtd:output.obj
 0001:0000bcc0       ??$read_va_arg@F@__crt_stdio_output@@YAFAEAPEAD@Z 000000014000ccc0 f i libucrtd:output.obj
 0001:0000bcc0       ??$read_va_arg@G@__crt_stdio_output@@YAGAEAPEAD@Z 000000014000ccc0 f i libucrtd:output.obj
 0001:0000bcc0       ??$read_va_arg@_W@__crt_stdio_output@@YA_WAEAPEAD@Z 000000014000ccc0 f i libucrtd:output.obj
 0001:0000bd30       ??$read_va_arg@H@__crt_stdio_output@@YAHAEAPEAD@Z 000000014000cd30 f i libucrtd:output.obj
 0001:0000bd30       ??$read_va_arg@I@__crt_stdio_output@@YAIAEAPEAD@Z 000000014000cd30 f i libucrtd:output.obj
 0001:0000bd90       ??$read_va_arg@PEAD@__crt_stdio_output@@YAPEADAEAPEAD@Z 000000014000cd90 f i libucrtd:output.obj
 0001:0000bd90       ??$read_va_arg@PEAUansi_string@?1??type_case_Z@?$output_processor@DV?$string_output_adapter@D@__crt_stdio_output@@V?$format_validation_base@DV?$string_output_adapter@D@__crt_stdio_output@@@2@@__crt_stdio_output@@AEAA_NXZ@@__crt_stdio_output@@YAPEAUansi_string@?1??type_case_Z@?$output_processor@DV?$string_output_adapter@D@__crt_stdio_output@@V?$format_validation_base@DV?$string_output_adapter@D@__crt_stdio_output@@@2@@0@AEAA_NXZ@AEAPEAD@Z 000000014000cd90 f i libucrtd:output.obj
 0001:0000bd90       ??$read_va_arg@PEAUansi_string@?1??type_case_Z@?$output_processor@DV?$string_output_adapter@D@__crt_stdio_output@@V?$standard_base@DV?$string_output_adapter@D@__crt_stdio_output@@@2@@__crt_stdio_output@@AEAA_NXZ@@__crt_stdio_output@@YAPEAUansi_string@?1??type_case_Z@?$output_processor@DV?$string_output_adapter@D@__crt_stdio_output@@V?$standard_base@DV?$string_output_adapter@D@__crt_stdio_output@@@2@@0@AEAA_NXZ@AEAPEAD@Z 000000014000cd90 f i libucrtd:output.obj
 0001:0000bd90       ??$read_va_arg@PEAUansi_string@?1??type_case_Z@?$output_processor@_WV?$string_output_adapter@_W@__crt_stdio_output@@V?$format_validation_base@_WV?$string_output_adapter@_W@__crt_stdio_output@@@2@@__crt_stdio_output@@AEAA_NXZ@@__crt_stdio_output@@YAPEAUansi_string@?1??type_case_Z@?$output_processor@_WV?$string_output_adapter@_W@__crt_stdio_output@@V?$format_validation_base@_WV?$string_output_adapter@_W@__crt_stdio_output@@@2@@0@AEAA_NXZ@AEAPEAD@Z 000000014000cd90 f i libucrtd:output.obj
 0001:0000bd90       ??$read_va_arg@PEAX@__crt_stdio_output@@YAPEAXAEAPEAD@Z 000000014000cd90 f i libucrtd:output.obj
 0001:0000bd90       ??$read_va_arg@U_CRT_DOUBLE@@@__crt_stdio_output@@YA?AU_CRT_DOUBLE@@AEAPEAD@Z 000000014000cd90 f i libucrtd:output.obj
 0001:0000bd90       ??$read_va_arg@_J@__crt_stdio_output@@YA_JAEAPEAD@Z 000000014000cd90 f i libucrtd:output.obj
 0001:0000bd90       ??$read_va_arg@_K@__crt_stdio_output@@YA_KAEAPEAD@Z 000000014000cd90 f i libucrtd:output.obj
 0001:0000be00       ??$scratch_count@D@formatting_buffer@__crt_stdio_output@@QEBA_KXZ 000000014000ce00 f i libucrtd:output.obj
 0001:0000be20       ??$scratch_data@D@formatting_buffer@__crt_stdio_output@@QEAAPEADXZ 000000014000ce20 f i libucrtd:output.obj
 0001:0000be90       ??$type_case_integer@$07@?$output_processor@DV?$string_output_adapter@D@__crt_stdio_output@@V?$format_validation_base@DV?$string_output_adapter@D@__crt_stdio_output@@@2@@__crt_stdio_output@@AEAA_N_N@Z 000000014000ce90 f i libucrtd:output.obj
 0001:0000c310       ??$type_case_integer@$07@?$output_processor@DV?$string_output_adapter@D@__crt_stdio_output@@V?$standard_base@DV?$string_output_adapter@D@__crt_stdio_output@@@2@@__crt_stdio_output@@AEAA_N_N@Z 000000014000d310 f i libucrtd:output.obj
 0001:0000c790       ??$type_case_integer@$07@?$output_processor@_WV?$string_output_adapter@_W@__crt_stdio_output@@V?$format_validation_base@_WV?$string_output_adapter@_W@__crt_stdio_output@@@2@@__crt_stdio_output@@AEAA_N_N@Z 000000014000d790 f i libucrtd:output.obj
 0001:0000cc10       ??$type_case_integer@$09@?$output_processor@DV?$string_output_adapter@D@__crt_stdio_output@@V?$format_validation_base@DV?$string_output_adapter@D@__crt_stdio_output@@@2@@__crt_stdio_output@@AEAA_N_N@Z 000000014000dc10 f i libucrtd:output.obj
 0001:0000d090       ??$type_case_integer@$09@?$output_processor@DV?$string_output_adapter@D@__crt_stdio_output@@V?$standard_base@DV?$string_output_adapter@D@__crt_stdio_output@@@2@@__crt_stdio_output@@AEAA_N_N@Z 000000014000e090 f i libucrtd:output.obj
 0001:0000d510       ??$type_case_integer@$09@?$output_processor@_WV?$string_output_adapter@_W@__crt_stdio_output@@V?$format_validation_base@_WV?$string_output_adapter@_W@__crt_stdio_output@@@2@@__crt_stdio_output@@AEAA_N_N@Z 000000014000e510 f i libucrtd:output.obj
 0001:0000d990       ??$type_case_integer@$0BA@@?$output_processor@DV?$string_output_adapter@D@__crt_stdio_output@@V?$format_validation_base@DV?$string_output_adapter@D@__crt_stdio_output@@@2@@__crt_stdio_output@@AEAA_N_N@Z 000000014000e990 f i libucrtd:output.obj
 0001:0000de10       ??$type_case_integer@$0BA@@?$output_processor@DV?$string_output_adapter@D@__crt_stdio_output@@V?$standard_base@DV?$string_output_adapter@D@__crt_stdio_output@@@2@@__crt_stdio_output@@AEAA_N_N@Z 000000014000ee10 f i libucrtd:output.obj
 0001:0000e290       ??$type_case_integer@$0BA@@?$output_processor@_WV?$string_output_adapter@_W@__crt_stdio_output@@V?$format_validation_base@_WV?$string_output_adapter@_W@__crt_stdio_output@@@2@@__crt_stdio_output@@AEAA_N_N@Z 000000014000f290 f i libucrtd:output.obj
 0001:0000e710       ??$type_case_integer_parse_into_buffer@I$07@?$output_processor@DV?$string_output_adapter@D@__crt_stdio_output@@V?$format_validation_base@DV?$string_output_adapter@D@__crt_stdio_output@@@2@@__crt_stdio_output@@AEAAXI_N@Z 000000014000f710 f i libucrtd:output.obj
 0001:0000e710       ??$type_case_integer_parse_into_buffer@I$07@?$output_processor@DV?$string_output_adapter@D@__crt_stdio_output@@V?$standard_base@DV?$string_output_adapter@D@__crt_stdio_output@@@2@@__crt_stdio_output@@AEAAXI_N@Z 000000014000f710 f i libucrtd:output.obj
 0001:0000e840       ??$type_case_integer_parse_into_buffer@I$07@?$output_processor@_WV?$string_output_adapter@_W@__crt_stdio_output@@V?$format_validation_base@_WV?$string_output_adapter@_W@__crt_stdio_output@@@2@@__crt_stdio_output@@AEAAXI_N@Z 000000014000f840 f i libucrtd:output.obj
 0001:0000e980       ??$type_case_integer_parse_into_buffer@I$09@?$output_processor@DV?$string_output_adapter@D@__crt_stdio_output@@V?$format_validation_base@DV?$string_output_adapter@D@__crt_stdio_output@@@2@@__crt_stdio_output@@AEAAXI_N@Z 000000014000f980 f i libucrtd:output.obj
 0001:0000e980       ??$type_case_integer_parse_into_buffer@I$09@?$output_processor@DV?$string_output_adapter@D@__crt_stdio_output@@V?$standard_base@DV?$string_output_adapter@D@__crt_stdio_output@@@2@@__crt_stdio_output@@AEAAXI_N@Z 000000014000f980 f i libucrtd:output.obj
 0001:0000eab0       ??$type_case_integer_parse_into_buffer@I$09@?$output_processor@_WV?$string_output_adapter@_W@__crt_stdio_output@@V?$format_validation_base@_WV?$string_output_adapter@_W@__crt_stdio_output@@@2@@__crt_stdio_output@@AEAAXI_N@Z 000000014000fab0 f i libucrtd:output.obj
 0001:0000ebf0       ??$type_case_integer_parse_into_buffer@I$0BA@@?$output_processor@DV?$string_output_adapter@D@__crt_stdio_output@@V?$format_validation_base@DV?$string_output_adapter@D@__crt_stdio_output@@@2@@__crt_stdio_output@@AEAAXI_N@Z 000000014000fbf0 f i libucrtd:output.obj
 0001:0000ebf0       ??$type_case_integer_parse_into_buffer@I$0BA@@?$output_processor@DV?$string_output_adapter@D@__crt_stdio_output@@V?$standard_base@DV?$string_output_adapter@D@__crt_stdio_output@@@2@@__crt_stdio_output@@AEAAXI_N@Z 000000014000fbf0 f i libucrtd:output.obj
 0001:0000ed20       ??$type_case_integer_parse_into_buffer@I$0BA@@?$output_processor@_WV?$string_output_adapter@_W@__crt_stdio_output@@V?$format_validation_base@_WV?$string_output_adapter@_W@__crt_stdio_output@@@2@@__crt_stdio_output@@AEAAXI_N@Z 000000014000fd20 f i libucrtd:output.obj
 0001:0000ee60       ??$type_case_integer_parse_into_buffer@_K$07@?$output_processor@DV?$string_output_adapter@D@__crt_stdio_output@@V?$format_validation_base@DV?$string_output_adapter@D@__crt_stdio_output@@@2@@__crt_stdio_output@@AEAAX_K_N@Z 000000014000fe60 f i libucrtd:output.obj
 0001:0000ee60       ??$type_case_integer_parse_into_buffer@_K$07@?$output_processor@DV?$string_output_adapter@D@__crt_stdio_output@@V?$standard_base@DV?$string_output_adapter@D@__crt_stdio_output@@@2@@__crt_stdio_output@@AEAAX_K_N@Z 000000014000fe60 f i libucrtd:output.obj
 0001:0000efa0       ??$type_case_integer_parse_into_buffer@_K$07@?$output_processor@_WV?$string_output_adapter@_W@__crt_stdio_output@@V?$format_validation_base@_WV?$string_output_adapter@_W@__crt_stdio_output@@@2@@__crt_stdio_output@@AEAAX_K_N@Z 000000014000ffa0 f i libucrtd:output.obj
 0001:0000f0e0       ??$type_case_integer_parse_into_buffer@_K$09@?$output_processor@DV?$string_output_adapter@D@__crt_stdio_output@@V?$format_validation_base@DV?$string_output_adapter@D@__crt_stdio_output@@@2@@__crt_stdio_output@@AEAAX_K_N@Z 00000001400100e0 f i libucrtd:output.obj
 0001:0000f0e0       ??$type_case_integer_parse_into_buffer@_K$09@?$output_processor@DV?$string_output_adapter@D@__crt_stdio_output@@V?$standard_base@DV?$string_output_adapter@D@__crt_stdio_output@@@2@@__crt_stdio_output@@AEAAX_K_N@Z 00000001400100e0 f i libucrtd:output.obj
 0001:0000f220       ??$type_case_integer_parse_into_buffer@_K$09@?$output_processor@_WV?$string_output_adapter@_W@__crt_stdio_output@@V?$format_validation_base@_WV?$string_output_adapter@_W@__crt_stdio_output@@@2@@__crt_stdio_output@@AEAAX_K_N@Z 0000000140010220 f i libucrtd:output.obj
 0001:0000f360       ??$type_case_integer_parse_into_buffer@_K$0BA@@?$output_processor@DV?$string_output_adapter@D@__crt_stdio_output@@V?$format_validation_base@DV?$string_output_adapter@D@__crt_stdio_output@@@2@@__crt_stdio_output@@AEAAX_K_N@Z 0000000140010360 f i libucrtd:output.obj
 0001:0000f360       ??$type_case_integer_parse_into_buffer@_K$0BA@@?$output_processor@DV?$string_output_adapter@D@__crt_stdio_output@@V?$standard_base@DV?$string_output_adapter@D@__crt_stdio_output@@@2@@__crt_stdio_output@@AEAAX_K_N@Z 0000000140010360 f i libucrtd:output.obj
 0001:0000f4a0       ??$type_case_integer_parse_into_buffer@_K$0BA@@?$output_processor@_WV?$string_output_adapter@_W@__crt_stdio_output@@V?$format_validation_base@_WV?$string_output_adapter@_W@__crt_stdio_output@@@2@@__crt_stdio_output@@AEAAX_K_N@Z 00000001400104a0 f i libucrtd:output.obj
 0001:0000f5e0       ??$write_multiple_characters@V?$string_output_adapter@D@__crt_stdio_output@@D@__crt_stdio_output@@YAXAEBV?$string_output_adapter@D@0@DHQEAHAEAV__crt_cached_ptd_host@@@Z 00000001400105e0 f i libucrtd:output.obj
 0001:0000f650       ??$write_multiple_characters@V?$string_output_adapter@_W@__crt_stdio_output@@D@__crt_stdio_output@@YAXAEBV?$string_output_adapter@_W@0@DHQEAHAEAV__crt_cached_ptd_host@@@Z 0000000140010650 f i libucrtd:output.obj
 0001:0000f6c0       ??0?$c_string_character_source@D@__crt_strtox@@QEAA@QEBDQEAPEBD@Z 00000001400106c0 f i libucrtd:output.obj
 0001:0000f6c0       ??0?$c_string_character_source@_W@__crt_strtox@@QEAA@QEB_WQEAPEB_W@Z 00000001400106c0 f i libucrtd:output.obj
 0001:0000f710       ??0?$cached@H@__crt_cached_ptd_host@@QEAA@XZ 0000000140010710 f i libucrtd:output.obj
 0001:0000f710       ??0?$cached@K@__crt_cached_ptd_host@@QEAA@XZ 0000000140010710 f i libucrtd:output.obj
 0001:0000f730       ??0?$common_data@D@__crt_stdio_output@@IEAA@AEAV__crt_cached_ptd_host@@@Z 0000000140010730 f i libucrtd:output.obj
 0001:0000f7f0       ??0?$common_data@_W@__crt_stdio_output@@IEAA@AEAV__crt_cached_ptd_host@@@Z 00000001400107f0 f i libucrtd:output.obj
 0001:0000f8b0       ??0?$output_adapter_data@DV?$string_output_adapter@D@__crt_stdio_output@@@__crt_stdio_output@@IEAA@AEBV?$string_output_adapter@D@1@_KQEBDAEAV__crt_cached_ptd_host@@QEAD@Z 00000001400108b0 f i libucrtd:output.obj
 0001:0000f930       ??0?$output_adapter_data@_WV?$string_output_adapter@_W@__crt_stdio_output@@@__crt_stdio_output@@IEAA@AEBV?$string_output_adapter@_W@1@_KQEB_WAEAV__crt_cached_ptd_host@@QEAD@Z 0000000140010930 f i libucrtd:output.obj
 0001:0000f9b0       ??0?$output_processor@DV?$string_output_adapter@D@__crt_stdio_output@@V?$format_validation_base@DV?$string_output_adapter@D@__crt_stdio_output@@@2@@__crt_stdio_output@@QEAA@AEBV?$string_output_adapter@D@1@_KQEBDAEAV__crt_cached_ptd_host@@QEAD@Z 00000001400109b0 f i libucrtd:output.obj
 0001:0000fa00       ??0?$output_processor@DV?$string_output_adapter@D@__crt_stdio_output@@V?$standard_base@DV?$string_output_adapter@D@__crt_stdio_output@@@2@@__crt_stdio_output@@QEAA@AEBV?$string_output_adapter@D@1@_KQEBDAEAV__crt_cached_ptd_host@@QEAD@Z 0000000140010a00 f i libucrtd:output.obj
 0001:0000fa50       ??0?$output_processor@_WV?$string_output_adapter@_W@__crt_stdio_output@@V?$format_validation_base@_WV?$string_output_adapter@_W@__crt_stdio_output@@@2@@__crt_stdio_output@@QEAA@AEBV?$string_output_adapter@_W@1@_KQEB_WAEAV__crt_cached_ptd_host@@QEAD@Z 0000000140010a50 f i libucrtd:output.obj
 0001:0000faa0       ??0__crt_cached_ptd_host@@QEAA@QEAU__crt_locale_pointers@@@Z 0000000140010aa0 f i libucrtd:output.obj
 0001:0000fb60       ??0__crt_scoped_get_last_error_reset@@QEAA@XZ 0000000140010b60 f i libucrtd:output.obj
 0001:0000fb80       ??0formatting_buffer@__crt_stdio_output@@QEAA@XZ 0000000140010b80 f i libucrtd:output.obj
 0001:0000fbc0       ??0guard@?$cached@H@__crt_cached_ptd_host@@QEAA@AEAU12@@Z 0000000140010bc0 f i libucrtd:output.obj
 0001:0000fc00       ??1?$c_string_character_source@D@__crt_strtox@@QEAA@XZ 0000000140010c00 f i libucrtd:output.obj
 0001:0000fc00       ??1?$c_string_character_source@_W@__crt_strtox@@QEAA@XZ 0000000140010c00 f i libucrtd:output.obj
 0001:0000fc30       ??1?$common_data@D@__crt_stdio_output@@QEAA@XZ 0000000140010c30 f i libucrtd:output.obj
 0001:0000fc30       ??1?$common_data@_W@__crt_stdio_output@@QEAA@XZ 0000000140010c30 f i libucrtd:output.obj
 0001:0000fc50       ??1?$format_validation_base@DV?$string_output_adapter@D@__crt_stdio_output@@@__crt_stdio_output@@QEAA@XZ 0000000140010c50 f i libucrtd:output.obj
 0001:0000fc50       ??1?$format_validation_base@_WV?$string_output_adapter@_W@__crt_stdio_output@@@__crt_stdio_output@@QEAA@XZ 0000000140010c50 f i libucrtd:output.obj
 0001:0000fc50       ??1?$output_processor@DV?$string_output_adapter@D@__crt_stdio_output@@V?$standard_base@DV?$string_output_adapter@D@__crt_stdio_output@@@2@@__crt_stdio_output@@QEAA@XZ 0000000140010c50 f i libucrtd:output.obj
 0001:0000fc70       ??1?$output_adapter_data@DV?$string_output_adapter@D@__crt_stdio_output@@@__crt_stdio_output@@QEAA@XZ 0000000140010c70 f i libucrtd:output.obj
 0001:0000fc70       ??1?$output_adapter_data@_WV?$string_output_adapter@_W@__crt_stdio_output@@@__crt_stdio_output@@QEAA@XZ 0000000140010c70 f i libucrtd:output.obj
 0001:0000fc90       ??1?$output_processor@DV?$string_output_adapter@D@__crt_stdio_output@@V?$format_validation_base@DV?$string_output_adapter@D@__crt_stdio_output@@@2@@__crt_stdio_output@@QEAA@XZ 0000000140010c90 f i libucrtd:output.obj
 0001:0000fc90       ??1?$output_processor@_WV?$string_output_adapter@_W@__crt_stdio_output@@V?$format_validation_base@_WV?$string_output_adapter@_W@__crt_stdio_output@@@2@@__crt_stdio_output@@QEAA@XZ 0000000140010c90 f i libucrtd:output.obj
 0001:0000fcb0       ??1?$standard_base@DV?$string_output_adapter@D@__crt_stdio_output@@@__crt_stdio_output@@QEAA@XZ 0000000140010cb0 f i libucrtd:output.obj
 0001:0000fcb0       ??1?$standard_base@_WV?$string_output_adapter@_W@__crt_stdio_output@@@__crt_stdio_output@@QEAA@XZ 0000000140010cb0 f i libucrtd:output.obj
 0001:0000fcd0       ??1__crt_cached_ptd_host@@QEAA@XZ 0000000140010cd0 f i libucrtd:output.obj
 0001:0000fd80       ??1__crt_scoped_get_last_error_reset@@QEAA@XZ 0000000140010d80 f i libucrtd:output.obj
 0001:0000fda0       ??1formatting_buffer@__crt_stdio_output@@QEAA@XZ 0000000140010da0 f i libucrtd:output.obj
 0001:0000fdd0       ??1guard@?$cached@H@__crt_cached_ptd_host@@QEAA@XZ 0000000140010dd0 f i libucrtd:output.obj
 0001:0000fe00       ??4?$__crt_unique_heap_ptr@DU__crt_internal_free_policy@@@@QEAAAEAV0@$$QEAV0@@Z 0000000140010e00 f i libucrtd:output.obj
 0001:0000fe40       ??A?$spectre_mitigated_lookup_table@Ustate_transition_pair@__crt_stdio_output@@$0IA@@__crt_stdio_output@@QEBAAEBUstate_transition_pair@1@_K@Z 0000000140010e40 f i libucrtd:output.obj
 0001:0000fe60       ?__crt_interlocked_read_32@@YAHPEDH@Z 0000000140010e60 f i libucrtd:output.obj
 0001:0000fe80       ?adjust_hexit@?$output_processor@DV?$string_output_adapter@D@__crt_stdio_output@@V?$format_validation_base@DV?$string_output_adapter@D@__crt_stdio_output@@@2@@__crt_stdio_output@@CADH_N@Z 0000000140010e80 f i libucrtd:output.obj
 0001:0000fe80       ?adjust_hexit@?$output_processor@DV?$string_output_adapter@D@__crt_stdio_output@@V?$standard_base@DV?$string_output_adapter@D@__crt_stdio_output@@@2@@__crt_stdio_output@@CADH_N@Z 0000000140010e80 f i libucrtd:output.obj
 0001:0000fe80       ?adjust_hexit@?$output_processor@_WV?$string_output_adapter@_W@__crt_stdio_output@@V?$format_validation_base@_WV?$string_output_adapter@_W@__crt_stdio_output@@@2@@__crt_stdio_output@@CADH_N@Z 0000000140010e80 f i libucrtd:output.obj
 0001:0000fed0       ?advance_to_next_pass@?$standard_base@DV?$string_output_adapter@D@__crt_stdio_output@@@__crt_stdio_output@@IEAA_NXZ 0000000140010ed0 f i libucrtd:output.obj
 0001:0000fed0       ?advance_to_next_pass@?$standard_base@_WV?$string_output_adapter@_W@__crt_stdio_output@@@__crt_stdio_output@@IEAA_NXZ 0000000140010ed0 f i libucrtd:output.obj
 0001:0000ff20       ?check@?$cached@H@__crt_cached_ptd_host@@QEBA_NH@Z 0000000140010f20 f i libucrtd:output.obj
 0001:0000ff60       ?check_synchronize_global_state_index@__crt_cached_ptd_host@@AEAA_KAEBV__crt_scoped_get_last_error_reset@@@Z 0000000140010f60 f i libucrtd:output.obj
 0001:0000ffa0       ?check_synchronize_per_thread_data@__crt_cached_ptd_host@@AEAAPEAU__acrt_ptd@@XZ 0000000140010fa0 f i libucrtd:output.obj
 0001:0000ffe0       ?create_guard@?$cached@H@__crt_cached_ptd_host@@QEAA?AVguard@12@XZ 0000000140010fe0 f i libucrtd:output.obj
 0001:00010010       ?crop_zeroes@__crt_stdio_output@@YAXPEADQEAU__crt_locale_pointers@@@Z 0000000140011010 f i libucrtd:output.obj
 0001:00010160       ?disable@guard@?$cached@H@__crt_cached_ptd_host@@QEAAXXZ 0000000140011160 f i libucrtd:output.obj
 0001:00010170       ?enable@guard@?$cached@H@__crt_cached_ptd_host@@QEAAXXZ 0000000140011170 f i libucrtd:output.obj
 0001:00010180       ?find_next_state@?$output_processor@DV?$string_output_adapter@D@__crt_stdio_output@@V?$format_validation_base@DV?$string_output_adapter@D@__crt_stdio_output@@@2@@__crt_stdio_output@@AEBA?AW4state@2@DW432@@Z 0000000140011180 f i libucrtd:output.obj
 0001:00010220       ?find_next_state@?$output_processor@DV?$string_output_adapter@D@__crt_stdio_output@@V?$standard_base@DV?$string_output_adapter@D@__crt_stdio_output@@@2@@__crt_stdio_output@@AEBA?AW4state@2@DW432@@Z 0000000140011220 f i libucrtd:output.obj
 0001:000102c0       ?find_next_state@?$output_processor@_WV?$string_output_adapter@_W@__crt_stdio_output@@V?$format_validation_base@_WV?$string_output_adapter@_W@__crt_stdio_output@@@2@@__crt_stdio_output@@AEBA?AW4state@2@_WW432@@Z 00000001400112c0 f i libucrtd:output.obj
 0001:00010360       ?force_decimal_point@__crt_stdio_output@@YAXPEADQEAU__crt_locale_pointers@@@Z 0000000140011360 f i libucrtd:output.obj
 0001:00010460       ?force_synchronize_global_state_index@__crt_cached_ptd_host@@AEAA_KAEBV__crt_scoped_get_last_error_reset@@@Z 0000000140011460 f i libucrtd:output.obj
 0001:000104a0       ?force_synchronize_per_thread_data@__crt_cached_ptd_host@@AEAAPEAU__acrt_ptd@@XZ 00000001400114a0 f i libucrtd:output.obj
 0001:00010500       ?get@?$c_string_character_source@D@__crt_strtox@@QEAADXZ 0000000140011500 f i libucrtd:output.obj
 0001:00010540       ?get@?$c_string_character_source@_W@__crt_strtox@@QEAA_WXZ 0000000140011540 f i libucrtd:output.obj
 0001:00010580       ?get_errno@__crt_cached_ptd_host@@QEAAAEAU?$cached@H@1@XZ 0000000140011580 f i libucrtd:output.obj
 0001:00010590       ?get_flags@__crt_stdio_stream@@QEBAJXZ 0000000140011590 f i libucrtd:output.obj
 0001:000105c0       ?get_locale@__crt_cached_ptd_host@@QEAAPEAU__crt_locale_pointers@@XZ 00000001400115c0 f i libucrtd:output.obj
 0001:000105f0       ?get_raw_ptd@__crt_cached_ptd_host@@QEAAPEAU__acrt_ptd@@XZ 00000001400115f0 f i libucrtd:output.obj
 0001:00010610       ?has_flag@?$output_processor@DV?$string_output_adapter@D@__crt_stdio_output@@V?$format_validation_base@DV?$string_output_adapter@D@__crt_stdio_output@@@2@@__crt_stdio_output@@AEBA_NI@Z 0000000140011610 f i libucrtd:output.obj
 0001:00010610       ?has_flag@?$output_processor@DV?$string_output_adapter@D@__crt_stdio_output@@V?$standard_base@DV?$string_output_adapter@D@__crt_stdio_output@@@2@@__crt_stdio_output@@AEBA_NI@Z 0000000140011610 f i libucrtd:output.obj
 0001:00010610       ?has_flag@?$output_processor@_WV?$string_output_adapter@_W@__crt_stdio_output@@V?$format_validation_base@_WV?$string_output_adapter@_W@__crt_stdio_output@@@2@@__crt_stdio_output@@AEBA_NI@Z 0000000140011610 f i libucrtd:output.obj
 0001:00010650       ?is_string_backed@__crt_stdio_stream@@QEBA_NXZ 0000000140011650 f i libucrtd:output.obj
 0001:00010690       ?maximum_signed_value@__crt_strtox@@YAJK@Z 0000000140011690 f i libucrtd:output.obj
 0001:000106a0       ?minimum_signed_value@__crt_strtox@@YAJK@Z 00000001400116a0 f i libucrtd:output.obj
 0001:000106b0       ?narrow_null_string@?$output_processor@DV?$string_output_adapter@D@__crt_stdio_output@@V?$format_validation_base@DV?$string_output_adapter@D@__crt_stdio_output@@@2@@__crt_stdio_output@@CAPEADXZ 00000001400116b0 f i libucrtd:output.obj
 0001:000106b0       ?narrow_null_string@?$output_processor@DV?$string_output_adapter@D@__crt_stdio_output@@V?$standard_base@DV?$string_output_adapter@D@__crt_stdio_output@@@2@@__crt_stdio_output@@CAPEADXZ 00000001400116b0 f i libucrtd:output.obj
 0001:000106b0       ?narrow_null_string@?$output_processor@_WV?$string_output_adapter@_W@__crt_stdio_output@@V?$format_validation_base@_WV?$string_output_adapter@_W@__crt_stdio_output@@@2@@__crt_stdio_output@@CAPEADXZ 00000001400116b0 f i libucrtd:output.obj
 0001:000106c0       ?parse_digit@__crt_strtox@@YAID@Z 00000001400116c0 f i libucrtd:output.obj
 0001:00010730       ?parse_digit@__crt_strtox@@YAI_W@Z 0000000140011730 f i libucrtd:output.obj
 0001:00010780       ?parse_int_from_format_string@?$output_processor@DV?$string_output_adapter@D@__crt_stdio_output@@V?$format_validation_base@DV?$string_output_adapter@D@__crt_stdio_output@@@2@@__crt_stdio_output@@AEAA_NQEAH@Z 0000000140011780 f i libucrtd:output.obj
 0001:00010780       ?parse_int_from_format_string@?$output_processor@DV?$string_output_adapter@D@__crt_stdio_output@@V?$standard_base@DV?$string_output_adapter@D@__crt_stdio_output@@@2@@__crt_stdio_output@@AEAA_NQEAH@Z 0000000140011780 f i libucrtd:output.obj
 0001:00010880       ?parse_int_from_format_string@?$output_processor@_WV?$string_output_adapter@_W@__crt_stdio_output@@V?$format_validation_base@_WV?$string_output_adapter@_W@__crt_stdio_output@@@2@@__crt_stdio_output@@AEAA_NQEAH@Z 0000000140011880 f i libucrtd:output.obj
 0001:00010980       ?process@?$output_processor@DV?$string_output_adapter@D@__crt_stdio_output@@V?$format_validation_base@DV?$string_output_adapter@D@__crt_stdio_output@@@2@@__crt_stdio_output@@QEAAHXZ 0000000140011980 f i libucrtd:output.obj
 0001:00010d40       ?process@?$output_processor@DV?$string_output_adapter@D@__crt_stdio_output@@V?$standard_base@DV?$string_output_adapter@D@__crt_stdio_output@@@2@@__crt_stdio_output@@QEAAHXZ 0000000140011d40 f i libucrtd:output.obj
 0001:00011100       ?process@?$output_processor@_WV?$string_output_adapter@_W@__crt_stdio_output@@V?$format_validation_base@_WV?$string_output_adapter@_W@__crt_stdio_output@@@2@@__crt_stdio_output@@QEAAHXZ 0000000140012100 f i libucrtd:output.obj
 0001:000114c0       ?restore_state@?$c_string_character_source@D@__crt_strtox@@QEAA_NQEBD@Z 00000001400124c0 f i libucrtd:output.obj
 0001:000114c0       ?restore_state@?$c_string_character_source@_W@__crt_strtox@@QEAA_NQEB_W@Z 00000001400124c0 f i libucrtd:output.obj
 0001:000114e0       ?set@?$cached@H@__crt_cached_ptd_host@@QEAAHH@Z 00000001400124e0 f i libucrtd:output.obj
 0001:000114e0       ?set@?$cached@K@__crt_cached_ptd_host@@QEAAKK@Z 00000001400124e0 f i libucrtd:errno.obj
 0001:00011510       ?set_flag@?$output_processor@DV?$string_output_adapter@D@__crt_stdio_output@@V?$format_validation_base@DV?$string_output_adapter@D@__crt_stdio_output@@@2@@__crt_stdio_output@@AEAAXI@Z 0000000140012510 f i libucrtd:output.obj
 0001:00011510       ?set_flag@?$output_processor@DV?$string_output_adapter@D@__crt_stdio_output@@V?$standard_base@DV?$string_output_adapter@D@__crt_stdio_output@@@2@@__crt_stdio_output@@AEAAXI@Z 0000000140012510 f i libucrtd:output.obj
 0001:00011510       ?set_flag@?$output_processor@_WV?$string_output_adapter@_W@__crt_stdio_output@@V?$format_validation_base@_WV?$string_output_adapter@_W@__crt_stdio_output@@@2@@__crt_stdio_output@@AEAAXI@Z 0000000140012510 f i libucrtd:output.obj
 0001:00011530       ?should_format@?$standard_base@DV?$string_output_adapter@D@__crt_stdio_output@@@__crt_stdio_output@@IEAA_NXZ 0000000140012530 f i libucrtd:output.obj
 0001:00011530       ?should_format@?$standard_base@_WV?$string_output_adapter@_W@__crt_stdio_output@@@__crt_stdio_output@@IEAA_NXZ 0000000140012530 f i libucrtd:output.obj
 0001:00011530       ?validate_and_update_state_at_beginning_of_format_character@?$standard_base@DV?$string_output_adapter@D@__crt_stdio_output@@@__crt_stdio_output@@IEAA_NXZ 0000000140012530 f i libucrtd:output.obj
 0001:00011530       ?validate_and_update_state_at_beginning_of_format_character@?$standard_base@_WV?$string_output_adapter@_W@__crt_stdio_output@@@__crt_stdio_output@@IEAA_NXZ 0000000140012530 f i libucrtd:output.obj
 0001:00011530       ?validate_and_update_state_at_end_of_format_string@?$standard_base@DV?$string_output_adapter@D@__crt_stdio_output@@@__crt_stdio_output@@IEBA_NXZ 0000000140012530 f i libucrtd:output.obj
 0001:00011530       ?validate_state_for_type_case_a@?$standard_base@DV?$string_output_adapter@D@__crt_stdio_output@@@__crt_stdio_output@@IEBA_NXZ 0000000140012530 f i libucrtd:output.obj
 0001:00011530       ?validate_state_for_type_case_a@?$standard_base@_WV?$string_output_adapter@_W@__crt_stdio_output@@@__crt_stdio_output@@IEBA_NXZ 0000000140012530 f i libucrtd:output.obj
 0001:00011540       ?should_skip_normal_state_processing@?$standard_base@DV?$string_output_adapter@D@__crt_stdio_output@@@__crt_stdio_output@@IEAA_NXZ 0000000140012540 f i libucrtd:output.obj
 0001:00011540       ?should_skip_normal_state_processing@?$standard_base@_WV?$string_output_adapter@_W@__crt_stdio_output@@@__crt_stdio_output@@IEAA_NXZ 0000000140012540 f i libucrtd:output.obj
 0001:00011540       ?should_skip_type_state_output@?$standard_base@DV?$string_output_adapter@D@__crt_stdio_output@@@__crt_stdio_output@@IEBA_NXZ 0000000140012540 f i libucrtd:output.obj
 0001:00011540       ?should_skip_type_state_output@?$standard_base@_WV?$string_output_adapter@_W@__crt_stdio_output@@@__crt_stdio_output@@IEBA_NXZ 0000000140012540 f i libucrtd:output.obj
 0001:00011550       ?state_case_dot@?$output_processor@DV?$string_output_adapter@D@__crt_stdio_output@@V?$format_validation_base@DV?$string_output_adapter@D@__crt_stdio_output@@@2@@__crt_stdio_output@@AEAA_NXZ 0000000140012550 f i libucrtd:output.obj
 0001:00011550       ?state_case_dot@?$output_processor@DV?$string_output_adapter@D@__crt_stdio_output@@V?$standard_base@DV?$string_output_adapter@D@__crt_stdio_output@@@2@@__crt_stdio_output@@AEAA_NXZ 0000000140012550 f i libucrtd:output.obj
 0001:00011550       ?state_case_dot@?$output_processor@_WV?$string_output_adapter@_W@__crt_stdio_output@@V?$format_validation_base@_WV?$string_output_adapter@_W@__crt_stdio_output@@@2@@__crt_stdio_output@@AEAA_NXZ 0000000140012550 f i libucrtd:output.obj
 0001:00011570       ?state_case_flag@?$output_processor@DV?$string_output_adapter@D@__crt_stdio_output@@V?$format_validation_base@DV?$string_output_adapter@D@__crt_stdio_output@@@2@@__crt_stdio_output@@AEAA_NXZ 0000000140012570 f i libucrtd:output.obj
 0001:00011570       ?state_case_flag@?$output_processor@DV?$string_output_adapter@D@__crt_stdio_output@@V?$standard_base@DV?$string_output_adapter@D@__crt_stdio_output@@@2@@__crt_stdio_output@@AEAA_NXZ 0000000140012570 f i libucrtd:output.obj
 0001:00011610       ?state_case_flag@?$output_processor@_WV?$string_output_adapter@_W@__crt_stdio_output@@V?$format_validation_base@_WV?$string_output_adapter@_W@__crt_stdio_output@@@2@@__crt_stdio_output@@AEAA_NXZ 0000000140012610 f i libucrtd:output.obj
 0001:000116b0       ?state_case_normal@?$output_processor@DV?$string_output_adapter@D@__crt_stdio_output@@V?$format_validation_base@DV?$string_output_adapter@D@__crt_stdio_output@@@2@@__crt_stdio_output@@AEAA_NXZ 00000001400126b0 f i libucrtd:output.obj
 0001:000117b0       ?state_case_normal@?$output_processor@DV?$string_output_adapter@D@__crt_stdio_output@@V?$standard_base@DV?$string_output_adapter@D@__crt_stdio_output@@@2@@__crt_stdio_output@@AEAA_NXZ 00000001400127b0 f i libucrtd:output.obj
 0001:000118b0       ?state_case_normal@?$output_processor@_WV?$string_output_adapter@_W@__crt_stdio_output@@V?$format_validation_base@_WV?$string_output_adapter@_W@__crt_stdio_output@@@2@@__crt_stdio_output@@AEAA_NXZ 00000001400128b0 f i libucrtd:output.obj
 0001:000119b0       ?state_case_normal_common@?$output_processor@DV?$string_output_adapter@D@__crt_stdio_output@@V?$format_validation_base@DV?$string_output_adapter@D@__crt_stdio_output@@@2@@__crt_stdio_output@@AEAA_NXZ 00000001400129b0 f i libucrtd:output.obj
 0001:00011a10       ?state_case_normal_common@?$output_processor@DV?$string_output_adapter@D@__crt_stdio_output@@V?$standard_base@DV?$string_output_adapter@D@__crt_stdio_output@@@2@@__crt_stdio_output@@AEAA_NXZ 0000000140012a10 f i libucrtd:output.obj
 0001:00011a70       ?state_case_normal_common@?$output_processor@_WV?$string_output_adapter@_W@__crt_stdio_output@@V?$format_validation_base@_WV?$string_output_adapter@_W@__crt_stdio_output@@@2@@__crt_stdio_output@@AEAA_NXZ 0000000140012a70 f i libucrtd:output.obj
 0001:00011ad0       ?state_case_normal_tchar@?$output_processor@DV?$string_output_adapter@D@__crt_stdio_output@@V?$format_validation_base@DV?$string_output_adapter@D@__crt_stdio_output@@@2@@__crt_stdio_output@@AEAA_ND@Z 0000000140012ad0 f i libucrtd:output.obj
 0001:00011c60       ?state_case_normal_tchar@?$output_processor@DV?$string_output_adapter@D@__crt_stdio_output@@V?$standard_base@DV?$string_output_adapter@D@__crt_stdio_output@@@2@@__crt_stdio_output@@AEAA_ND@Z 0000000140012c60 f i libucrtd:output.obj
[...]
 0002:00013000       $unwind$__acrt_MultiByteToWideChar 0000000140055000     libucrtd:multibytetowidechar.obj
 0002:00013008       $unwind$__acrt_WideCharToMultiByte 0000000140055008     libucrtd:widechartomultibyte.obj
 0002:00013010       $unwind$__dcrt_get_narrow_environment_from_os 0000000140055010     libucrtd:get_environment_from_os.obj
 0002:00013018       $unwind$__acrt_lowio_ensure_fh_exists 0000000140055018     libucrtd:osfinfo.obj
 0002:00013038       $unwind$_isctype_l         0000000140055038     libucrtd:isctype.obj
 0002:0001304c       $unwind$_chvalidator_l     000000014005504c     libucrtd:isctype.obj
 0002:00013054       $unwind$__acrt_GetStringTypeA 0000000140055054     libucrtd:getstringtypea.obj
 0002:0001305c       $unwind$__acrt_update_thread_locale_data 000000014005505c     libucrtd:locale_refcounting.obj
 0002:0001307c       $unwind$??$common_xtox_s@KD@@YAHKQEAD_KI_N@Z 000000014005507c     libucrtd:xtoa.obj
 0002:0001307c       $unwind$??$common_xtox_s@K_W@@YAHKQEA_W_KI_N@Z 000000014005507c     libucrtd:xtoa.obj
 0002:0001307c       $unwind$__acrt_LCMapStringEx 000000014005507c     libucrtd:winapi_thunks.obj
 0002:00013084       $unwind$__acrt_is_interactive 0000000140055084     libucrtd:winapi_thunks.obj
 0002:00013094       $unwind$_query_new_handler 0000000140055094     libucrtd:new_handler.obj
 0002:000130b4       $unwind$raise              00000001400550b4     libucrtd:signal.obj
 0002:000130d4       $unwind$??$__acrt_lock_and_call@V<lambda_44731a7d0e6d81c3e6aa82d741081786>@@@@YAP6AXH@ZW4__acrt_lock_id@@$$QEAV<lambda_44731a7d0e6d81c3e6aa82d741081786>@@@Z 00000001400550d4     libucrtd:signal.obj
 0002:000130e8       $ip2state$??$__acrt_lock_and_call@V<lambda_44731a7d0e6d81c3e6aa82d741081786>@@@@YAP6AXH@ZW4__acrt_lock_id@@$$QEAV<lambda_44731a7d0e6d81c3e6aa82d741081786>@@@Z 00000001400550e8     libucrtd:signal.obj
 0002:000130f0       $unwind$??$?RV<lambda_450d765d439847d4c735a33c368b5fc0>@@AEAV<lambda_44731a7d0e6d81c3e6aa82d741081786>@@V<lambda_601a2a7da3b7a96e9554ac7215c4b07c>@@@?$__crt_seh_guarded_call@P6AXH@Z@@QEAAP6AXH@Z$$QEAV<lambda_450d765d439847d4c735a33c368b5fc0>@@AEAV<lambda_44731a7d0e6d81c3e6aa82d741081786>@@$$QEAV<lambda_601a2a7da3b7a96e9554ac7215c4b07c>@@@Z 00000001400550f0     libucrtd:signal.obj
 0002:00013110       $unwind$_VCrtDbgReportA    0000000140055110     libucrtd:dbgrptt.obj
 0002:00013148       $unwind$_VCrtDbgReportW    0000000140055148     libucrtd:dbgrptt.obj
 0002:00013180       $unwind$__acrt_fltout      0000000140055180     libucrtd:cfout.obj
 0002:00013188       $unwind$?make_big_integer@__crt_strtox@@YA?AUbig_integer@1@_K@Z 0000000140055188     libucrtd:cfout.obj
 0002:00013198       $unwind$?make_big_integer_power_of_two@__crt_strtox@@YA?AUbig_integer@1@I@Z 0000000140055198     libucrtd:cfout.obj
 0002:000131a8       $unwind$?shift_left@__crt_strtox@@YA_NAEAUbig_integer@1@I@Z 00000001400551a8     libucrtd:cfout.obj
 0002:000131b8       $unwind$?add_multiply_carry@__crt_strtox@@YAIAEAIIII@Z 00000001400551b8     libucrtd:cfout.obj
 0002:000131c0       $unwind$?multiply@__crt_strtox@@YA_NAEAUbig_integer@1@I@Z 00000001400551c0     libucrtd:cfout.obj
 0002:000131d0       $unwind$?multiply@__crt_strtox@@YA_NAEAUbig_integer@1@AEBU21@@Z 00000001400551d0     libucrtd:cfout.obj
 0002:000131e0       $unwind$?multiply_by_power_of_ten@__crt_strtox@@YA_NAEAUbig_integer@1@I@Z 00000001400551e0     libucrtd:cfout.obj
 0002:000131f0       $unwind$?divide@__crt_strtox@@YA_KAEAUbig_integer@1@AEBU21@@Z 00000001400551f0     libucrtd:cfout.obj
 0002:00013200       $unwind$??$convert_to_fos_high_precision@N@@YA?AW4__acrt_has_trailing_digits@@NIW4__acrt_precision_style@@QEAHQEAD_K@Z 0000000140055200     libucrtd:cfout.obj
 0002:00013210       $unwind$?__c32rtomb_utf8@__crt_mbstring@@YA_KPEAD_UPEAU_Mbstatet@@AEAV__crt_cached_ptd_host@@@Z 0000000140055210     libucrtd:c32rtomb.obj
 0002:00013218       $unwind$_fcloseall         0000000140055218     libucrtd:closeall.obj
 0002:00013238       $unwind$?common_flush_all@@YAH_N@Z 0000000140055238     libucrtd:fflush.obj
 0002:00013248       $ip2state$?common_flush_all@@YAH_N@Z 0000000140055248     libucrtd:fflush.obj
 0002:00013250       $unwind$??$__acrt_lock_stream_and_call@V<lambda_c5860995281e5c4ce005b3de8f5874ee>@@@@YAXQEAU_iobuf@@$$QEAV<lambda_c5860995281e5c4ce005b3de8f5874ee>@@@Z 0000000140055250     libucrtd:fflush.obj
 0002:00013260       $ip2state$??$__acrt_lock_stream_and_call@V<lambda_c5860995281e5c4ce005b3de8f5874ee>@@@@YAXQEAU_iobuf@@$$QEAV<lambda_c5860995281e5c4ce005b3de8f5874ee>@@@Z 0000000140055260     libucrtd:fflush.obj
 0002:00013268       $unwind$??$__acrt_lock_and_call@V<lambda_ab61a845afdef5b7c387490eaf3616ee>@@@@YAXW4__acrt_lock_id@@$$QEAV<lambda_ab61a845afdef5b7c387490eaf3616ee>@@@Z 0000000140055268     libucrtd:fflush.obj
 0002:00013278       $ip2state$??$__acrt_lock_and_call@V<lambda_ab61a845afdef5b7c387490eaf3616ee>@@@@YAXW4__acrt_lock_id@@$$QEAV<lambda_ab61a845afdef5b7c387490eaf3616ee>@@@Z 0000000140055278     libucrtd:fflush.obj
 0002:00013280       $unwind$??$?RV<lambda_842d9ff0dc9ef11c61343bbaebe7f885>@@AEAV<lambda_c5860995281e5c4ce005b3de8f5874ee>@@V<lambda_d90129c13df834fdcbf8d2b88dafcf2d>@@@?$__crt_seh_guarded_call@X@@QEAAX$$QEAV<lambda_842d9ff0dc9ef11c61343bbaebe7f885>@@AEAV<lambda_c5860995281e5c4ce005b3de8f5874ee>@@$$QEAV<lambda_d90129c13df834fdcbf8d2b88dafcf2d>@@@Z 0000000140055280     libucrtd:fflush.obj
 0002:000132a0       $unwind$??$?RV<lambda_886d6c58226a84441f68b9f2b8217b83>@@AEAV<lambda_ab61a845afdef5b7c387490eaf3616ee>@@V<lambda_f7f22ab5edc0698d5f6905b0d3f44752>@@@?$__crt_seh_guarded_call@X@@QEAAX$$QEAV<lambda_886d6c58226a84441f68b9f2b8217b83>@@AEAV<lambda_ab61a845afdef5b7c387490eaf3616ee>@@$$QEAV<lambda_f7f22ab5edc0698d5f6905b0d3f44752>@@@Z 00000001400552a0     libucrtd:fflush.obj
 0002:000132c0       $unwind$__acrt_OutputDebugStringA 00000001400552c0     libucrtd:outputdebugstringa.obj
 0002:000132d4       $unwind$qsort              00000001400552d4     libucrtd:qsort.obj
 0002:000132e4       $unwind$?shortsort@@YAXPEAD0_KP6AHPEBX2@Z@Z 00000001400552e4     libucrtd:qsort.obj
 0002:000132f4       $stateUnwindMap$?shortsort@@YAXPEAD0_KP6AHPEBX2@Z@Z 00000001400552f4     libucrtd:qsort.obj
 0002:00013300       $ip2state$?shortsort@@YAXPEAD0_KP6AHPEBX2@Z@Z 0000000140055300     libucrtd:qsort.obj
 0002:00013318       $unwind$strpbrk            0000000140055318     libucrtd:strpbrk.obj
 0002:00013320       $unwind$fallbackMethod     0000000140055320     libucrtd:strpbrk.obj
 0002:00013330       $unwind$_mbsdec_l          0000000140055330     libucrtd:mbsdec.obj
 0002:00013338       $unwind$?__acrt_LCMapStringA_stat@@YAHPEAU__crt_locale_pointers@@PEB_WKPEBDHPEADHHH@Z 0000000140055338     libucrtd:lcmapstringa.obj
 0002:00013340       $unwind$??$common_xtox@KD@@YAHKQEAD_KI_N@Z 0000000140055340     libucrtd:xtoa.obj
 0002:00013340       $unwind$??$common_xtox@K_W@@YAHKQEA_W_KI_N@Z 0000000140055340     libucrtd:xtoa.obj
 0002:00013348       $unwind$?_mbstowcs_l_helper@@YA_KPEA_WPEBD_KAEAV__crt_cached_ptd_host@@@Z 0000000140055348     libucrtd:mbstowcs.obj
 0002:00013360       $ip2state$?_mbstowcs_l_helper@@YA_KPEA_WPEBD_KAEAV__crt_cached_ptd_host@@@Z 0000000140055360     libucrtd:mbstowcs.obj
 0002:00013368       $unwind$?_wcstombs_l_helper@@YA_KPEADPEB_W_KAEAV__crt_cached_ptd_host@@@Z 0000000140055368     libucrtd:wcstombs.obj
 0002:00013380       $xdatasym                  0000000140055380     libucrtd:log10.obj
 0002:0001338c       $unwind$ceil               000000014005538c     libucrtd:ceil.obj
 0002:00013394       $unwind$?return_illegal_sequence@__crt_mbstring@@YA_KPEAU_Mbstatet@@AEAV__crt_cached_ptd_host@@@Z 0000000140055394     libucrtd:common_utf8.obj
 0002:0001339c       $unwind$?reset_and_return@__crt_mbstring@@YA_K_KPEAU_Mbstatet@@@Z 000000014005539c     libucrtd:common_utf8.obj
 0002:000133a4       $unwind$?__mbrtoc32_utf8@__crt_mbstring@@YA_KPEA_UPEBD_KPEAU_Mbstatet@@AEAV__crt_cached_ptd_host@@@Z 00000001400553a4     libucrtd:mbrtoc32.obj
 0002:000133b4       $unwind$?_fclose_internal@@YAHQEAU_iobuf@@AEAV__crt_cached_ptd_host@@@Z 00000001400553b4     libucrtd:fclose.obj
 0002:000133d4       $unwind$??$__acrt_lowio_lock_fh_and_call@V<lambda_3e4146214822e0ea86c47ff907aef2ff>@@@@YAHH$$QEAV<lambda_3e4146214822e0ea86c47ff907aef2ff>@@@Z 00000001400553d4     libucrtd:commit.obj
 0002:000133e8       $ip2state$??$__acrt_lowio_lock_fh_and_call@V<lambda_3e4146214822e0ea86c47ff907aef2ff>@@@@YAHH$$QEAV<lambda_3e4146214822e0ea86c47ff907aef2ff>@@@Z 00000001400553e8     libucrtd:commit.obj
 0002:000133f0       $unwind$??$?RV<lambda_7d29013d608e9f25a034de83c9b9e983>@@AEAV<lambda_3e4146214822e0ea86c47ff907aef2ff>@@V<lambda_b869e5a4e1069fcb5c3da79c0d999133>@@@?$__crt_seh_guarded_call@H@@QEAAH$$QEAV<lambda_7d29013d608e9f25a034de83c9b9e983>@@AEAV<lambda_3e4146214822e0ea86c47ff907aef2ff>@@$$QEAV<lambda_b869e5a4e1069fcb5c3da79c0d999133>@@@Z 00000001400553f0     libucrtd:commit.obj
 0002:00013410       $unwind$_write_nolock      0000000140055410     libucrtd:write.obj
 0002:00013424       $unwind$_write_internal    0000000140055424     libucrtd:write.obj
 0002:00013444       $unwind$?write_double_translated_ansi_nolock@@YA?AUwrite_result@?A0x17268360@@HQEBDIAEAV__crt_cached_ptd_host@@@Z 0000000140055444     libucrtd:write.obj
 0002:00013460       $ip2state$?write_double_translated_ansi_nolock@@YA?AUwrite_result@?A0x17268360@@HQEBDIAEAV__crt_cached_ptd_host@@@Z 0000000140055460     libucrtd:write.obj
 0002:00013468       $unwind$?write_double_translated_unicode_nolock@@YA?AUwrite_result@?A0x17268360@@QEBDI@Z 0000000140055468     libucrtd:write.obj
 0002:0001347c       $unwind$?write_text_ansi_nolock@@YA?AUwrite_result@?A0x17268360@@HQEBDI@Z 000000014005547c     libucrtd:write.obj
 0002:0001347c       $unwind$?write_text_utf16le_nolock@@YA?AUwrite_result@?A0x17268360@@HQEBDI@Z 000000014005547c     libucrtd:write.obj
 0002:00013490       $unwind$?write_text_utf8_nolock@@YA?AUwrite_result@?A0x17268360@@HQEBDI@Z 0000000140055490     libucrtd:write.obj
 0002:000134a4       $unwind$?write_binary_nolock@@YA?AUwrite_result@?A0x17268360@@HQEBDI@Z 00000001400554a4     libucrtd:write.obj
 0002:000134b8       $unwind$?__wcsrtombs_utf8@__crt_mbstring@@YA_KPEADPEAPEB_W_KPEAU_Mbstatet@@AEAV__crt_cached_ptd_host@@@Z 00000001400554b8     libucrtd:wcrtomb.obj
 0002:000134c8       $unwind$__acrt_initialize_fma3 00000001400554c8     libucrtd:fma3_available.obj
 0002:000134d8       $unwind$_log_special_common 00000001400554d8     libucrtd:log_special.obj
 0002:000134e8       $unwind$_log10_special     00000001400554e8     libucrtd:log_special.obj
 0002:000134f0       $unwind$_handle_error      00000001400554f0     libucrtd:libm_error.obj
 0002:00013500       $unwind$common_control87   0000000140055500     libucrtd:ieee.obj
 0002:00013520       $unwind$??$__acrt_lowio_lock_fh_and_call@V<lambda_af29824b49a67d335554598d6cad2be6>@@@@YAHH$$QEAV<lambda_af29824b49a67d335554598d6cad2be6>@@@Z 0000000140055520     libucrtd:close.obj
 0002:00013530       $ip2state$??$__acrt_lowio_lock_fh_and_call@V<lambda_af29824b49a67d335554598d6cad2be6>@@@@YAHH$$QEAV<lambda_af29824b49a67d335554598d6cad2be6>@@@Z 0000000140055530     libucrtd:close.obj
 0002:00013538       $unwind$??$?RV<lambda_19eaff14c5fe7be5b1b106a862eb1091>@@AEAV<lambda_af29824b49a67d335554598d6cad2be6>@@V<lambda_3ce37f5b621ab310299ea5f68cbdf3bb>@@@?$__crt_seh_guarded_call@H@@QEAAH$$QEAV<lambda_19eaff14c5fe7be5b1b106a862eb1091>@@AEAV<lambda_af29824b49a67d335554598d6cad2be6>@@$$QEAV<lambda_3ce37f5b621ab310299ea5f68cbdf3bb>@@@Z 0000000140055538     libucrtd:close.obj
 0002:00013558       $unwind$?__c16rtomb_utf8@__crt_mbstring@@YA_KPEAD_SPEAU_Mbstatet@@AEAV__crt_cached_ptd_host@@@Z 0000000140055558     libucrtd:c16rtomb.obj
 0002:00013560       $unwind$_ctrlfp            0000000140055560     libucrtd:fpctrl.obj
 0002:00013580       $xdatasym                  0000000140055580     libucrtd:fpsr.obj
 0002:00013588       $unwind$??$console_output_reopen_and_retry@V<lambda_61c1b8a38cedca4df5fdc542e6ccae6d>@@@@YAHAEBV<lambda_61c1b8a38cedca4df5fdc542e6ccae6d>@@@Z 0000000140055588     libucrtd:initcon.obj
 0002:00013598       $ip2state$??$console_output_reopen_and_retry@V<lambda_61c1b8a38cedca4df5fdc542e6ccae6d>@@@@YAHAEBV<lambda_61c1b8a38cedca4df5fdc542e6ccae6d>@@@Z 0000000140055598     libucrtd:initcon.obj
 0002:000135a0       $unwind$_IsNonwritableInCurrentImage 00000001400555a0     LIBCMTD:pesect.obj
 0002:000135c0       $xdatasym                  00000001400555c0     LIBCMTD:chkstk.obj
 0002:00013c3c       .idata$6                   0000000140055c3c     user32:USER32.dll
 0002:00013c58       .idata$6                   0000000140055c58     gdi32:GDI32.dll
 0002:00013ddc       .idata$6                   0000000140055ddc     kernel32:KERNEL32.dll
 0002:00013dfc       .idata$6                   0000000140055dfc     winmm:WINMM.dll
 0003:000000c0       ?__vcrt_flsindex@@3KA      00000001400570c0     libvcruntimed:per_thread_data.obj
 0003:000000d0       ?__acrt_current_request_number@@3JA 00000001400570d0     libucrtd:debug_heap.obj
 0003:000000f0       ?__acrt_debug_fill_threshold@@3_KA 00000001400570f0     libucrtd:debug_fill_threshold.obj
 0003:000000f8       ?errno_no_memory@@3HA      00000001400570f8     libucrtd:errno.obj
 0003:000000fc       ?doserrno_no_memory@@3KA   00000001400570fc     libucrtd:errno.obj
 0003:00000208       ?__acrt_flsindex@@3KA      0000000140057208     libucrtd:per_thread_data.obj
 0003:000005b0       _mbctypes                  00000001400575b0     libucrtd:mbctype.obj
 0003:000006c0       _mbcasemaps                00000001400576c0     libucrtd:mbctype.obj
 0003:000007c0       ?__rgctypeflag@@3PADA      00000001400577c0     libucrtd:mbctype.obj
 0003:000007d0       ?__rgcode_page_info@@3PAUcode_page_info@@A 00000001400577d0     libucrtd:mbctype.obj
 0003:000009a0       ?dazSupported@?1??common_control87@@9@9 00000001400579a0     libucrtd:ieee.obj
 0003:00000ab0       ?dazSupported@?1??_ctrlfp@@9@9 0000000140057ab0     libucrtd:fpctrl.obj
 0003:00000ac0       ?__dcrt_lowio_console_output_handle@@3PEAXEA 0000000140057ac0     libucrtd:initcon.obj
 0003:00000c60       GS_ExceptionRecord         0000000140057c60     LIBCMTD:gs_report.obj
 0003:00000d00       GS_ContextRecord           0000000140057d00     LIBCMTD:gs_report.obj
 0003:000011e0       ?is_initialized_as_dll@@3_NA 00000001400581e0     LIBCMTD:utility.obj
 0003:000011e1       ?module_local_atexit_table_initialized@@3_NA 00000001400581e1     LIBCMTD:utility.obj
 0003:000011e8       ?module_local_atexit_table@@3U_onexit_table_t@@A 00000001400581e8     LIBCMTD:utility.obj
 0003:00001200       ?module_local_at_quick_exit_table@@3U_onexit_table_t@@A 0000000140058200     LIBCMTD:utility.obj
 0003:00001250       ?__vcrt_startup_thread_ptd@@3U__vcrt_ptd@@A 0000000140058250     libvcruntimed:per_thread_data.obj
 0003:000012d0       __vcrt_lock_table          00000001400582d0     libvcruntimed:locks.obj
 0003:000012f8       __vcrt_locks_initialized   00000001400582f8     libvcruntimed:locks.obj
 0003:00001340       ?heap@@3V_HeapManager@@A   0000000140058340     libvcruntimed:undname.obj
 0003:00001368       ?module_handles@@3PAPEAUHINSTANCE__@@A 0000000140058368     libvcruntimed:winapi_downlevel.obj
 0003:00001380       ?function_pointers@@3PAPEAXA 0000000140058380     libvcruntimed:winapi_downlevel.obj
 0003:000013b0       ?__acrt_app_type@@3W4_crt_app_type@@A 00000001400583b0     libucrtd:report_runtime_error.obj
 0003:000013c0       ?outmsg@?9??__acrt_report_runtime_error@@9@4PA_WA 00000001400583c0     libucrtd:report_runtime_error.obj
 0003:000019e8       ?user_matherr@@3V?$dual_state_global@P6AHPEAU_exception@@@Z@__crt_state_management@@A 00000001400589e8     libucrtd:matherr.obj
 0003:000019f0       ?program_name@?1???$common_configure_argv@D@@YAHW4_crt_argv_mode@@@Z@4PADA 00000001400589f0     libucrtd:argv_parsing.obj
 0003:00001b18       ?empty_string@?1???$common_wincmdln@E@@YAPEAEXZ@4PAEA 0000000140058b18     libucrtd:argv_winmain.obj
 0003:00001b1c       ?c_termination_complete@@3JA 0000000140058b1c     libucrtd:exit.obj
 0003:00001b20       ?thread_local_exit_callback_func@@3P6AXPEAXK0@ZEA 0000000140058b20     libucrtd:exit.obj
 0003:00001b30       ?__acrt_global_new_mode@@3V?$dual_state_global@J@__crt_state_management@@A 0000000140058b30     libucrtd:new_mode.obj
 0003:00001b68       ?__acrt_first_block@@3PEAU_CrtMemBlockHeader@@EA 0000000140058b68     libucrtd:debug_heap.obj
 0003:00001b70       ?__acrt_last_block@@3PEAU_CrtMemBlockHeader@@EA 0000000140058b70     libucrtd:debug_heap.obj
 0003:00001b78       ?__acrt_total_allocations@@3_KA 0000000140058b78     libucrtd:debug_heap.obj
 0003:00001b80       ?__acrt_current_allocations@@3_KA 0000000140058b80     libucrtd:debug_heap.obj
 0003:00001b88       ?__acrt_max_allocations@@3_KA 0000000140058b88     libucrtd:debug_heap.obj
 0003:00001b90       ?__acrt_check_frequency@@3IA 0000000140058b90     libucrtd:debug_heap.obj
 0003:00001b94       ?__acrt_check_counter@@3IA 0000000140058b94     libucrtd:debug_heap.obj
 0003:00001ba0       ?heap_validation_pending@@3_NA 0000000140058ba0     libucrtd:debug_heap.obj
 0003:00001ba8       ?__acrt_invalid_parameter_handler@@3V?$dual_state_global@P6AXPEB_W00I_K@Z@__crt_state_management@@A 0000000140058ba8     libucrtd:invalid_parameter.obj
 0003:00001bb0       ?internal_state@?1??_mbtowc_internal@@9@4U_Mbstatet@@A 0000000140058bb0     libucrtd:mbtowc.obj
 0003:00001bc8       ?enable_percent_n@@3_KA    0000000140058bc8     libucrtd:printf_count_output.obj
 0003:00001ff4       __acrt_error_mode          0000000140058ff4     libucrtd:set_error_mode.obj
 0003:00002010       ?fSystemSet@@3HA           0000000140059010     libucrtd:mbctype.obj
 0003:00002014       ?initialized@?1??__acrt_initialize_multibyte@@9@4_NA 0000000140059014     libucrtd:mbctype.obj
 0003:00002050       ?__acrt_lock_table@@3PAU_RTL_CRITICAL_SECTION@@A 0000000140059050     libucrtd:locks.obj
 0003:00002280       ?__acrt_locks_initialized@@3IA 0000000140059280     libucrtd:locks.obj
 0003:00002284       ?state_cache@?1???$get_cached_win_policy@Udeveloper_information_policy_properties@?1??__acrt_get_developer_information_policy@@YA?AW4developer_information_policy@@XZ@@@YA?AW4developer_information_policy@@W4AppPolicyShowDeveloperDiagnostic@@@Z@4JA 0000000140059284     libucrtd:win_policies.obj
 0003:00002288       ?state_cache@?1???$get_cached_win_policy@Uwindowing_model_policy_properties@?1??__acrt_get_windowing_model_policy@@YA?AW4windowing_model_policy@@XZ@@@YA?AW4windowing_model_policy@@W4AppPolicyWindowingModel@@@Z@4JA 0000000140059288     libucrtd:win_policies.obj
 0003:00002290       ?module_handles@@3PAPEAUHINSTANCE__@@A 0000000140059290     libucrtd:winapi_thunks.obj
 0003:00002330       ?encoded_function_pointers@@3PAPEAXA 0000000140059330     libucrtd:winapi_thunks.obj
 0003:00002430       ?__acrt_new_handler@@3V?$dual_state_global@P6AH_K@Z@__crt_state_management@@A 0000000140059430     libucrtd:new_handler.obj
 0003:00002438       ?ctrlc_action@@3V?$dual_state_global@P6AXH@Z@__crt_state_management@@A 0000000140059438     libucrtd:signal.obj
 0003:00002440       ?ctrlbreak_action@@3V?$dual_state_global@P6AXH@Z@__crt_state_management@@A 0000000140059440     libucrtd:signal.obj
 0003:00002448       ?abort_action@@3V?$dual_state_global@P6AXH@Z@__crt_state_management@@A 0000000140059448     libucrtd:signal.obj
 0003:00002450       ?term_action@@3V?$dual_state_global@P6AXH@Z@__crt_state_management@@A 0000000140059450     libucrtd:signal.obj
 0003:00002470       ?internal_pst@?1??__mbrtoc32_utf8@__crt_mbstring@@YA_KPEA_UPEBD_KPEAU_Mbstatet@@AEAV__crt_cached_ptd_host@@@Z@4U3@A 0000000140059470     libucrtd:mbrtoc32.obj
 0003:00002480       ?internal_pst@?1??__c16rtomb_utf8@__crt_mbstring@@YA_KPEAD_SPEAU_Mbstatet@@AEAV__crt_cached_ptd_host@@@Z@4U3@A 0000000140059480     libucrtd:c16rtomb.obj
