 win32_vgengine

 Timestamp is 67a298a3 (Tue Feb  4 23:45:55 2025)

 Preferred load address is 0000000140000000

 Start         Length     Name                   Class
 0001:00000000 0000cd20H .text$mn                CODE
 0001:0000cd20 00000040H .text$mn$00             CODE
 0001:0000cd60 00000a70H .text$mn$21             CODE
 0001:0000d7d0 00000440H .text$x                 CODE
 0002:00000000 00000250H .idata$5                DATA
 0002:00000250 00000038H .00cfg                  DATA
 0002:00000288 00000008H .CRT$XCA                DATA
 0002:00000290 00000008H .CRT$XCAA               DATA
 0002:00000298 00000008H .CRT$XCZ                DATA
 0002:000002a0 00000008H .CRT$XIA                DATA
 0002:000002a8 00000008H .CRT$XIAA               DATA
 0002:000002b0 00000008H .CRT$XIAC               DATA
 0002:000002b8 00000020H .CRT$XIC                DATA
 0002:000002d8 00000008H .CRT$XIZ                DATA
 0002:000002e0 00000008H .CRT$XPA                DATA
 0002:000002e8 00000010H .CRT$XPX                DATA
 0002:000002f8 00000008H .CRT$XPXA               DATA
 0002:00000300 00000008H .CRT$XPZ                DATA
 0002:00000308 00000008H .CRT$XTA                DATA
 0002:00000310 00000010H .CRT$XTZ                DATA
 0002:00000318 00000000H .gehcont$y              DATA
 0002:00000318 00000000H .gfids$y                DATA
 0002:00000320 00007650H .rdata                  DATA
 0002:00007970 00000190H .rdata$00               DATA
 0002:00007b00 00000000H .rdata$CastGuardVftablesA DATA
 0002:00007b00 00000000H .rdata$CastGuardVftablesC DATA
 0002:00007b00 0000016cH .rdata$r                DATA
 0002:00007c6c 00000100H .rdata$voltmd           DATA
 0002:00007d6c 00000384H .rdata$zzzdbg           DATA
 0002:000080f0 00000008H .rtc$IAA                DATA
 0002:000080f8 00000008H .rtc$IZZ                DATA
 0002:00008100 00000008H .rtc$TAA                DATA
 0002:00008108 00000008H .rtc$TZZ                DATA
 0002:00008110 00000d48H .xdata                  DATA
 0002:00008e58 00000084H .xdata$x                DATA
 0002:00008edc 00000000H .edata                  DATA
 0002:00008edc 00000028H .idata$2                DATA
 0002:00008f04 00000014H .idata$3                DATA
 0002:00008f18 00000250H .idata$4                DATA
 0002:00009168 00000540H .idata$6                DATA
 0003:00000000 00000aa0H .data                   DATA
 0003:00000aa0 00000050H .data$r                 DATA
 0003:00000af0 00000020H .data$rs                DATA
 0003:00000b10 000011a8H .bss                    DATA
 0004:00000000 00000f78H .pdata                  DATA

  Address         Publics by Value              Rva+Base               Lib:Object

 0000:00000000       __AbsoluteZero             0000000000000000     <absolute>
 0000:00000000       ___safe_se_handler_count   0000000000000000     <absolute>
 0000:00000000       ___safe_se_handler_table   0000000000000000     <absolute>
 0000:00000000       __arm64x_extra_rfe_table   0000000000000000     <absolute>
 0000:00000000       __arm64x_extra_rfe_table_size 0000000000000000     <absolute>
 0000:00000000       __arm64x_native_entrypoint 0000000000000000     <absolute>
 0000:00000000       __arm64x_redirection_metadata 0000000000000000     <absolute>
 0000:00000000       __arm64x_redirection_metadata_count 0000000000000000     <absolute>
 0000:00000000       __dynamic_value_reloc_table 0000000000000000     <absolute>
 0000:00000000       __enclave_config           0000000000000000     <absolute>
 0000:00000000       __guard_check_icall_a64n_fptr 0000000000000000     <absolute>
 0000:00000000       __guard_eh_cont_count      0000000000000000     <absolute>
 0000:00000000       __guard_eh_cont_table      0000000000000000     <absolute>
 0000:00000000       __guard_fids_count         0000000000000000     <absolute>
 0000:00000000       __guard_fids_table         0000000000000000     <absolute>
 0000:00000000       __guard_iat_count          0000000000000000     <absolute>
 0000:00000000       __guard_iat_table          0000000000000000     <absolute>
 0000:00000000       __guard_longjmp_count      0000000000000000     <absolute>
 0000:00000000       __guard_longjmp_table      0000000000000000     <absolute>
 0000:00000000       __hybrid_auxiliary_delayload_iat 0000000000000000     <absolute>
 0000:00000000       __hybrid_auxiliary_delayload_iat_copy 0000000000000000     <absolute>
 0000:00000000       __hybrid_auxiliary_iat     0000000000000000     <absolute>
 0000:00000000       __hybrid_auxiliary_iat_copy 0000000000000000     <absolute>
 0000:00000000       __hybrid_code_map          0000000000000000     <absolute>
 0000:00000000       __hybrid_code_map_count    0000000000000000     <absolute>
 0000:00000000       __hybrid_image_info_bitfield 0000000000000000     <absolute>
 0000:00000000       __x64_code_ranges_to_entry_points 0000000000000000     <absolute>
 0000:00000000       __x64_code_ranges_to_entry_points_count 0000000000000000     <absolute>
 0000:00000100       __guard_flags              0000000000000100     <absolute>
 0000:00000000       __ImageBase                0000000140000000     <linker-defined>
 0001:00000000       WinMain                    0000000140001000 f   win32_vgengine.obj
 0001:000002a0       WinMainCRTStartup          00000001400012a0 f   LIBCMT:exe_winmain.obj
 0001:000002b4       __scrt_acquire_startup_lock 00000001400012b4 f   LIBCMT:utility.obj
 0001:000002f0       __scrt_initialize_crt      00000001400012f0 f   LIBCMT:utility.obj
 0001:0000032c       __scrt_initialize_onexit_tables 000000014000132c f   LIBCMT:utility.obj
 0001:000003b8       __scrt_is_nonwritable_in_current_image 00000001400013b8 f   LIBCMT:utility.obj
 0001:00000450       __scrt_release_startup_lock 0000000140001450 f   LIBCMT:utility.obj
 0001:00000474       __scrt_uninitialize_crt    0000000140001474 f   LIBCMT:utility.obj
 0001:000004a0       _onexit                    00000001400014a0 f   LIBCMT:utility.obj
 0001:000004dc       atexit                     00000001400014dc f   LIBCMT:utility.obj
 0001:000004f4       __security_init_cookie     00000001400014f4 f   LIBCMT:gs_support.obj
 0001:000005a0       __scrt_exe_initialize_mta  00000001400015a0 f   LIBCMT:utility_desktop.obj
 0001:000005a0       __scrt_initialize_winrt    00000001400015a0 f   LIBCMT:utility_desktop.obj
 0001:000005a0       __scrt_stub_for_initialize_mta 00000001400015a0 f   LIBCMT:utility_desktop.obj
 0001:000005a0       _get_startup_commit_mode   00000001400015a0 f   LIBCMT:commit_mode.obj
 0001:000005a0       _get_startup_new_mode      00000001400015a0 f   LIBCMT:new_mode.obj
 0001:000005a0       _get_startup_thread_locale_mode 00000001400015a0 f   LIBCMT:thread_locale.obj
 0001:000005a0       _matherr                   00000001400015a0 f   LIBCMT:matherr.obj
 0001:000005a4       _get_startup_argv_mode     00000001400015a4 f   LIBCMT:argv_mode.obj
 0001:000005ac       _get_startup_file_mode     00000001400015ac f   LIBCMT:file_mode.obj
 0001:000005b4       ?__scrt_initialize_type_info@@YAXXZ 00000001400015b4 f   LIBCMT:tncleanup.obj
 0001:000005c4       __acrt_uninitialize_command_line 00000001400015c4 f   libucrt:argv_data.obj
 0001:000005c4       _should_initialize_environment 00000001400015c4 f   LIBCMT:env_mode.obj
 0001:000005c8       _guard_check_icall_nop     00000001400015c8 f   LIBCMT:guard_support.obj
 0001:000005c8       _initialize_denormal_control 00000001400015c8 f   LIBCMT:denormal_control.obj
 0001:000005c8       _initialize_invalid_parameter_handler 00000001400015c8 f   LIBCMT:invalid_parameter_handler.obj
 0001:000005cc       __local_stdio_printf_options 00000001400015cc f i LIBCMT:default_local_stdio_options.obj
 0001:000005d4       __local_stdio_scanf_options 00000001400015d4 f i LIBCMT:default_local_stdio_options.obj
 0001:000005dc       __scrt_initialize_default_local_stdio_options 00000001400015dc f   LIBCMT:default_local_stdio_options.obj
 0001:000005f8       __scrt_is_user_matherr_present 00000001400015f8 f   LIBCMT:matherr_detection.obj
 0001:00000604       __scrt_get_dyn_tls_init_callback 0000000140001604 f   LIBCMT:dyn_tls_init.obj
 0001:0000060c       __scrt_get_dyn_tls_dtor_callback 000000014000160c f   LIBCMT:dyn_tls_dtor.obj
 0001:00000614       __crt_debugger_hook        0000000140001614 f   LIBCMT:utility_desktop.obj
 0001:0000061c       __scrt_fastfail            000000014000161c f   LIBCMT:utility_desktop.obj
 0001:00000764       __scrt_get_show_window_mode 0000000140001764 f   LIBCMT:utility_desktop.obj
 0001:000007a0       __scrt_initialize_mta      00000001400017a0 f   LIBCMT:utility_desktop.obj
 0001:000007a8       __scrt_is_managed_app      00000001400017a8 f   LIBCMT:utility_desktop.obj
 0001:000007fc       __scrt_set_unhandled_exception_filter 00000001400017fc f   LIBCMT:utility_desktop.obj
 0001:0000080c       __scrt_unhandled_exception_filter 000000014000180c f   LIBCMT:utility_desktop.obj
 0001:00000868       _RTC_Initialize            0000000140001868 f   LIBCMT:initsect.obj
 0001:000008a4       _RTC_Terminate             00000001400018a4 f   LIBCMT:initsect.obj
 0001:000008e0       __isa_available_init       00000001400018e0 f   LIBCMT:cpu_disp.obj
 0001:00000bac       __scrt_is_ucrt_dll_in_use  0000000140001bac f   LIBCMT:ucrt_detection.obj
 0001:00000bc0       __C_specific_handler       0000000140001bc0 f   libvcruntime:riscchandler.obj
 0001:00000dd8       __vcrt_initialize          0000000140001dd8 f   libvcruntime:initialization.obj
 0001:00000e00       __vcrt_uninitialize        0000000140001e00 f   libvcruntime:initialization.obj
 0001:00000e1c       __std_type_info_compare    0000000140001e1c f   libvcruntime:std_type_info.obj
 0001:00000e44       __DestructExceptionObject  0000000140001e44 f   libvcruntime:ehhelpers.obj
 0001:00000eb4       ?_CallMemberFunction0@@YAXQEAX0@Z 0000000140001eb4 f i libvcruntime:ehhelpers.obj
 0001:00000eb8       _IsExceptionObjectToBeDestroyed 0000000140001eb8 f   libvcruntime:ehhelpers.obj
 0001:00000ee8       __AdjustPointer            0000000140001ee8 f   libvcruntime:ehhelpers.obj
 0001:00000f0c       __FrameUnwindFilter        0000000140001f0c f   libvcruntime:ehhelpers.obj
 0001:00000f74       __current_exception        0000000140001f74 f   libvcruntime:ehhelpers.obj
 0001:00000f88       __current_exception_context 0000000140001f88 f   libvcruntime:ehhelpers.obj
 0001:00000f9c       __std_terminate            0000000140001f9c f   libvcruntime:ehhelpers.obj
 0001:00000fe0       _NLG_Notify                0000000140001fe0 f   libvcruntime:notify.obj
 0001:00001000       __NLG_Dispatch2            0000000140002000 f   libvcruntime:notify.obj
 0001:00001010       __NLG_Return2              0000000140002010 f   libvcruntime:notify.obj
 0001:00001014       __except_validate_context_record 0000000140002014 f   libvcruntime:jbcxrval.obj
 0001:0000104c       __vcrt_freefls             000000014000204c f   libvcruntime:per_thread_data.obj
 0001:0000106c       __vcrt_getptd              000000014000206c f   libvcruntime:per_thread_data.obj
 0001:00001088       __vcrt_getptd_noexit       0000000140002088 f   libvcruntime:per_thread_data.obj
 0001:00001148       __vcrt_initialize_ptd      0000000140002148 f   libvcruntime:per_thread_data.obj
 0001:00001190       __vcrt_uninitialize_ptd    0000000140002190 f   libvcruntime:per_thread_data.obj
 0001:000011b4       __vcrt_initialize_locks    00000001400021b4 f   libvcruntime:locks.obj
 0001:000011fc       __vcrt_uninitialize_locks  00000001400021fc f   libvcruntime:locks.obj
 0001:00001384       __vcrt_FlsAlloc            0000000140002384 f   libvcruntime:winapi_downlevel.obj
 0001:000013cc       __vcrt_FlsFree             00000001400023cc f   libvcruntime:winapi_downlevel.obj
 0001:00001414       __vcrt_FlsGetValue         0000000140002414 f   libvcruntime:winapi_downlevel.obj
 0001:0000145c       __vcrt_FlsSetValue         000000014000245c f   libvcruntime:winapi_downlevel.obj
 0001:000014b0       __vcrt_InitializeCriticalSectionEx 00000001400024b0 f   libvcruntime:winapi_downlevel.obj
 0001:00001514       ??$_CallSETranslator@V__FrameHandler3@@@@YAHPEAUEHExceptionRecord@@PEA_KPEAU_CONTEXT@@PEAU_xDISPATCHER_CONTEXT@@PEBU_s_FuncInfo@@K1H@Z 0000000140002514 f i libvcruntime:risctrnsctrl.obj
 0001:00001568       ?CatchTryBlock@__FrameHandler3@@SAPEBU_s_TryBlockMapEntry@@PEBU_s_FuncInfo@@H@Z 0000000140002568 f   libvcruntime:risctrnsctrl.obj
 0001:000015cc       ?ExecutionInCatch@__FrameHandler3@@SA_NPEAU_xDISPATCHER_CONTEXT@@PEBU_s_FuncInfo@@@Z 00000001400025cc f   libvcruntime:risctrnsctrl.obj
 0001:000015f8       ?FrameUnwindToEmptyState@__FrameHandler3@@SAXPEA_KPEAU_xDISPATCHER_CONTEXT@@PEBU_s_FuncInfo@@@Z 00000001400025f8 f   libvcruntime:risctrnsctrl.obj
 0001:0000165c       ?GetEstablisherFrame@__FrameHandler3@@SAPEA_KPEA_KPEAU_xDISPATCHER_CONTEXT@@PEBU_s_FuncInfo@@0@Z 000000014000265c f   libvcruntime:risctrnsctrl.obj
 0001:0000172c       ?GetRangeOfTrysToCheck@__FrameHandler3@@SA?AU?$pair@Viterator@TryBlockMap@__FrameHandler3@@V123@@std@@AEAVTryBlockMap@1@HPEAU_xDISPATCHER_CONTEXT@@PEBU_s_FuncInfo@@H@Z 000000014000272c f   libvcruntime:risctrnsctrl.obj
 0001:00001860       ?UnwindNestedFrames@__FrameHandler3@@SAXPEA_KPEAUEHExceptionRecord@@PEAU_CONTEXT@@0PEAXPEBU_s_FuncInfo@@HHPEBU_s_HandlerType@@PEAU_xDISPATCHER_CONTEXT@@E@Z 0000000140002860 f   libvcruntime:risctrnsctrl.obj
 0001:00001964       _CreateFrameInfo           0000000140002964 f   libvcruntime:risctrnsctrl.obj
 0001:000019a0       _FindAndUnlinkFrame        00000001400029a0 f   libvcruntime:risctrnsctrl.obj
 0001:000019f4       _GetImageBase              00000001400029f4 f   libvcruntime:risctrnsctrl.obj
 0001:00001a08       _GetThrowImageBase         0000000140002a08 f   libvcruntime:risctrnsctrl.obj
 0001:00001a1c       _SetImageBase              0000000140002a1c f   libvcruntime:risctrnsctrl.obj
 0001:00001a34       _SetThrowImageBase         0000000140002a34 f   libvcruntime:risctrnsctrl.obj
 0001:00001a4c       __CxxFrameHandler3         0000000140002a4c f   libvcruntime:risctrnsctrl.obj
 0001:00001ae0       ?GetCurrentState@__FrameHandler3@@SAHPEA_KPEAU_xDISPATCHER_CONTEXT@@PEBU_s_FuncInfo@@@Z 0000000140002ae0 f   libvcruntime:ehstate.obj
 0001:00001b08       ?GetUnwindTryBlock@__FrameHandler3@@SAHPEA_KPEAU_xDISPATCHER_CONTEXT@@PEBU_s_FuncInfo@@@Z 0000000140002b08 f   libvcruntime:ehstate.obj
 0001:00001b34       ?SetState@__FrameHandler3@@SAXPEA_KPEBU_s_FuncInfo@@H@Z 0000000140002b34 f   libvcruntime:ehstate.obj
 0001:00001b40       ?SetUnwindTryBlock@__FrameHandler3@@SAXPEA_KPEAU_xDISPATCHER_CONTEXT@@PEBU_s_FuncInfo@@H@Z 0000000140002b40 f   libvcruntime:ehstate.obj
 0001:00001b7c       ?StateFromControlPc@__FrameHandler3@@SAHPEBU_s_FuncInfo@@PEAU_xDISPATCHER_CONTEXT@@@Z 0000000140002b7c f   libvcruntime:ehstate.obj
 0001:00001b84       ?StateFromIp@__FrameHandler3@@SAHPEBU_s_FuncInfo@@PEAU_xDISPATCHER_CONTEXT@@_K@Z 0000000140002b84 f   libvcruntime:ehstate.obj
 0001:000026c0       ??$TypeMatchHelper@V__FrameHandler3@@@@YAHPEBU_s_HandlerType@@PEBU_s_CatchableType@@PEBU_s_ThrowInfo@@@Z 00000001400036c0 f i libvcruntime:frame.obj
 0001:00002800       ??$__InternalCxxFrameHandler@V__FrameHandler3@@@@YA?AW4_EXCEPTION_DISPOSITION@@PEAUEHExceptionRecord@@PEA_KPEAU_CONTEXT@@PEAU_xDISPATCHER_CONTEXT@@PEBU_s_FuncInfo@@H1E@Z 0000000140003800 f i libvcruntime:frame.obj
 0001:00002a38       ??$__InternalCxxFrameHandlerWrapper@V__FrameHandler3@@@@YA?AW4_EXCEPTION_DISPOSITION@@PEAUEHExceptionRecord@@PEA_KPEAU_CONTEXT@@PEAU_xDISPATCHER_CONTEXT@@PEBU_s_FuncInfo@@H1E@Z 0000000140003a38 f i libvcruntime:frame.obj
 0001:00002a40       ??0bad_exception@std@@QEAA@AEBV01@@Z 0000000140003a40 f i libvcruntime:frame.obj
 0001:00002a7c       ??0bad_exception@std@@QEAA@XZ 0000000140003a7c f i libvcruntime:frame.obj
 0001:00002a9c       ??0exception@std@@QEAA@AEBV01@@Z 0000000140003a9c f i libvcruntime:frame.obj
 0001:00002ad0       ??1bad_exception@std@@UEAA@XZ 0000000140003ad0 f i libvcruntime:frame.obj
 0001:00002ae4       ??_Ebad_exception@std@@UEAAPEAXI@Z 0000000140003ae4 f i libvcruntime:frame.obj
 0001:00002ae4       ??_Eexception@std@@UEAAPEAXI@Z 0000000140003ae4 f i libvcruntime:frame.obj
 0001:00002ae4       ??_Gbad_exception@std@@UEAAPEAXI@Z 0000000140003ae4 f i libvcruntime:frame.obj
 0001:00002ae4       ??_Gexception@std@@UEAAPEAXI@Z 0000000140003ae4 f i libvcruntime:frame.obj
 0001:00002b28       ?CxxCallCatchBlock@__FrameHandler3@@SAPEAXPEAU_EXCEPTION_RECORD@@@Z 0000000140003b28 f   libvcruntime:frame.obj
 0001:00002d98       ?FrameUnwindToState@__FrameHandler3@@SAXPEA_KPEAU_xDISPATCHER_CONTEXT@@PEBU_s_FuncInfo@@H@Z 0000000140003d98 f   libvcruntime:frame.obj
 0001:00002f24       ?GetHandlerSearchState@__FrameHandler3@@SAHPEA_KPEAU_xDISPATCHER_CONTEXT@@PEBU_s_FuncInfo@@@Z 0000000140003f24 f i libvcruntime:frame.obj
 0001:00003134       ?_CallMemberFunction1@@YAXQEAX00@Z 0000000140004134 f i libvcruntime:frame.obj
 0001:00003140       ?_CallMemberFunction2@@YAXQEAX00H@Z 0000000140004140 f i libvcruntime:frame.obj
 0001:00003150       ?what@exception@std@@UEBAPEBDXZ 0000000140004150 f i libvcruntime:frame.obj
 0001:000031b0       _CallSettingFrame          00000001400041b0 f   libvcruntime:handlers.obj
 0001:000031f0       __std_exception_copy       00000001400041f0 f   libvcruntime:std_exception.obj
 0001:00003280       __std_exception_destroy    0000000140004280 f   libvcruntime:std_exception.obj
 0001:000032a8       _CxxThrowException         00000001400042a8 f   libvcruntime:throw.obj
 0001:00003350       _seh_filter_exe            0000000140004350 f   libucrt:exception_filter.obj
 0001:000034d4       _query_app_type            00000001400044d4 f   libucrt:report_runtime_error.obj
 0001:000034dc       _set_app_type              00000001400044dc f   libucrt:report_runtime_error.obj
 0001:000034e4       __acrt_has_user_matherr    00000001400044e4 f   libucrt:matherr.obj
 0001:00003504       __acrt_initialize_user_matherr 0000000140004504 f   libucrt:matherr.obj
 0001:0000350c       __acrt_invoke_user_matherr 000000014000450c f   libucrt:matherr.obj
 0001:00003544       __setusermatherr           0000000140004544 f   libucrt:matherr.obj
 0001:0000372c       __acrt_allocate_buffer_for_argv 000000014000472c f   libucrt:argv_parsing.obj
 0001:0000378c       _configure_narrow_argv     000000014000478c f   libucrt:argv_parsing.obj
 0001:00003b14       __dcrt_uninitialize_environments_nolock 0000000140004b14 f   libucrt:environment_initialization.obj
 0001:00003b58       _initialize_narrow_environment 0000000140004b58 f   libucrt:environment_initialization.obj
 0001:00003b60       _get_narrow_winmain_command_line 0000000140004b60 f   libucrt:argv_winmain.obj
 0001:00003bd0       _initterm                  0000000140004bd0 f   libucrt:initterm.obj
 0001:00003c14       _initterm_e                0000000140004c14 f   libucrt:initterm.obj
 0001:00003efc       __acrt_initialize_thread_local_exit_callback 0000000140004efc f   libucrt:exit.obj
 0001:00003f04       _c_exit                    0000000140004f04 f   libucrt:exit.obj
 0001:00003f14       _cexit                     0000000140004f14 f   libucrt:exit.obj
 0001:00003f24       _exit                      0000000140004f24 f   libucrt:exit.obj
 0001:00003f30       _register_thread_local_exe_atexit_callback 0000000140004f30 f   libucrt:exit.obj
 0001:00003f70       exit                       0000000140004f70 f   libucrt:exit.obj
 0001:00003f7c       _set_fmode                 0000000140004f7c f   libucrt:setmode.obj
 0001:0000402c       __acrt_set_locale_changed  000000014000502c f   libucrt:wsetlocale.obj
 0001:00004038       __acrt_uninitialize_locale 0000000140005038 f   libucrt:wsetlocale.obj
 0001:00004068       _configthreadlocale        0000000140005068 f   libucrt:wsetlocale.obj
 0001:000040d4       _query_new_mode            00000001400050d4 f   libucrt:new_mode.obj
 0001:000040dc       _set_new_mode              00000001400050dc f   libucrt:new_mode.obj
 0001:00004108       __p__commode               0000000140005108 f   libucrt:ncommode.obj
 0001:00004458       _crt_atexit                0000000140005458 f   libucrt:onexit.obj
 0001:00004468       _execute_onexit_table      0000000140005468 f   libucrt:onexit.obj
 0001:000044ac       _initialize_onexit_table   00000001400054ac f   libucrt:onexit.obj
 0001:000044d4       _register_onexit_function  00000001400054d4 f   libucrt:onexit.obj
 0001:00004648       __acrt_initialize          0000000140005648 f   libucrt:initialization.obj
 0001:0000465c       __acrt_uninitialize        000000014000565c f   libucrt:initialization.obj
 0001:00004694       terminate                  0000000140005694 f   libucrt:terminate.obj
 0001:000046c0       free                       00000001400056c0 f   libucrt:free.obj
 0001:000046d4       malloc                     00000001400056d4 f   libucrt:malloc.obj
 0001:000046dc       strcpy_s                   00000001400056dc f   libucrt:strcpy_s.obj
 0001:0000473c       abort                      000000014000573c f   libucrt:abort.obj
 0001:00004794       calloc                     0000000140005794 f   libucrt:calloc.obj
 0001:000047a0       ?get_raw_ptd@__crt_cached_ptd_host@@QEAAPEAU__acrt_ptd@@XZ 00000001400057a0 f i libucrt:output.obj
 0001:00004810       ?update_locale_slow@__crt_cached_ptd_host@@AEAAXXZ 0000000140005810 f i libucrt:output.obj
 0001:000048a0       strncmp                    00000001400058a0 f   libucrt:strncmp.obj
 0001:00004920       wcsncmp                    0000000140005920 f   libucrt:wcsncmp.obj
 0001:00004cc4       __acrt_getptd              0000000140005cc4 f   libucrt:per_thread_data.obj
 0001:00004d98       __acrt_getptd_head         0000000140005d98 f   libucrt:per_thread_data.obj
 0001:00004e3c       __acrt_getptd_noexit       0000000140005e3c f   libucrt:per_thread_data.obj
 0001:00004f04       __acrt_getptd_noexit_explicit 0000000140005f04 f   libucrt:per_thread_data.obj
 0001:00004fc4       __acrt_initialize_ptd      0000000140005fc4 f   libucrt:per_thread_data.obj
 0001:00005000       __acrt_uninitialize_ptd    0000000140006000 f   libucrt:per_thread_data.obj
 0001:00005024       ?get_raw_ptd_noexit@__crt_cached_ptd_host@@QEAAPEAU__acrt_ptd@@XZ 0000000140006024 f i libucrt:invalid_parameter.obj
 0001:00005090       ?value@?$dual_state_global@P6AXPEB_W00I_K@Z@__crt_state_management@@QEAAAEAP6AXPEB_W00I_K@ZAEAV__crt_cached_ptd_host@@@Z 0000000140006090 f i libucrt:invalid_parameter.obj
 0001:000050dc       __acrt_call_reportfault    00000001400060dc f   libucrt:invalid_parameter.obj
 0001:00005238       __acrt_initialize_invalid_parameter_handler 0000000140006238 f   libucrt:invalid_parameter.obj
 0001:00005240       _invalid_parameter         0000000140006240 f   libucrt:invalid_parameter.obj
 0001:000052dc       _invalid_parameter_internal 00000001400062dc f   libucrt:invalid_parameter.obj
 0001:000053ac       _invalid_parameter_noinfo  00000001400063ac f   libucrt:invalid_parameter.obj
 0001:000053cc       _invoke_watson             00000001400063cc f   libucrt:invalid_parameter.obj
 0001:00005414       __acrt_errno_from_os_error 0000000140006414 f   libucrt:errno.obj
 0001:0000545c       __acrt_errno_map_os_error  000000014000645c f   libucrt:errno.obj
 0001:000054a4       __acrt_errno_map_os_error_ptd 00000001400064a4 f   libucrt:errno.obj
 0001:000054c8       __doserrno                 00000001400064c8 f   libucrt:errno.obj
 0001:000054e8       _errno                     00000001400064e8 f   libucrt:errno.obj
 0001:00005508       _calloc_base               0000000140006508 f   libucrt:calloc_base.obj
 0001:00005580       _free_base                 0000000140006580 f   libucrt:free_base.obj
 0001:000055d0       ??$__acrt_convert_wcs_mbs_cp@D_WV<lambda_7c9dea7b4ca7285d2cdb541a38da6275>@@U__crt_win32_buffer_internal_dynamic_resizing@@@@YAHQEBDAEAV?$__crt_win32_buffer@_WU__crt_win32_buffer_internal_dynamic_resizing@@@@AEBV<lambda_7c9dea7b4ca7285d2cdb541a38da6275>@@I@Z 00000001400065d0 f i libucrt:argv_wildcards.obj
 0001:0000574c       ??$__acrt_convert_wcs_mbs_cp@_WDV<lambda_d8593a27d1aa8c02be35c86a17d324c4>@@U__crt_win32_buffer_internal_dynamic_resizing@@@@YAHQEB_WAEAV?$__crt_win32_buffer@DU__crt_win32_buffer_internal_dynamic_resizing@@@@AEBV<lambda_d8593a27d1aa8c02be35c86a17d324c4>@@I@Z 000000014000674c f i libucrt:argv_wildcards.obj
 0001:00005ff4       ??0_LocaleUpdate@@QEAA@QEAU__crt_locale_pointers@@@Z 0000000140006ff4 f i libucrt:argv_wildcards.obj
 0001:00006090       __acrt_expand_narrow_argv_wildcards 0000000140007090 f   libucrt:argv_wildcards.obj
 0001:00006098       ??$__acrt_convert_wcs_mbs_cp@_WDV<lambda_f788ae46380686e8b737efdd8c720d07>@@U__crt_win32_buffer_no_resizing@@@@YAHQEB_WAEAV?$__crt_win32_buffer@DU__crt_win32_buffer_no_resizing@@@@AEBV<lambda_f788ae46380686e8b737efdd8c720d07>@@I@Z 0000000140007098 f i libucrt:getmodulefilenamea.obj
 0001:000061b4       __acrt_GetModuleFileNameA  00000001400071b4 f   libucrt:getmodulefilenamea.obj
 0001:00006ad0       __acrt_initialize_multibyte 0000000140007ad0 f   libucrt:mbctype.obj
 0001:00006b30       __acrt_update_thread_multibyte_data 0000000140007b30 f   libucrt:mbctype.obj
 0001:00006b4c       _setmbcp_nolock            0000000140007b4c f   libucrt:mbctype.obj
 0001:00006e80       _ismbblead                 0000000140007e80 f   libucrt:ismbbyte.obj
 0001:00006e94       __acrt_initialize_command_line 0000000140007e94 f   libucrt:argv_data.obj
 0001:00006ebc       __acrt_MultiByteToWideChar 0000000140007ebc f   libucrt:multibytetowidechar.obj
 0001:00006f18       __acrt_WideCharToMultiByte 0000000140007f18 f   libucrt:widechartomultibyte.obj
 0001:00006fc8       __dcrt_get_narrow_environment_from_os 0000000140007fc8 f   libucrt:get_environment_from_os.obj
 0001:000070d8       __acrt_initialize_locks    00000001400080d8 f   libucrt:locks.obj
 0001:00007120       __acrt_lock                0000000140008120 f   libucrt:locks.obj
 0001:0000713c       __acrt_uninitialize_locks  000000014000813c f   libucrt:locks.obj
 0001:00007174       __acrt_unlock              0000000140008174 f   libucrt:locks.obj
 0001:00007190       __acrt_get_process_end_policy 0000000140008190 f   libucrt:win_policies.obj
 0001:000071cc       __acrt_lowio_create_handle_array 00000001400081cc f   libucrt:osfinfo.obj
 0001:00007274       __acrt_lowio_destroy_handle_array 0000000140008274 f   libucrt:osfinfo.obj
 0001:000072c4       __acrt_lowio_ensure_fh_exists 00000001400082c4 f   libucrt:osfinfo.obj
 0001:0000736c       __acrt_lowio_lock_fh       000000014000836c f   libucrt:osfinfo.obj
 0001:00007394       __acrt_lowio_unlock_fh     0000000140008394 f   libucrt:osfinfo.obj
 0001:000073bc       _free_osfhnd               00000001400083bc f   libucrt:osfinfo.obj
 0001:00007478       _get_osfhandle             0000000140008478 f   libucrt:osfinfo.obj
 0001:000074f0       __acrt_initialize_fmode    00000001400084f0 f   libucrt:txtmode.obj
 0001:00007704       __acrt_initialize_lowio    0000000140008704 f   libucrt:ioinit.obj
 0001:00007740       __acrt_uninitialize_lowio  0000000140008740 f   libucrt:ioinit.obj
 0001:00007780       __acrt_locale_free_monetary 0000000140008780 f   libucrt:initmon.obj
 0001:0000788c       __acrt_locale_free_numeric 000000014000888c f   libucrt:initnum.obj
 0001:0000792c       __acrt_locale_free_time    000000014000892c f   libucrt:inittime.obj
 0001:00007a34       _malloc_base               0000000140008a34 f   libucrt:malloc_base.obj
 0001:00007a94       __acrt_GetStringTypeA      0000000140008a94 f   libucrt:getstringtypea.obj
 0001:00007c30       __acrt_add_locale_ref      0000000140008c30 f   libucrt:locale_refcounting.obj
 0001:00007cbc       __acrt_free_locale         0000000140008cbc f   libucrt:locale_refcounting.obj
 0001:00007e34       __acrt_locale_add_lc_time_reference 0000000140008e34 f   libucrt:locale_refcounting.obj
 0001:00007e5c       __acrt_locale_free_lc_time_if_unreferenced 0000000140008e5c f   libucrt:locale_refcounting.obj
 0001:00007e94       __acrt_locale_release_lc_time_reference 0000000140008e94 f   libucrt:locale_refcounting.obj
 0001:00007ebc       __acrt_release_locale_ref  0000000140008ebc f   libucrt:locale_refcounting.obj
 0001:00007f64       __acrt_update_thread_locale_data 0000000140008f64 f   libucrt:locale_refcounting.obj
 0001:00007fd4       _updatetlocinfoEx_nolock   0000000140008fd4 f   libucrt:locale_refcounting.obj
 0001:000081fc       __acrt_AppPolicyGetProcessTerminationMethodInternal 00000001400091fc f   libucrt:winapi_thunks.obj
 0001:00008254       __acrt_AreFileApisANSI     0000000140009254 f   libucrt:winapi_thunks.obj
 0001:00008298       __acrt_FlsAlloc            0000000140009298 f   libucrt:winapi_thunks.obj
 0001:000082a0       __acrt_FlsFree             00000001400092a0 f   libucrt:winapi_thunks.obj
 0001:000082a8       __acrt_FlsGetValue         00000001400092a8 f   libucrt:winapi_thunks.obj
 0001:000082b0       __acrt_FlsSetValue         00000001400092b0 f   libucrt:winapi_thunks.obj
 0001:000082b8       __acrt_InitializeCriticalSectionEx 00000001400092b8 f   libucrt:winapi_thunks.obj
 0001:00008328       __acrt_LCMapStringEx       0000000140009328 f   libucrt:winapi_thunks.obj
 0001:00008414       __acrt_LocaleNameToLCID    0000000140009414 f   libucrt:winapi_thunks.obj
 0001:00008474       __acrt_initialize_winapi_thunks 0000000140009474 f   libucrt:winapi_thunks.obj
 0001:000084a8       __acrt_uninitialize_winapi_thunks 00000001400094a8 f   libucrt:winapi_thunks.obj
 0001:000084ec       _recalloc_base             00000001400094ec f   libucrt:recalloc.obj
 0001:00008584       __acrt_initialize_heap     0000000140009584 f   libucrt:heap_handle.obj
 0001:000085a0       __acrt_uninitialize_heap   00000001400095a0 f   libucrt:heap_handle.obj
 0001:000085ac       __acrt_execute_initializers 00000001400095ac f   libucrt:shared_initialization.obj
 0001:00008640       __acrt_execute_uninitializers 0000000140009640 f   libucrt:shared_initialization.obj
 0001:00008688       __acrt_initialize_new_handler 0000000140009688 f   libucrt:new_handler.obj
 0001:00008690       _callnewh                  0000000140009690 f   libucrt:new_handler.obj
 0001:000086cc       _query_new_handler         00000001400096cc f   libucrt:new_handler.obj
 0001:00008748       __acrt_get_sigabrt_handler 0000000140009748 f   libucrt:signal.obj
 0001:00008778       __acrt_initialize_signal_handlers 0000000140009778 f   libucrt:signal.obj
 0001:00008798       raise                      0000000140009798 f   libucrt:signal.obj
 0001:00008bf4       __acrt_stdio_flush_nolock  0000000140009bf4 f   libucrt:fflush.obj
 0001:00008c80       _fflush_nolock             0000000140009c80 f   libucrt:fflush.obj
 0001:00008d54       _flushall                  0000000140009d54 f   libucrt:fflush.obj
 0001:00008d5c       __acrt_initialize_stdio    0000000140009d5c f   libucrt:_file.obj
 0001:00008e7c       __acrt_uninitialize_stdio  0000000140009e7c f   libucrt:_file.obj
 0001:00008ed8       _lock_file                 0000000140009ed8 f   libucrt:_file.obj
 0001:00008ee4       _unlock_file               0000000140009ee4 f   libucrt:_file.obj
 0001:00008ef0       __acrt_update_locale_info  0000000140009ef0 f   libucrt:locale_update.obj
 0001:00008f24       __acrt_update_locale_info_explicit 0000000140009f24 f   libucrt:locale_update.obj
 0001:00008f5c       __acrt_update_multibyte_info 0000000140009f5c f   libucrt:locale_update.obj
 0001:00008f90       __acrt_update_multibyte_info_explicit 0000000140009f90 f   libucrt:locale_update.obj
 0001:00008fc8       _mbtowc_internal           0000000140009fc8 f   libucrt:mbtowc.obj
 0001:00009140       _fileno                    000000014000a140 f   libucrt:fileno.obj
 0001:00009170       qsort                      000000014000a170 f   libucrt:qsort.obj
 0001:00009580       strncpy_s                  000000014000a580 f   libucrt:strncpy_s.obj
 0001:00009710       strpbrk                    000000014000a710 f   libucrt:strpbrk.obj
 0001:00009ad8       _mbsdec                    000000014000aad8 f   libucrt:mbsdec.obj
 0001:00009ae0       _mbsdec_l                  000000014000aae0 f   libucrt:mbsdec.obj
 0001:00009e94       __acrt_LCMapStringA        000000014000ae94 f   libucrt:lcmapstringa.obj
 0001:00009f44       __ascii_wcsnicmp           000000014000af44 f   libucrt:wcsnicmp.obj
 0001:00009f90       __acrt_DownlevelLocaleNameToLCID 000000014000af90 f   libucrt:lcidtoname_downlevel.obj
 0001:0000a038       _msize_base                000000014000b038 f   libucrt:msize.obj
 0001:0000a074       _realloc_base              000000014000b074 f   libucrt:realloc_base.obj
 0001:0000a17c       _commit                    000000014000b17c f   libucrt:commit.obj
 0001:0000aa2c       _write_internal            000000014000ba2c f   libucrt:write.obj
 0001:0000ab54       _write_nolock              000000014000bb54 f   libucrt:write.obj
 0001:0000ae64       _fcloseall                 000000014000be64 f   libucrt:closeall.obj
 0001:0000af18       __acrt_stdio_free_buffer_nolock 000000014000bf18 f   libucrt:_freebuf.obj
 0001:0000af58       _isatty                    000000014000bf58 f   libucrt:isatty.obj
 0001:0000afb8       ?__mbrtowc_utf8@__crt_mbstring@@YA_KPEA_WPEBD_KPEAU_Mbstatet@@AEAV__crt_cached_ptd_host@@@Z 000000014000bfb8 f   libucrt:mbrtowc.obj
 0001:0000affc       ?__mbsrtowcs_utf8@__crt_mbstring@@YA_KPEA_WPEAPEBD_KPEAU_Mbstatet@@AEAV__crt_cached_ptd_host@@@Z 000000014000bffc f   libucrt:mbrtowc.obj
 0001:0000b1a0       __strncnt                  000000014000c1a0 f   libucrt:strncnt.obj
 0001:0000b264       _lseeki64_nolock_internal  000000014000c264 f   libucrt:lseek.obj
 0001:0000b26c       _putwch_nolock             000000014000c26c f   libucrt:putwch.obj
 0001:0000b3c8       fclose                     000000014000c3c8 f   libucrt:fclose.obj
 0001:0000b460       log10                      000000014000c460 f   libucrt:log10.obj
 0001:0000ba0c       ?reset_and_return@__crt_mbstring@@YA_K_KPEAU_Mbstatet@@@Z 000000014000ca0c f   libucrt:common_utf8.obj
 0001:0000ba14       ?return_illegal_sequence@__crt_mbstring@@YA_KPEAU_Mbstatet@@AEAV__crt_cached_ptd_host@@@Z 000000014000ca14 f   libucrt:common_utf8.obj
 0001:0000ba28       ?__mbrtoc32_utf8@__crt_mbstring@@YA_KPEA_UPEBD_KPEAU_Mbstatet@@AEAV__crt_cached_ptd_host@@@Z 000000014000ca28 f   libucrt:mbrtoc32.obj
 0001:0000bc04       __dcrt_lowio_ensure_console_output_initialized 000000014000cc04 f   libucrt:initcon.obj
 0001:0000bc58       __dcrt_terminate_console_output 000000014000cc58 f   libucrt:initcon.obj
 0001:0000bc74       __dcrt_write_console       000000014000cc74 f   libucrt:initcon.obj
 0001:0000bdac       _close_internal            000000014000cdac f   libucrt:close.obj
 0001:0000be70       _close_nolock_internal     000000014000ce70 f   libucrt:close.obj
 0001:0000bf40       ?__acrt_stdio_free_stream@@YAXV__crt_stdio_stream@@@Z 000000014000cf40 f   libucrt:stream.obj
 0001:0000c080       _handle_error              000000014000d080 f   libucrt:libm_error.obj
 0001:0000c1b0       __acrt_initialize_fma3     000000014000d1b0 f   libucrt:fma3_available.obj
 0001:0000c220       _log10_special             000000014000d220 f   libucrt:log_special.obj
 0001:0000c2f0       _get_fpsr                  000000014000d2f0 f   libucrt:fpsr.obj
 0001:0000c300       _set_fpsr                  000000014000d300 f   libucrt:fpsr.obj
 0001:0000c30a       _fclrf                     000000014000d30a f   libucrt:fpsr.obj
 0001:0000c31e       _frnd                      000000014000d31e f   libucrt:fpsr.obj
 0001:0000c340       _raise_exc                 000000014000d340 f   libucrt:fpexcept.obj
 0001:0000c368       _raise_exc_ex              000000014000d368 f   libucrt:fpexcept.obj
 0001:0000c678       _set_errno_from_matherr    000000014000d678 f   libucrt:fpexcept.obj
 0001:0000c6a8       _clrfp                     000000014000d6a8 f   libucrt:fpctrl.obj
 0001:0000c6c8       _ctrlfp                    000000014000d6c8 f   libucrt:fpctrl.obj
 0001:0000c744       _set_statfp                000000014000d744 f   libucrt:fpctrl.obj
 0001:0000c764       _statfp                    000000014000d764 f   libucrt:fpctrl.obj
 0001:0000c780       _FindPESection             000000014000d780 f   LIBCMT:pesect.obj
 0001:0000c7d0       _IsNonwritableInCurrentImage 000000014000d7d0 f   LIBCMT:pesect.obj
 0001:0000c820       _ValidateImageBase         000000014000d820 f   LIBCMT:pesect.obj
 0001:0000c84c       ??_Etype_info@@UEAAPEAXI@Z 000000014000d84c f i LIBCMT:std_type_info_static.obj
 0001:0000c84c       ??_Gtype_info@@UEAAPEAXI@Z 000000014000d84c f i LIBCMT:std_type_info_static.obj
 0001:0000c878       __GSHandlerCheck           000000014000d878 f   LIBCMT:gshandler.obj
 0001:0000c898       __GSHandlerCheckCommon     000000014000d898 f   LIBCMT:gshandler.obj
 0001:0000c910       __security_check_cookie    000000014000d910 f   LIBCMT:amdsecgs.obj
 0001:0000c930       ??3@YAXPEAX_K@Z            000000014000d930 f   LIBCMT:delete_scalar_size.obj
 0001:0000c938       __raise_securityfailure    000000014000d938 f   LIBCMT:gs_report.obj
 0001:0000c96c       __report_gsfailure         000000014000d96c f   LIBCMT:gs_report.obj
 0001:0000ca40       __report_rangecheckfailure 000000014000da40 f   LIBCMT:gs_report.obj
 0001:0000ca54       __report_securityfailure   000000014000da54 f   LIBCMT:gs_report.obj
 0001:0000cbf0       __chkstk                   000000014000dbf0 f   LIBCMT:chkstk.obj
 0001:0000cbf0       _alloca_probe              000000014000dbf0 f   LIBCMT:chkstk.obj
 0001:0000cc40       __GSHandlerCheck_EH        000000014000dc40 f   LIBCMT:gshandlereh.obj
 0001:0000ccc0       ??3@YAXPEAX@Z              000000014000dcc0 f   LIBCMT:delete_scalar.obj
 0001:0000ccd0       __C_specific_handler_noexcept 000000014000dcd0 f   libvcruntime:chandler_noexcept.obj
 0001:0000cd30       _guard_dispatch_icall_nop  000000014000dd30 f   LIBCMT:guard_dispatch.obj
 0001:0000cd50       _guard_xfg_dispatch_icall_nop 000000014000dd50 f   LIBCMT:guard_xfg_dispatch.obj
 0001:0000cd80       memset_repstos             000000014000dd80 f   libvcruntime:memset.obj
 0001:0000cd90       memset                     000000014000dd90 f   libvcruntime:memset.obj
 0001:0000d140       memcpy_repmovs             000000014000e140 f   libvcruntime:memcpy.obj
 0001:0000d150       memcpy                     000000014000e150 f   libvcruntime:memcpy.obj
 0001:0000d150       memcpy_$fo_default$        000000014000e150     libvcruntime:memcpy.obj
 0001:0000d150       memmove                    000000014000e150 f   libvcruntime:memcpy.obj
 0002:00000000       __imp_HeapFree             000000014000f000     kernel32:KERNEL32.dll
 0002:00000008       __imp_WriteConsoleW        000000014000f008     kernel32:KERNEL32.dll
 0002:00000010       __imp_QueryPerformanceCounter 000000014000f010     kernel32:KERNEL32.dll
 0002:00000018       __imp_GetCurrentProcessId  000000014000f018     kernel32:KERNEL32.dll
 0002:00000020       __imp_GetCurrentThreadId   000000014000f020     kernel32:KERNEL32.dll
 0002:00000028       __imp_GetSystemTimeAsFileTime 000000014000f028     kernel32:KERNEL32.dll
 0002:00000030       __imp_InitializeSListHead  000000014000f030     kernel32:KERNEL32.dll
 0002:00000038       __imp_RtlCaptureContext    000000014000f038     kernel32:KERNEL32.dll
 0002:00000040       __imp_RtlLookupFunctionEntry 000000014000f040     kernel32:KERNEL32.dll
 0002:00000048       __imp_RtlVirtualUnwind     000000014000f048     kernel32:KERNEL32.dll
 0002:00000050       __imp_IsDebuggerPresent    000000014000f050     kernel32:KERNEL32.dll
 0002:00000058       __imp_UnhandledExceptionFilter 000000014000f058     kernel32:KERNEL32.dll
 0002:00000060       __imp_SetUnhandledExceptionFilter 000000014000f060     kernel32:KERNEL32.dll
 0002:00000068       __imp_GetStartupInfoW      000000014000f068     kernel32:KERNEL32.dll
 0002:00000070       __imp_IsProcessorFeaturePresent 000000014000f070     kernel32:KERNEL32.dll
 0002:00000078       __imp_GetModuleHandleW     000000014000f078     kernel32:KERNEL32.dll
 0002:00000080       __imp_RtlUnwindEx          000000014000f080     kernel32:KERNEL32.dll
 0002:00000088       __imp_GetLastError         000000014000f088     kernel32:KERNEL32.dll
 0002:00000090       __imp_SetLastError         000000014000f090     kernel32:KERNEL32.dll
 0002:00000098       __imp_EnterCriticalSection 000000014000f098     kernel32:KERNEL32.dll
 0002:000000a0       __imp_LeaveCriticalSection 000000014000f0a0     kernel32:KERNEL32.dll
 0002:000000a8       __imp_DeleteCriticalSection 000000014000f0a8     kernel32:KERNEL32.dll
 0002:000000b0       __imp_InitializeCriticalSectionAndSpinCount 000000014000f0b0     kernel32:KERNEL32.dll
 0002:000000b8       __imp_TlsAlloc             000000014000f0b8     kernel32:KERNEL32.dll
 0002:000000c0       __imp_TlsGetValue          000000014000f0c0     kernel32:KERNEL32.dll
 0002:000000c8       __imp_TlsSetValue          000000014000f0c8     kernel32:KERNEL32.dll
 0002:000000d0       __imp_TlsFree              000000014000f0d0     kernel32:KERNEL32.dll
 0002:000000d8       __imp_FreeLibrary          000000014000f0d8     kernel32:KERNEL32.dll
 0002:000000e0       __imp_GetProcAddress       000000014000f0e0     kernel32:KERNEL32.dll
 0002:000000e8       __imp_LoadLibraryExW       000000014000f0e8     kernel32:KERNEL32.dll
 0002:000000f0       __imp_EncodePointer        000000014000f0f0     kernel32:KERNEL32.dll
 0002:000000f8       __imp_RaiseException       000000014000f0f8     kernel32:KERNEL32.dll
 0002:00000100       __imp_RtlPcToFileHeader    000000014000f100     kernel32:KERNEL32.dll
 0002:00000108       __imp_GetStdHandle         000000014000f108     kernel32:KERNEL32.dll
 0002:00000110       __imp_WriteFile            000000014000f110     kernel32:KERNEL32.dll
 0002:00000118       __imp_GetModuleFileNameW   000000014000f118     kernel32:KERNEL32.dll
 0002:00000120       __imp_GetCurrentProcess    000000014000f120     kernel32:KERNEL32.dll
 0002:00000128       __imp_ExitProcess          000000014000f128     kernel32:KERNEL32.dll
 0002:00000130       __imp_TerminateProcess     000000014000f130     kernel32:KERNEL32.dll
 0002:00000138       __imp_GetModuleHandleExW   000000014000f138     kernel32:KERNEL32.dll
 0002:00000140       __imp_HeapAlloc            000000014000f140     kernel32:KERNEL32.dll
 0002:00000148       __imp_FindClose            000000014000f148     kernel32:KERNEL32.dll
 0002:00000150       __imp_FindFirstFileExW     000000014000f150     kernel32:KERNEL32.dll
 0002:00000158       __imp_FindNextFileW        000000014000f158     kernel32:KERNEL32.dll
 0002:00000160       __imp_IsValidCodePage      000000014000f160     kernel32:KERNEL32.dll
 0002:00000168       __imp_GetACP               000000014000f168     kernel32:KERNEL32.dll
 0002:00000170       __imp_GetOEMCP             000000014000f170     kernel32:KERNEL32.dll
 0002:00000178       __imp_GetCPInfo            000000014000f178     kernel32:KERNEL32.dll
 0002:00000180       __imp_GetCommandLineA      000000014000f180     kernel32:KERNEL32.dll
 0002:00000188       __imp_GetCommandLineW      000000014000f188     kernel32:KERNEL32.dll
 0002:00000190       __imp_MultiByteToWideChar  000000014000f190     kernel32:KERNEL32.dll
 0002:00000198       __imp_WideCharToMultiByte  000000014000f198     kernel32:KERNEL32.dll
 0002:000001a0       __imp_GetEnvironmentStringsW 000000014000f1a0     kernel32:KERNEL32.dll
 0002:000001a8       __imp_FreeEnvironmentStringsW 000000014000f1a8     kernel32:KERNEL32.dll
 0002:000001b0       __imp_SetStdHandle         000000014000f1b0     kernel32:KERNEL32.dll
 0002:000001b8       __imp_GetFileType          000000014000f1b8     kernel32:KERNEL32.dll
 0002:000001c0       __imp_GetStringTypeW       000000014000f1c0     kernel32:KERNEL32.dll
 0002:000001c8       __imp_FlsAlloc             000000014000f1c8     kernel32:KERNEL32.dll
 0002:000001d0       __imp_FlsGetValue          000000014000f1d0     kernel32:KERNEL32.dll
 0002:000001d8       __imp_FlsSetValue          000000014000f1d8     kernel32:KERNEL32.dll
 0002:000001e0       __imp_FlsFree              000000014000f1e0     kernel32:KERNEL32.dll
 0002:000001e8       __imp_LCMapStringW         000000014000f1e8     kernel32:KERNEL32.dll
 0002:000001f0       __imp_GetProcessHeap       000000014000f1f0     kernel32:KERNEL32.dll
 0002:000001f8       __imp_HeapSize             000000014000f1f8     kernel32:KERNEL32.dll
 0002:00000200       __imp_HeapReAlloc          000000014000f200     kernel32:KERNEL32.dll
 0002:00000208       __imp_FlushFileBuffers     000000014000f208     kernel32:KERNEL32.dll
 0002:00000210       __imp_GetConsoleOutputCP   000000014000f210     kernel32:KERNEL32.dll
 0002:00000218       __imp_GetConsoleMode       000000014000f218     kernel32:KERNEL32.dll
 0002:00000220       __imp_SetFilePointerEx     000000014000f220     kernel32:KERNEL32.dll
 0002:00000228       __imp_CreateFileW          000000014000f228     kernel32:KERNEL32.dll
 0002:00000230       __imp_CloseHandle          000000014000f230     kernel32:KERNEL32.dll
 0002:00000238       \177KERNEL32_NULL_THUNK_DATA 000000014000f238     kernel32:KERNEL32.dll
 0002:00000240       __imp_MessageBoxA          000000014000f240     user32:USER32.dll
 0002:00000248       \177USER32_NULL_THUNK_DATA 000000014000f248     user32:USER32.dll
 0002:00000250       __guard_check_icall_fptr   000000014000f250     LIBCMT:guard_support.obj
 0002:00000258       __guard_xfg_check_icall_fptr 000000014000f258     LIBCMT:guard_support.obj
 0002:00000260       __guard_dispatch_icall_fptr 000000014000f260     LIBCMT:guard_support.obj
 0002:00000268       __guard_xfg_dispatch_icall_fptr 000000014000f268     LIBCMT:guard_support.obj
 0002:00000270       __guard_xfg_table_dispatch_icall_fptr 000000014000f270     LIBCMT:guard_support.obj
 0002:00000278       __castguard_check_failure_os_handled_fptr 000000014000f278     LIBCMT:guard_support.obj
 0002:00000280       __guard_memcpy_fptr        000000014000f280     libvcruntime:softmemtag.obj
 0002:00000288       __xc_a                     000000014000f288     LIBCMT:initializers.obj
 0002:00000298       __xc_z                     000000014000f298     LIBCMT:initializers.obj
 0002:000002a0       __xi_a                     000000014000f2a0     LIBCMT:initializers.obj
 0002:000002b8       __acrt_multibyte_initializer 000000014000f2b8     libucrt:multibyte_initializer.obj
 0002:000002c0       __acrt_fmode_initializer   000000014000f2c0     libucrt:fmode_initializer.obj
 0002:000002c8       __acrt_stdio_initializer   000000014000f2c8     libucrt:stdio_initializer.obj
 0002:000002d0       __acrt_tran_fma3_initializer 000000014000f2d0     libucrt:fma3_initializer.obj
 0002:000002d8       __xi_z                     000000014000f2d8     LIBCMT:initializers.obj
 0002:000002e0       __xp_a                     000000014000f2e0     LIBCMT:initializers.obj
 0002:000002e8       __acrt_locale_terminator   000000014000f2e8     libucrt:locale_initializer.obj
 0002:000002f0       __dcrt_console_output_terminator 000000014000f2f0     libucrt:console_output_initializer.obj
 0002:000002f8       __acrt_stdio_terminator    000000014000f2f8     libucrt:stdio_initializer.obj
 0002:00000300       __xp_z                     000000014000f300     LIBCMT:initializers.obj
 0002:00000308       __xt_a                     000000014000f308     LIBCMT:initializers.obj
 0002:00000310       __xt_z                     000000014000f310     LIBCMT:initializers.obj
 0002:00000320       __xmm@ffffffffffffffffffffffffffffffff 000000014000f320     LIBCMT:utility.obj
 0002:00000330       _pDestructExceptionObject  000000014000f330     libvcruntime:ehhelpers.obj
 0002:00000a50       ??_C@_08EHJDFFNH@__based?$CI@ 000000014000fa50     libvcruntime:undname.obj
 0002:00000a60       ??_C@_07KOLFKCDI@__cdecl@  000000014000fa60     libvcruntime:undname.obj
 0002:00000a68       ??_C@_08GHMPAG@__pascal@   000000014000fa68     libvcruntime:undname.obj
 0002:00000a78       ??_C@_09IFJBGAPI@__stdcall@ 000000014000fa78     libvcruntime:undname.obj
 0002:00000a88       ??_C@_0L@NPHFGOKO@__thiscall@ 000000014000fa88     libvcruntime:undname.obj
 0002:00000a98       ??_C@_0L@JMKHOMEK@__fastcall@ 000000014000fa98     libvcruntime:undname.obj
 0002:00000aa8       ??_C@_0N@BCKKPABJ@__vectorcall@ 000000014000faa8     libvcruntime:undname.obj
 0002:00000ab8       ??_C@_09HIJEGCPM@__clrcall@ 000000014000fab8     libvcruntime:undname.obj
 0002:00000ac4       ??_C@_06GHPCKEAG@__eabi@   000000014000fac4     libvcruntime:undname.obj
 0002:00000ad0       ??_C@_09IOPIDJLG@__swift_1@ 000000014000fad0     libvcruntime:undname.obj
 0002:00000ae0       ??_C@_09KFNFGKHF@__swift_2@ 000000014000fae0     libvcruntime:undname.obj
 0002:00000af0       ??_C@_09LMMOFLDE@__swift_3@ 000000014000faf0     libvcruntime:undname.obj
 0002:00000b00       ??_C@_07JOMMBBKO@__ptr64@  000000014000fb00     libvcruntime:undname.obj
 0002:00000b08       ??_C@_0L@PILCLIHE@__restrict@ 000000014000fb08     libvcruntime:undname.obj
 0002:00000b18       ??_C@_0M@GFIIJFMG@__unaligned@ 000000014000fb18     libvcruntime:undname.obj
 0002:00000b28       ??_C@_09DHDLOLLB@restrict?$CI@ 000000014000fb28     libvcruntime:undname.obj
 0002:00000b32       ??_C@_00CNPNBAHC@@         000000014000fb32     libvcruntime:undname.obj
 0002:00000b34       ??_C@_04NIHEBCM@?5new@     000000014000fb34     libvcruntime:undname.obj
 0002:00000b40       ??_C@_07FPCDHGMM@?5delete@ 000000014000fb40     libvcruntime:undname.obj
 0002:00000b48       ??_C@_01NEMOKFLO@?$DN@     000000014000fb48     libvcruntime:undname.obj
 0002:00000b4c       ??_C@_02GPIOPFAK@?$DO?$DO@ 000000014000fb4c     libvcruntime:undname.obj
 0002:00000b50       ??_C@_02FODMEDOG@?$DM?$DM@ 000000014000fb50     libvcruntime:undname.obj
 0002:00000b54       ??_C@_01DCLJPIOD@?$CB@     000000014000fb54     libvcruntime:undname.obj
 0002:00000b58       ??_C@_02EGOFBIJA@?$DN?$DN@ 000000014000fb58     libvcruntime:undname.obj
 0002:00000b5c       ??_C@_02FDNJECIE@?$CB?$DN@ 000000014000fb5c     libvcruntime:undname.obj
 0002:00000b60       ??_C@_02GPECMEKF@?$FL?$FN@ 000000014000fb60     libvcruntime:undname.obj
 0002:00000b68       ??_C@_08LHJFAFGD@operator@ 000000014000fb68     libvcruntime:undname.obj
 0002:00000b74       ??_C@_02HBOOOICD@?9?$DO@   000000014000fb74     libvcruntime:undname.obj
 0002:00000b78       ??_C@_01NBENCBCI@?$CK@     000000014000fb78     libvcruntime:undname.obj
 0002:00000b7c       ??_C@_02ECNGHCIF@?$CL?$CL@ 000000014000fb7c     libvcruntime:undname.obj
 0002:00000b80       ??_C@_02BAABKJLB@?9?9@     000000014000fb80     libvcruntime:undname.obj
 0002:00000b84       ??_C@_01JOAMLHOP@?9@       000000014000fb84     libvcruntime:undname.obj
 0002:00000b88       ??_C@_01MIFGBAGJ@?$CL@     000000014000fb88     libvcruntime:undname.obj
 0002:00000b8c       ??_C@_01HNPIGOCE@?$CG@     000000014000fb8c     libvcruntime:undname.obj
 0002:00000b90       ??_C@_03MNHNFDLC@?9?$DO?$CK@ 000000014000fb90     libvcruntime:undname.obj
 0002:00000b94       ??_C@_01KMDKNFGN@?1@       000000014000fb94     libvcruntime:undname.obj
 0002:00000b98       ??_C@_01FGNFDNOH@?$CF@     000000014000fb98     libvcruntime:undname.obj
 0002:00000b9c       ??_C@_01MNNFJEPP@?$DM@     000000014000fb9c     libvcruntime:undname.obj
 0002:00000ba0       ??_C@_02EHCHHCKH@?$DM?$DN@ 000000014000fba0     libvcruntime:undname.obj
 0002:00000ba4       ??_C@_01PPODPGHN@?$DO@     000000014000fba4     libvcruntime:undname.obj
 0002:00000ba8       ??_C@_02EEKDKGMJ@?$DO?$DN@ 000000014000fba8     libvcruntime:undname.obj
 0002:00000bac       ??_C@_01IHBHIGKO@?0@       000000014000fbac     libvcruntime:undname.obj
 0002:00000bb0       ??_C@_02HCKGKOFO@?$CI?$CJ@ 000000014000fbb0     libvcruntime:undname.obj
 0002:00000bb4       ??_C@_01PJKLJHI@?$HO@      000000014000fbb4     libvcruntime:undname.obj
 0002:00000bb8       ??_C@_01JKBOJNNK@?$FO@     000000014000fbb8     libvcruntime:undname.obj
 0002:00000bbc       ??_C@_01DNKMNLPK@?$HM@     000000014000fbbc     libvcruntime:undname.obj
 0002:00000bc0       ??_C@_02PPKAJPJL@?$CG?$CG@ 000000014000fbc0     libvcruntime:undname.obj
 0002:00000bc4       ??_C@_02NONPIBCD@?$HM?$HM@ 000000014000fbc4     libvcruntime:undname.obj
 0002:00000bc8       ??_C@_02FPIMKNGF@?$CK?$DN@ 000000014000fbc8     libvcruntime:undname.obj
 0002:00000bcc       ??_C@_02FOEOMHFC@?$CL?$DN@ 000000014000fbcc     libvcruntime:undname.obj
 0002:00000bd0       ??_C@_02FKMDLLOA@?9?$DN@   000000014000fbd0     libvcruntime:undname.obj
 0002:00000bd4       ??_C@_02FJEHGPIO@?1?$DN@   000000014000fbd4     libvcruntime:undname.obj
 0002:00000bd8       ??_C@_02FENAOKFI@?$CF?$DN@ 000000014000fbd8     libvcruntime:undname.obj
 0002:00000bdc       ??_C@_03IKFCCPFF@?$DO?$DO?$DN@ 000000014000fbdc     libvcruntime:undname.obj
 0002:00000be0       ??_C@_03CDNPDDLA@?$DM?$DM?$DN@ 000000014000fbe0     libvcruntime:undname.obj
 0002:00000be4       ??_C@_02FGJGFEAB@?$CG?$DN@ 000000014000fbe4     libvcruntime:undname.obj
 0002:00000be8       ??_C@_02DHLNPPGH@?$HM?$DN@ 000000014000fbe8     libvcruntime:undname.obj
 0002:00000bec       ??_C@_02MHEGNOJ@?$FO?$DN@  000000014000fbec     libvcruntime:undname.obj
 0002:00000bf0       ??_C@_09IFPLHPGF@?$GAvftable?8@ 000000014000fbf0     libvcruntime:undname.obj
 0002:00000c00       ??_C@_09BLBHBJP@?$GAvbtable?8@ 000000014000fc00     libvcruntime:undname.obj
 0002:00000c10       ??_C@_07FEEIOKP@?$GAvcall?8@ 000000014000fc10     libvcruntime:undname.obj
 0002:00000c18       ??_C@_08LLFFHHDJ@?$GAtypeof?8@ 000000014000fc18     libvcruntime:undname.obj
 0002:00000c28       ??_C@_0BF@KDPPACIK@?$GAlocal?5static?5guard?8@ 000000014000fc28     libvcruntime:undname.obj
 0002:00000c40       ??_C@_08OBABFOLI@?$GAstring?8@ 000000014000fc40     libvcruntime:undname.obj
 0002:00000c50       ??_C@_0BD@JDLKDPAB@?$GAvbase?5destructor?8@ 000000014000fc50     libvcruntime:undname.obj
 0002:00000c68       ??_C@_0BN@DEGPLNFK@?$GAvector?5deleting?5destructor?8@ 000000014000fc68     libvcruntime:undname.obj
 0002:00000c88       ??_C@_0BO@OBMKPJIG@?$GAdefault?5constructor?5closure?8@ 000000014000fc88     libvcruntime:undname.obj
 0002:00000ca8       ??_C@_0BN@IMDCHIKM@?$GAscalar?5deleting?5destructor?8@ 000000014000fca8     libvcruntime:undname.obj
 0002:00000cc8       ??_C@_0BO@PFGOCPJJ@?$GAvector?5constructor?5iterator?8@ 000000014000fcc8     libvcruntime:undname.obj
 0002:00000ce8       ??_C@_0BN@LFPFMEDL@?$GAvector?5destructor?5iterator?8@ 000000014000fce8     libvcruntime:undname.obj
 0002:00000d08       ??_C@_0CE@IKBNEHA@?$GAvector?5vbase?5constructor?5itera@ 000000014000fd08     libvcruntime:undname.obj
 0002:00000d30       ??_C@_0BL@NILFHHPC@?$GAvirtual?5displacement?5map?8@ 000000014000fd30     libvcruntime:undname.obj
 0002:00000d50       ??_C@_0CB@JONCMFFK@?$GAeh?5vector?5constructor?5iterator@ 000000014000fd50     libvcruntime:undname.obj
 0002:00000d78       ??_C@_0CA@GCEOPDGL@?$GAeh?5vector?5destructor?5iterator?8@ 000000014000fd78     libvcruntime:undname.obj
 0002:00000d98       ??_C@_0CH@OOJPLCPH@?$GAeh?5vector?5vbase?5constructor?5it@ 000000014000fd98     libvcruntime:undname.obj
 0002:00000dc0       ??_C@_0BL@LLKPOHJI@?$GAcopy?5constructor?5closure?8@ 000000014000fdc0     libvcruntime:undname.obj
 0002:00000de0       ??_C@_0BA@KBCDOMBN@?$GAudt?5returning?8@ 000000014000fde0     libvcruntime:undname.obj
 0002:00000df0       ??_C@_03KLGMFNMG@?$GAEH@   000000014000fdf0     libvcruntime:undname.obj
 0002:00000df4       ??_C@_05KHLCHHI@?$GARTTI@  000000014000fdf4     libvcruntime:undname.obj
 0002:00000e00       ??_C@_0BA@KKLDJDLB@?$GAlocal?5vftable?8@ 000000014000fe00     libvcruntime:undname.obj
 0002:00000e10       ??_C@_0CE@IIHCMGGL@?$GAlocal?5vftable?5constructor?5clos@ 000000014000fe10     libvcruntime:undname.obj
 0002:00000e34       ??_C@_06FHBGPFGH@?5new?$FL?$FN@ 000000014000fe34     libvcruntime:undname.obj
 0002:00000e40       ??_C@_09LBNFPBCA@?5delete?$FL?$FN@ 000000014000fe40     libvcruntime:undname.obj
 0002:00000e50       ??_C@_0P@HJKNJFNN@?$GAomni?5callsig?8@ 000000014000fe50     libvcruntime:undname.obj
 0002:00000e60       ??_C@_0BL@CNOONJFP@?$GAplacement?5delete?5closure?8@ 000000014000fe60     libvcruntime:undname.obj
 0002:00000e80       ??_C@_0BN@CKNJLHMB@?$GAplacement?5delete?$FL?$FN?5closure?8@ 000000014000fe80     libvcruntime:undname.obj
 0002:00000ea0       ??_C@_0CG@CFDHKGGD@?$GAmanaged?5vector?5constructor?5ite@ 000000014000fea0     libvcruntime:undname.obj
 0002:00000ec8       ??_C@_0CF@IMGKMJNO@?$GAmanaged?5vector?5destructor?5iter@ 000000014000fec8     libvcruntime:undname.obj
 0002:00000ef0       ??_C@_0CG@HLDDJMAG@?$GAeh?5vector?5copy?5constructor?5ite@ 000000014000fef0     libvcruntime:undname.obj
 0002:00000f18       ??_C@_0CM@FCBBDIGB@?$GAeh?5vector?5vbase?5copy?5construct@ 000000014000ff18     libvcruntime:undname.obj
 0002:00000f48       ??_C@_0BL@CLIPGLGB@?$GAdynamic?5initializer?5for?5?8@ 000000014000ff48     libvcruntime:undname.obj
 0002:00000f68       ??_C@_0CB@PDBIFEP@?$GAdynamic?5atexit?5destructor?5for?5@ 000000014000ff68     libvcruntime:undname.obj
 0002:00000f90       ??_C@_0CD@CGAJBKEJ@?$GAvector?5copy?5constructor?5iterat@ 000000014000ff90     libvcruntime:undname.obj
 0002:00000fb8       ??_C@_0CJ@GJELGAMM@?$GAvector?5vbase?5copy?5constructor?5@ 000000014000ffb8     libvcruntime:undname.obj
 0002:00000fe8       ??_C@_0CL@FGIJHLCE@?$GAmanaged?5vector?5copy?5constructo@ 000000014000ffe8     libvcruntime:undname.obj
 0002:00001018       ??_C@_0BM@PMGGMLDN@?$GAlocal?5static?5thread?5guard?8@ 0000000140010018     libvcruntime:undname.obj
 0002:00001038       ??_C@_0N@BDNMDMOL@operator?5?$CC?$CC?5@ 0000000140010038     libvcruntime:undname.obj
 0002:00001048       ??_C@_0BC@GGEBGALA@operator?5co_await@ 0000000140010048     libvcruntime:undname.obj
 0002:00001060       ??_C@_0M@GAAIMMOH@operator?$DM?$DN?$DO@ 0000000140010060     libvcruntime:undname.obj
 0002:00001070       ??_C@_0BC@DAFEJGAK@?5Type?5Descriptor?8@ 0000000140010070     libvcruntime:undname.obj
 0002:00001088       ??_C@_0BM@LDKODKLH@?5Base?5Class?5Descriptor?5at?5?$CI@ 0000000140010088     libvcruntime:undname.obj
 0002:000010a8       ??_C@_0BD@LGICGFMM@?5Base?5Class?5Array?8@ 00000001400100a8     libvcruntime:undname.obj
 0002:000010c0       ??_C@_0BN@MECKDCOJ@?5Class?5Hierarchy?5Descriptor?8@ 00000001400100c0     libvcruntime:undname.obj
 0002:000010e0       ??_C@_0BK@CFCOFLF@?5Complete?5Object?5Locator?8@ 00000001400100e0     libvcruntime:undname.obj
 0002:00001100       ??_C@_0BG@JNJLAMPM@?$GAanonymous?5namespace?8@ 0000000140010100     libvcruntime:undname.obj
 0002:00001130       ??_C@_1DM@KHCHBNEB@?$AAa?$AAp?$AAi?$AA?9?$AAm?$AAs?$AA?9?$AAw?$AAi?$AAn?$AA?9?$AAc?$AAo?$AAr?$AAe@ 0000000140010130     libvcruntime:winapi_downlevel.obj
 0002:00001170       ??_C@_1DK@LPPGFMPP@?$AAa?$AAp?$AAi?$AA?9?$AAm?$AAs?$AA?9?$AAw?$AAi?$AAn?$AA?9?$AAc?$AAo?$AAr?$AAe@ 0000000140010170     libvcruntime:winapi_downlevel.obj
 0002:000011b0       ??_C@_1BC@GDMECMAK@?$AAk?$AAe?$AAr?$AAn?$AAe?$AAl?$AA3?$AA2@ 00000001400101b0     libvcruntime:winapi_downlevel.obj
 0002:000011c8       ??_C@_1BA@PFFKHIOG@?$AAa?$AAp?$AAi?$AA?9?$AAm?$AAs?$AA?9@ 00000001400101c8     libvcruntime:winapi_downlevel.obj
 0002:000011e0       ??_C@_08KNHFBNJ@FlsAlloc@  00000001400101e0     libvcruntime:winapi_downlevel.obj
 0002:000011f8       ??_C@_07PEJMOBNF@FlsFree@  00000001400101f8     libvcruntime:winapi_downlevel.obj
 0002:00001208       ??_C@_0M@GDNOONDI@FlsGetValue@ 0000000140010208     libvcruntime:winapi_downlevel.obj
 0002:00001220       ??_C@_0M@JCPCPOEF@FlsSetValue@ 0000000140010220     libvcruntime:winapi_downlevel.obj
 0002:00001238       ??_C@_0BM@HCFOFFN@InitializeCriticalSectionEx@ 0000000140010238     libvcruntime:winapi_downlevel.obj
 0002:00001300       ??_7exception@std@@6B@     0000000140010300     libvcruntime:frame.obj
 0002:00001310       ??_C@_0BC@EOODALEL@Unknown?5exception@ 0000000140010310     libvcruntime:frame.obj
 0002:00001330       ??_7bad_exception@std@@6B@ 0000000140010330     libvcruntime:frame.obj
 0002:00001340       ??_C@_0O@DPKOEFFH@bad?5exception@ 0000000140010340     libvcruntime:frame.obj
 0002:00001350       __acrt_exception_action_table 0000000140010350     libucrt:exception_filter.obj
 0002:00001410       __acrt_signal_action_table_count 0000000140010410     libucrt:exception_filter.obj
 0002:00001418       __acrt_signal_action_first_fpe_index 0000000140010418     libucrt:exception_filter.obj
 0002:00001420       __acrt_signal_action_fpe_count 0000000140010420     libucrt:exception_filter.obj
 0002:000014a0       ??_C@_1BI@BGOHAHKC@?$AAm?$AAs?$AAc?$AAo?$AAr?$AAe?$AAe?$AA?4?$AAd?$AAl?$AAl@ 00000001400104a0     libucrt:exit.obj
 0002:000014b8       ??_C@_0P@MIGLKIOC@CorExitProcess@ 00000001400104b8     libucrt:exit.obj
 0002:00001778       ??_C@_1M@HPNHIDJI@?$AAj?$AAa?$AA?9?$AAJ?$AAP@ 0000000140010778     libucrt:mbctype.obj
 0002:00001788       ??_C@_1M@BIBDDEMK@?$AAz?$AAh?$AA?9?$AAC?$AAN@ 0000000140010788     libucrt:mbctype.obj
 0002:00001798       ??_C@_1M@JLOOOEGK@?$AAk?$AAo?$AA?9?$AAK?$AAR@ 0000000140010798     libucrt:mbctype.obj
 0002:000017a8       ??_C@_1M@CLNBBOPM@?$AAz?$AAh?$AA?9?$AAT?$AAW@ 00000001400107a8     libucrt:mbctype.obj
 0002:000017c0       __lc_time_c                00000001400107c0     libucrt:nlsdata.obj
 0002:00001a80       ??_C@_03KOEHGMDN@Sun@      0000000140010a80     libucrt:nlsdata.obj
 0002:00001a84       ??_C@_03PDAGKDH@Mon@       0000000140010a84     libucrt:nlsdata.obj
 0002:00001a88       ??_C@_03NAGEINEP@Tue@      0000000140010a88     libucrt:nlsdata.obj
 0002:00001a8c       ??_C@_03MHOMLAJA@Wed@      0000000140010a8c     libucrt:nlsdata.obj
 0002:00001a90       ??_C@_03IOFIKPDN@Thu@      0000000140010a90     libucrt:nlsdata.obj
 0002:00001a94       ??_C@_03IDIOELNC@Fri@      0000000140010a94     libucrt:nlsdata.obj
 0002:00001a98       ??_C@_03FEFJNEK@Sat@       0000000140010a98     libucrt:nlsdata.obj
 0002:00001a9c       ??_C@_06OOPIFAJ@Sunday@    0000000140010a9c     libucrt:nlsdata.obj
 0002:00001aa4       ??_C@_06JLEDEDGH@Monday@   0000000140010aa4     libucrt:nlsdata.obj
 0002:00001ab0       ??_C@_07BAAGCFCM@Tuesday@  0000000140010ab0     libucrt:nlsdata.obj
 0002:00001ab8       ??_C@_09DLIGFAKA@Wednesday@ 0000000140010ab8     libucrt:nlsdata.obj
 0002:00001ac8       ??_C@_08HACCIKIA@Thursday@ 0000000140010ac8     libucrt:nlsdata.obj
 0002:00001ad4       ??_C@_06JECMNKMI@Friday@   0000000140010ad4     libucrt:nlsdata.obj
 0002:00001ae0       ??_C@_08INBOOONO@Saturday@ 0000000140010ae0     libucrt:nlsdata.obj
 0002:00001aec       ??_C@_03JIHJHPIE@Jan@      0000000140010aec     libucrt:nlsdata.obj
 0002:00001af0       ??_C@_03HJBDCHOM@Feb@      0000000140010af0     libucrt:nlsdata.obj
 0002:00001af4       ??_C@_03ODNJBKGA@Mar@      0000000140010af4     libucrt:nlsdata.obj
 0002:00001af8       ??_C@_03LEOLGMJP@Apr@      0000000140010af8     libucrt:nlsdata.obj
 0002:00001afc       ??_C@_03CNMDKL@May@        0000000140010afc     libucrt:nlsdata.obj
 0002:00001b00       ??_C@_03IDFGHECI@Jun@      0000000140010b00     libucrt:nlsdata.obj
 0002:00001b04       ??_C@_03LBGABGKK@Jul@      0000000140010b04     libucrt:nlsdata.obj
 0002:00001b08       ??_C@_03IFJFEIGA@Aug@      0000000140010b08     libucrt:nlsdata.obj
 0002:00001b0c       ??_C@_03GGCAPAJC@Sep@      0000000140010b0c     libucrt:nlsdata.obj
 0002:00001b10       ??_C@_03BMAOKBAD@Oct@      0000000140010b10     libucrt:nlsdata.obj
 0002:00001b14       ??_C@_03JPJOFNIA@Nov@      0000000140010b14     libucrt:nlsdata.obj
 0002:00001b18       ??_C@_03MKABNOCG@Dec@      0000000140010b18     libucrt:nlsdata.obj
 0002:00001b20       ??_C@_07CGJPFGJA@January@  0000000140010b20     libucrt:nlsdata.obj
 0002:00001b28       ??_C@_08GNJGEPFN@February@ 0000000140010b28     libucrt:nlsdata.obj
 0002:00001b34       ??_C@_05HPCKOFNC@March@    0000000140010b34     libucrt:nlsdata.obj
 0002:00001b3c       ??_C@_05DMJDNLEJ@April@    0000000140010b3c     libucrt:nlsdata.obj
 0002:00001b44       ??_C@_04CNLMGBGM@June@     0000000140010b44     libucrt:nlsdata.obj
 0002:00001b4c       ??_C@_04MIEPOIFP@July@     0000000140010b4c     libucrt:nlsdata.obj
 0002:00001b54       ??_C@_06LBBHFDDG@August@   0000000140010b54     libucrt:nlsdata.obj
 0002:00001b60       ??_C@_09BHHEALKD@September@ 0000000140010b60     libucrt:nlsdata.obj
 0002:00001b70       ??_C@_07JJNFCEND@October@  0000000140010b70     libucrt:nlsdata.obj
 0002:00001b78       ??_C@_08HCHEGEOA@November@ 0000000140010b78     libucrt:nlsdata.obj
 0002:00001b88       ??_C@_08EDHMEBNP@December@ 0000000140010b88     libucrt:nlsdata.obj
 0002:00001b94       ??_C@_02DEDBPAFC@AM@       0000000140010b94     libucrt:nlsdata.obj
 0002:00001b98       ??_C@_02CJNFDJBF@PM@       0000000140010b98     libucrt:nlsdata.obj
 0002:00001ba0       ??_C@_08BPBNCDIB@MM?1dd?1yy@ 0000000140010ba0     libucrt:nlsdata.obj
 0002:00001bb0       ??_C@_0BE@CKGJFCPC@dddd?0?5MMMM?5dd?0?5yyyy@ 0000000140010bb0     libucrt:nlsdata.obj
 0002:00001bc8       ??_C@_08JCCMCCIL@HH?3mm?3ss@ 0000000140010bc8     libucrt:nlsdata.obj
 0002:00001bd8       ??_C@_17MBGCMIPB@?$AAS?$AAu?$AAn@ 0000000140010bd8     libucrt:nlsdata.obj
 0002:00001be0       ??_C@_17KBOMKBF@?$AAM?$AAo?$AAn@ 0000000140010be0     libucrt:nlsdata.obj
 0002:00001be8       ??_C@_17BMKGEGOJ@?$AAT?$AAu?$AAe@ 0000000140010be8     libucrt:nlsdata.obj
 0002:00001bf0       ??_C@_17CJEDCEPE@?$AAW?$AAe?$AAd@ 0000000140010bf0     libucrt:nlsdata.obj
 0002:00001bf8       ??_C@_17PDPHAADD@?$AAT?$AAh?$AAu@ 0000000140010bf8     libucrt:nlsdata.obj
 0002:00001c00       ??_C@_17HFOLPPLP@?$AAF?$AAr?$AAi@ 0000000140010c00     libucrt:nlsdata.obj
 0002:00001c08       ??_C@_17GGIBDPIH@?$AAS?$AAa?$AAt@ 0000000140010c08     libucrt:nlsdata.obj
 0002:00001c10       ??_C@_1O@IHNHDHPB@?$AAS?$AAu?$AAn?$AAd?$AAa?$AAy@ 0000000140010c10     libucrt:nlsdata.obj
 0002:00001c20       ??_C@_1O@MMNBFLIA@?$AAM?$AAo?$AAn?$AAd?$AAa?$AAy@ 0000000140010c20     libucrt:nlsdata.obj
 0002:00001c30       ??_C@_1BA@ENFBFFEK@?$AAT?$AAu?$AAe?$AAs?$AAd?$AAa?$AAy@ 0000000140010c30     libucrt:nlsdata.obj
 0002:00001c40       ??_C@_1BE@EBOGMDOH@?$AAW?$AAe?$AAd?$AAn?$AAe?$AAs?$AAd?$AAa?$AAy@ 0000000140010c40     libucrt:nlsdata.obj
 0002:00001c58       ??_C@_1BC@HHMNLIHE@?$AAT?$AAh?$AAu?$AAr?$AAs?$AAd?$AAa?$AAy@ 0000000140010c58     libucrt:nlsdata.obj
 0002:00001c70       ??_C@_1O@PDICJHAG@?$AAF?$AAr?$AAi?$AAd?$AAa?$AAy@ 0000000140010c70     libucrt:nlsdata.obj
 0002:00001c80       ??_C@_1BC@ENMNNPAJ@?$AAS?$AAa?$AAt?$AAu?$AAr?$AAd?$AAa?$AAy@ 0000000140010c80     libucrt:nlsdata.obj
 0002:00001c98       ??_C@_17DKNBKCHM@?$AAJ?$AAa?$AAn@ 0000000140010c98     libucrt:nlsdata.obj
 0002:00001ca0       ??_C@_17LMDJEKJN@?$AAF?$AAe?$AAb@ 0000000140010ca0     libucrt:nlsdata.obj
 0002:00001ca8       ??_C@_17CKNLEDEC@?$AAM?$AAa?$AAr@ 0000000140010ca8     libucrt:nlsdata.obj
 0002:00001cb0       ??_C@_17LFPOIHDD@?$AAA?$AAp?$AAr@ 0000000140010cb0     libucrt:nlsdata.obj
 0002:00001cb8       ??_C@_17PNNKMEED@?$AAM?$AAa?$AAy@ 0000000140010cb8     libucrt:nlsdata.obj
 0002:00001cc0       ??_C@_17KCJGOCPB@?$AAJ?$AAu?$AAn@ 0000000140010cc0     libucrt:nlsdata.obj
 0002:00001cc8       ??_C@_17IJPCKHK@?$AAJ?$AAu?$AAl@ 0000000140010cc8     libucrt:nlsdata.obj
 0002:00001cd0       ??_C@_17ICPELBCN@?$AAA?$AAu?$AAg@ 0000000140010cd0     libucrt:nlsdata.obj
 0002:00001cd8       ??_C@_17HCHCOKMG@?$AAS?$AAe?$AAp@ 0000000140010cd8     libucrt:nlsdata.obj
 0002:00001ce0       ??_C@_17FNLKOI@?$AAO?$AAc?$AAt@ 0000000140010ce0     libucrt:nlsdata.obj
 0002:00001ce8       ??_C@_17BBDMLCIG@?$AAN?$AAo?$AAv@ 0000000140010ce8     libucrt:nlsdata.obj
 0002:00001cf0       ??_C@_17EGKACKIF@?$AAD?$AAe?$AAc@ 0000000140010cf0     libucrt:nlsdata.obj
 0002:00001cf8       ??_C@_1BA@EFMEIEBA@?$AAJ?$AAa?$AAn?$AAu?$AAa?$AAr?$AAy@ 0000000140010cf8     libucrt:nlsdata.obj
 0002:00001d08       ??_C@_1BC@JGDDFFAM@?$AAF?$AAe?$AAb?$AAr?$AAu?$AAa?$AAr?$AAy@ 0000000140010d08     libucrt:nlsdata.obj
 0002:00001d20       ??_C@_1M@IKEENEDF@?$AAM?$AAa?$AAr?$AAc?$AAh@ 0000000140010d20     libucrt:nlsdata.obj
 0002:00001d30       ??_C@_1M@GJNLMHFD@?$AAA?$AAp?$AAr?$AAi?$AAl@ 0000000140010d30     libucrt:nlsdata.obj
 0002:00001d40       ??_C@_19EPFLPGAP@?$AAJ?$AAu?$AAn?$AAe@ 0000000140010d40     libucrt:nlsdata.obj
 0002:00001d50       ??_C@_19BIFMLPCD@?$AAJ?$AAu?$AAl?$AAy@ 0000000140010d50     libucrt:nlsdata.obj
 0002:00001d60       ??_C@_1O@PAHLKOAC@?$AAA?$AAu?$AAg?$AAu?$AAs?$AAt@ 0000000140010d60     libucrt:nlsdata.obj
 0002:00001d70       ??_C@_1BE@DKAAMBJL@?$AAS?$AAe?$AAp?$AAt?$AAe?$AAm?$AAb?$AAe?$AAr@ 0000000140010d70     libucrt:nlsdata.obj
 0002:00001d88       ??_C@_1BA@EPANDLNG@?$AAO?$AAc?$AAt?$AAo?$AAb?$AAe?$AAr@ 0000000140010d88     libucrt:nlsdata.obj
 0002:00001d98       ??_C@_1BC@BGLIFPF@?$AAN?$AAo?$AAv?$AAe?$AAm?$AAb?$AAe?$AAr@ 0000000140010d98     libucrt:nlsdata.obj
 0002:00001db0       ??_C@_1BC@FEMKIFH@?$AAD?$AAe?$AAc?$AAe?$AAm?$AAb?$AAe?$AAr@ 0000000140010db0     libucrt:nlsdata.obj
 0002:00001dc4       ??_C@_15ODEHAHHF@?$AAA?$AAM@ 0000000140010dc4     libucrt:nlsdata.obj
 0002:00001dcc       ??_C@_15CLMNNGEL@?$AAP?$AAM@ 0000000140010dcc     libucrt:nlsdata.obj
 0002:00001dd8       ??_C@_1BC@IEBCMHCM@?$AAM?$AAM?$AA?1?$AAd?$AAd?$AA?1?$AAy?$AAy@ 0000000140010dd8     libucrt:nlsdata.obj
 0002:00001df0       ??_C@_1CI@KNAKOEBC@?$AAd?$AAd?$AAd?$AAd?$AA?0?$AA?5?$AAM?$AAM?$AAM?$AAM?$AA?5?$AAd?$AAd?$AA?0?$AA?5@ 0000000140010df0     libucrt:nlsdata.obj
 0002:00001e18       ??_C@_1BC@GDGBMEMK@?$AAH?$AAH?$AA?3?$AAm?$AAm?$AA?3?$AAs?$AAs@ 0000000140010e18     libucrt:nlsdata.obj
 0002:00001e30       ??_C@_1M@BMHNFIME@?$AAe?$AAn?$AA?9?$AAU?$AAS@ 0000000140010e30     libucrt:nlsdata.obj
 0002:00001e40       __newctype                 0000000140010e40     libucrt:ctype.obj
 0002:00002140       __newclmap                 0000000140011140     libucrt:ctype.obj
 0002:000022c0       __newcumap                 00000001400112c0     libucrt:ctype.obj
 0002:00002440       ??_C@_15PJPFLCCM@?$AAu?$AAk@ 0000000140011440     libucrt:get_qualified_locale.obj
 0002:000024f0       ??_C@_1EA@JGEFHKEI@?$AAa?$AAp?$AAi?$AA?9?$AAm?$AAs?$AA?9?$AAw?$AAi?$AAn?$AA?9?$AAc?$AAo?$AAr?$AAe@ 00000001400114f0     libucrt:winapi_thunks.obj
 0002:00002530       ??_C@_1DI@IJCEHOCB@?$AAa?$AAp?$AAi?$AA?9?$AAm?$AAs?$AA?9?$AAw?$AAi?$AAn?$AA?9?$AAc?$AAo?$AAr?$AAe@ 0000000140011530     libucrt:winapi_thunks.obj
 0002:00002570       ??_C@_1EI@MPIAOHOC@?$AAa?$AAp?$AAi?$AA?9?$AAm?$AAs?$AA?9?$AAw?$AAi?$AAn?$AA?9?$AAc?$AAo?$AAr?$AAe@ 0000000140011570     libucrt:winapi_thunks.obj
 0002:000025c0       ??_C@_1FK@FPHCKFIE@?$AAa?$AAp?$AAi?$AA?9?$AAm?$AAs?$AA?9?$AAw?$AAi?$AAn?$AA?9?$AAc?$AAo?$AAr?$AAe@ 00000001400115c0     libucrt:winapi_thunks.obj
 0002:00002620       ??_C@_1EM@DILCGIIO@?$AAa?$AAp?$AAi?$AA?9?$AAm?$AAs?$AA?9?$AAw?$AAi?$AAn?$AA?9?$AAc?$AAo?$AAr?$AAe@ 0000000140011620     libucrt:winapi_thunks.obj
 0002:00002670       ??_C@_1DM@LNCGDDPN@?$AAa?$AAp?$AAi?$AA?9?$AAm?$AAs?$AA?9?$AAw?$AAi?$AAn?$AA?9?$AAc?$AAo?$AAr?$AAe@ 0000000140011670     libucrt:winapi_thunks.obj
 0002:000026b0       ??_C@_1DO@FPAPJEMD@?$AAa?$AAp?$AAi?$AA?9?$AAm?$AAs?$AA?9?$AAw?$AAi?$AAn?$AA?9?$AAc?$AAo?$AAr?$AAe@ 00000001400116b0     libucrt:winapi_thunks.obj
 0002:000026f0       ??_C@_1DK@NDHNAHIO@?$AAa?$AAp?$AAi?$AA?9?$AAm?$AAs?$AA?9?$AAw?$AAi?$AAn?$AA?9?$AAc?$AAo?$AAr?$AAe@ 00000001400116f0     libucrt:winapi_thunks.obj
 0002:00002730       ??_C@_1DM@KGHDGBCM@?$AAa?$AAp?$AAi?$AA?9?$AAm?$AAs?$AA?9?$AAw?$AAi?$AAn?$AA?9?$AAc?$AAo?$AAr?$AAe@ 0000000140011730     libucrt:winapi_thunks.obj
 0002:00002770       ??_C@_1EO@IJIOEFOH@?$AAa?$AAp?$AAi?$AA?9?$AAm?$AAs?$AA?9?$AAw?$AAi?$AAn?$AA?9?$AAr?$AAt?$AAc?$AAo@ 0000000140011770     libucrt:winapi_thunks.obj
 0002:000027c0       ??_C@_1FG@HHGEKANL@?$AAa?$AAp?$AAi?$AA?9?$AAm?$AAs?$AA?9?$AAw?$AAi?$AAn?$AA?9?$AAs?$AAe?$AAc?$AAu@ 00000001400117c0     libucrt:winapi_thunks.obj
 0002:00002820       ??_C@_1EG@DBIOJECG@?$AAe?$AAx?$AAt?$AA?9?$AAm?$AAs?$AA?9?$AAw?$AAi?$AAn?$AA?9?$AAn?$AAt?$AAu?$AAs@ 0000000140011820     libucrt:winapi_thunks.obj
 0002:00002870       ??_C@_1EO@FIHMJCLF@?$AAe?$AAx?$AAt?$AA?9?$AAm?$AAs?$AA?9?$AAw?$AAi?$AAn?$AA?9?$AAn?$AAt?$AAu?$AAs@ 0000000140011870     libucrt:winapi_thunks.obj
 0002:000028c0       ??_C@_1BC@DNHGCMLG@?$AAa?$AAd?$AAv?$AAa?$AAp?$AAi?$AA3?$AA2@ 00000001400118c0     libucrt:winapi_thunks.obj
 0002:000028d8       ??_C@_1M@OAIMIKLP@?$AAn?$AAt?$AAd?$AAl?$AAl@ 00000001400118d8     libucrt:winapi_thunks.obj
 0002:000028f0       ??_C@_1EG@DPGNFKGC@?$AAa?$AAp?$AAi?$AA?9?$AAm?$AAs?$AA?9?$AAw?$AAi?$AAn?$AA?9?$AAa?$AAp?$AAp?$AAm@ 00000001400118f0     libucrt:winapi_thunks.obj
 0002:00002938       ??_C@_1O@BCCLBEOE@?$AAu?$AAs?$AAe?$AAr?$AA3?$AA2@ 0000000140011938     libucrt:winapi_thunks.obj
 0002:00002948       ??_C@_1BA@IAIFMGEF@?$AAe?$AAx?$AAt?$AA?9?$AAm?$AAs?$AA?9@ 0000000140011948     libucrt:winapi_thunks.obj
 0002:00002960       ??_C@_0BA@FHFNEAED@AreFileApisANSI@ 0000000140011960     libucrt:winapi_thunks.obj
 0002:00002980       ??_C@_0O@KKBNKAPF@LCMapStringEx@ 0000000140011980     libucrt:winapi_thunks.obj
 0002:00002998       ??_C@_0BB@HBDEELFH@LocaleNameToLCID@ 0000000140011998     libucrt:winapi_thunks.obj
 0002:000029b0       ??_C@_0CF@OJOFEIGO@AppPolicyGetProcessTerminationM@ 00000001400119b0     libucrt:winapi_thunks.obj
 0002:00003820       ??_C@_15EMKDOKLE@?$AAa?$AAr@ 0000000140012820     libucrt:lcidtoname_downlevel.obj
 0002:00003828       ??_C@_15KNPADPLH@?$AAb?$AAg@ 0000000140012828     libucrt:lcidtoname_downlevel.obj
 0002:00003830       ??_C@_15EDMHLDMO@?$AAc?$AAa@ 0000000140012830     libucrt:lcidtoname_downlevel.obj
 0002:00003838       ??_C@_1O@BPEAJADD@?$AAz?$AAh?$AA?9?$AAC?$AAH?$AAS@ 0000000140012838     libucrt:lcidtoname_downlevel.obj
 0002:00003848       ??_C@_15LJNHCMNK@?$AAc?$AAs@ 0000000140012848     libucrt:lcidtoname_downlevel.obj
 0002:00003850       ??_C@_15FOMCIDHG@?$AAd?$AAa@ 0000000140012850     libucrt:lcidtoname_downlevel.obj
 0002:00003858       ??_C@_15NBKABECB@?$AAd?$AAe@ 0000000140012858     libucrt:lcidtoname_downlevel.obj
 0002:00003860       ??_C@_15GHPEIIAO@?$AAe?$AAl@ 0000000140012860     libucrt:lcidtoname_downlevel.obj
 0002:00003868       ??_C@_15MNPNEAIF@?$AAe?$AAn@ 0000000140012868     libucrt:lcidtoname_downlevel.obj
 0002:00003870       ??_C@_15GPIOMPMH@?$AAe?$AAs@ 0000000140012870     libucrt:lcidtoname_downlevel.obj
 0002:00003878       ??_C@_15NGLOAKJC@?$AAf?$AAi@ 0000000140012878     libucrt:lcidtoname_downlevel.obj
 0002:00003880       ??_C@_15FBKGNKAM@?$AAf?$AAr@ 0000000140012880     libucrt:lcidtoname_downlevel.obj
 0002:00003888       ??_C@_15KGGCNEFK@?$AAh?$AAe@ 0000000140012888     libucrt:lcidtoname_downlevel.obj
 0002:00003890       ??_C@_15PGHLIDMF@?$AAh?$AAu@ 0000000140012890     libucrt:lcidtoname_downlevel.obj
 0002:00003898       ??_C@_15BIEMAPLM@?$AAi?$AAs@ 0000000140012898     libucrt:lcidtoname_downlevel.obj
 0002:000038a0       ??_C@_15IFJLDHAF@?$AAi?$AAt@ 00000001400128a0     libucrt:lcidtoname_downlevel.obj
 0002:000038a8       ??_C@_15GEMIOCAG@?$AAj?$AAa@ 00000001400128a8     libucrt:lcidtoname_downlevel.obj
 0002:000038b0       ??_C@_15EPELEGJA@?$AAk?$AAo@ 00000001400128b0     libucrt:lcidtoname_downlevel.obj
 0002:000038b8       ??_C@_15NDDHIMN@?$AAn?$AAl@ 00000001400128b8     libucrt:lcidtoname_downlevel.obj
 0002:000038c0       ??_C@_15BPIGNHCD@?$AAn?$AAo@ 00000001400128c0     libucrt:lcidtoname_downlevel.obj
 0002:000038c8       ??_C@_15DEOPBLCG@?$AAp?$AAl@ 00000001400128c8     libucrt:lcidtoname_downlevel.obj
 0002:000038d0       ??_C@_15KBECGEFG@?$AAp?$AAt@ 00000001400128d0     libucrt:lcidtoname_downlevel.obj
 0002:000038d8       ??_C@_15GLJCBFMD@?$AAr?$AAo@ 00000001400128d8     libucrt:lcidtoname_downlevel.obj
 0002:000038e0       ??_C@_15FEDGKCDI@?$AAr?$AAu@ 00000001400128e0     libucrt:lcidtoname_downlevel.obj
 0002:000038e8       ??_C@_15GLKMLLHM@?$AAh?$AAr@ 00000001400128e8     libucrt:lcidtoname_downlevel.obj
 0002:000038f0       ??_C@_15CPKMFBDB@?$AAs?$AAk@ 00000001400128f0     libucrt:lcidtoname_downlevel.obj
 0002:000038f8       ??_C@_15BAAIOGMK@?$AAs?$AAq@ 00000001400128f8     libucrt:lcidtoname_downlevel.obj
 0002:00003900       ??_C@_15INNPNOHD@?$AAs?$AAv@ 0000000140012900     libucrt:lcidtoname_downlevel.obj
 0002:00003908       ??_C@_15CABMMOGH@?$AAt?$AAh@ 0000000140012908     libucrt:lcidtoname_downlevel.obj
 0002:00003910       ??_C@_15BPLIHJJM@?$AAt?$AAr@ 0000000140012910     libucrt:lcidtoname_downlevel.obj
 0002:00003918       ??_C@_15NEOEKKDJ@?$AAu?$AAr@ 0000000140012918     libucrt:lcidtoname_downlevel.obj
 0002:00003920       ??_C@_15NFICGAJK@?$AAi?$AAd@ 0000000140012920     libucrt:lcidtoname_downlevel.obj
 0002:00003928       ??_C@_15HPJPHDM@?$AAb?$AAe@ 0000000140012928     libucrt:lcidtoname_downlevel.obj
 0002:00003930       ??_C@_15LCHLGJII@?$AAs?$AAl@ 0000000140012930     libucrt:lcidtoname_downlevel.obj
 0002:00003938       ??_C@_15PCFJPHHO@?$AAe?$AAt@ 0000000140012938     libucrt:lcidtoname_downlevel.obj
 0002:00003940       ??_C@_15HPFPGODN@?$AAl?$AAv@ 0000000140012940     libucrt:lcidtoname_downlevel.obj
 0002:00003948       ??_C@_15NFFGKGLG@?$AAl?$AAt@ 0000000140012948     libucrt:lcidtoname_downlevel.obj
 0002:00003950       ??_C@_15BDAKCCHN@?$AAf?$AAa@ 0000000140012950     libucrt:lcidtoname_downlevel.obj
 0002:00003958       ??_C@_15NFGIAIAJ@?$AAv?$AAi@ 0000000140012958     libucrt:lcidtoname_downlevel.obj
 0002:00003960       ??_C@_15LMKNDMHN@?$AAh?$AAy@ 0000000140012960     libucrt:lcidtoname_downlevel.obj
 0002:00003968       ??_C@_15IJBHMCFL@?$AAa?$AAz@ 0000000140012968     libucrt:lcidtoname_downlevel.obj
 0002:00003970       ??_C@_15EKOFJABL@?$AAe?$AAu@ 0000000140012970     libucrt:lcidtoname_downlevel.obj
 0002:00003978       ??_C@_15BGHADCNK@?$AAm?$AAk@ 0000000140012978     libucrt:lcidtoname_downlevel.obj
 0002:00003980       ??_C@_15JDNICKHM@?$AAa?$AAf@ 0000000140012980     libucrt:lcidtoname_downlevel.obj
 0002:00003988       ??_C@_15KPJEDBKD@?$AAk?$AAa@ 0000000140012988     libucrt:lcidtoname_downlevel.obj
 0002:00003990       ??_C@_15PDNFFFEO@?$AAf?$AAo@ 0000000140012990     libucrt:lcidtoname_downlevel.obj
 0002:00003998       ??_C@_15OMLEGLOC@?$AAh?$AAi@ 0000000140012998     libucrt:lcidtoname_downlevel.obj
 0002:000039a0       ??_C@_15IDNNENKK@?$AAm?$AAs@ 00000001400129a0     libucrt:lcidtoname_downlevel.obj
 0002:000039a8       ??_C@_15MACJNBMH@?$AAk?$AAk@ 00000001400129a8     libucrt:lcidtoname_downlevel.obj
 0002:000039b0       ??_C@_15DKDJEOND@?$AAk?$AAy@ 00000001400129b0     libucrt:lcidtoname_downlevel.obj
 0002:000039b8       ??_C@_15DFGDLJBG@?$AAs?$AAw@ 00000001400129b8     libucrt:lcidtoname_downlevel.obj
 0002:000039c0       ??_C@_15BBFAICNG@?$AAu?$AAz@ 00000001400129c0     libucrt:lcidtoname_downlevel.obj
 0002:000039c8       ??_C@_15DKNDCGEA@?$AAt?$AAt@ 00000001400129c8     libucrt:lcidtoname_downlevel.obj
 0002:000039d0       ??_C@_15MGIFMDPL@?$AAp?$AAa@ 00000001400129d0     libucrt:lcidtoname_downlevel.obj
 0002:000039d8       ??_C@_15HCNDBBA@?$AAg?$AAu@ 00000001400129d8     libucrt:lcidtoname_downlevel.obj
 0002:000039e0       ??_C@_15FNBEIBON@?$AAt?$AAa@ 00000001400129e0     libucrt:lcidtoname_downlevel.obj
 0002:000039e8       ??_C@_15NCHGBGLK@?$AAt?$AAe@ 00000001400129e8     libucrt:lcidtoname_downlevel.obj
 0002:000039f0       ??_C@_15PHPHCBPF@?$AAk?$AAn@ 00000001400129f0     libucrt:lcidtoname_downlevel.obj
 0002:000039f8       ??_C@_15DLGBCKMP@?$AAm?$AAr@ 00000001400129f8     libucrt:lcidtoname_downlevel.obj
 0002:00003a00       ??_C@_15EABBLBFF@?$AAs?$AAa@ 0000000140012a00     libucrt:lcidtoname_downlevel.obj
 0002:00003a08       ??_C@_15CBKOMCOI@?$AAm?$AAn@ 0000000140012a08     libucrt:lcidtoname_downlevel.obj
 0002:00003a10       ??_C@_15CKDMCJAF@?$AAg?$AAl@ 0000000140012a10     libucrt:lcidtoname_downlevel.obj
 0002:00003a18       ??_C@_17CNJFBPG@?$AAk?$AAo?$AAk@ 0000000140012a18     libucrt:lcidtoname_downlevel.obj
[...]
 0002:00008644       $unwind$??$?RV<lambda_7777bce6b2f8c936911f934f8298dc43>@@AEAV<lambda_f03950bc5685219e0bcd2087efbe011e>@@V<lambda_3883c3dff614d5e0c5f61bb1ac94921c>@@@?$__crt_seh_guarded_call@H@@QEAAH$$QEAV<lambda_7777bce6b2f8c936911f934f8298dc43>@@AEAV<lambda_f03950bc5685219e0bcd2087efbe011e>@@$$QEAV<lambda_3883c3dff614d5e0c5f61bb1ac94921c>@@@Z 0000000140017644     libucrt:onexit.obj
 0002:00008668       $unwind$terminate          0000000140017668     libucrt:terminate.obj
 0002:00008688       $unwind$?get_raw_ptd@__crt_cached_ptd_host@@QEAAPEAU__acrt_ptd@@XZ 0000000140017688     libucrt:output.obj
 0002:00008690       $chain$0$?get_raw_ptd@__crt_cached_ptd_host@@QEAAPEAU__acrt_ptd@@XZ 0000000140017690     libucrt:output.obj
 0002:000086a4       $chain$1$?get_raw_ptd@__crt_cached_ptd_host@@QEAAPEAU__acrt_ptd@@XZ 00000001400176a4     libucrt:output.obj
 0002:000086b8       $xdatasym                  00000001400176b8     libucrt:strncmp.obj
 0002:000086bc       $unwind$_free_base         00000001400176bc     libucrt:free_base.obj
 0002:000086bc       $unwind$?destroy_fls@@YAXPEAX@Z 00000001400176bc     libucrt:per_thread_data.obj
 0002:000086bc       $unwind$__acrt_locale_free_numeric 00000001400176bc     libucrt:initnum.obj
 0002:000086bc       $unwind$__acrt_locale_free_lc_time_if_unreferenced 00000001400176bc     libucrt:locale_refcounting.obj
 0002:000086c4       $unwind$?construct_ptd_array@@YAXQEAU__acrt_ptd@@@Z 00000001400176c4     libucrt:per_thread_data.obj
 0002:000086cc       $unwind$?destroy_ptd_array@@YAXQEAU__acrt_ptd@@@Z 00000001400176cc     libucrt:per_thread_data.obj
 0002:000086d4       $unwind$??$?RV<lambda_0ae27a3a962d80f24befdcbee591983d>@@AEAV<lambda_8d0ee55de4b1038c4002e0adecdf1839>@@V<lambda_dc504788e8f1664fe9b84e20bfb512f2>@@@?$__crt_seh_guarded_call@X@@QEAAX$$QEAV<lambda_0ae27a3a962d80f24befdcbee591983d>@@AEAV<lambda_8d0ee55de4b1038c4002e0adecdf1839>@@$$QEAV<lambda_dc504788e8f1664fe9b84e20bfb512f2>@@@Z 00000001400176d4     libucrt:per_thread_data.obj
 0002:000086f8       $unwind$??$?RV<lambda_aa87e3671a710a21b5dc78c0bdf72e11>@@AEAV<lambda_92619d2358a28f41a33ba319515a20b9>@@V<lambda_6992ecaafeb10aed2b74cb1fae11a551>@@@?$__crt_seh_guarded_call@X@@QEAAX$$QEAV<lambda_aa87e3671a710a21b5dc78c0bdf72e11>@@AEAV<lambda_92619d2358a28f41a33ba319515a20b9>@@$$QEAV<lambda_6992ecaafeb10aed2b74cb1fae11a551>@@@Z 00000001400176f8     libucrt:per_thread_data.obj
 0002:0000871c       $unwind$??$?RV<lambda_f2e299630e499de9f9a165e60fcd3db5>@@AEAV<lambda_2ae9d31cdba2644fcbeaf08da7c24588>@@V<lambda_40d01ff24d0e7b3814fdbdcee8eab3c7>@@@?$__crt_seh_guarded_call@X@@QEAAX$$QEAV<lambda_f2e299630e499de9f9a165e60fcd3db5>@@AEAV<lambda_2ae9d31cdba2644fcbeaf08da7c24588>@@$$QEAV<lambda_40d01ff24d0e7b3814fdbdcee8eab3c7>@@@Z 000000014001771c     libucrt:per_thread_data.obj
 0002:00008740       $unwind$??$?RV<lambda_2d41944a1d46af3157314b8a01080d33>@@AEAV<lambda_8f455de75cd7d7f24b4096f044d8b9e6>@@V<lambda_aa500f224e6afead328df44964fe2772>@@@?$__crt_seh_guarded_call@X@@QEAAX$$QEAV<lambda_2d41944a1d46af3157314b8a01080d33>@@AEAV<lambda_8f455de75cd7d7f24b4096f044d8b9e6>@@$$QEAV<lambda_aa500f224e6afead328df44964fe2772>@@@Z 0000000140017740     libucrt:per_thread_data.obj
 0002:00008764       $unwind$_invalid_parameter_noinfo 0000000140017764     libucrt:invalid_parameter.obj
 0002:00008764       $unwind$_log10_special     0000000140017764     libucrt:log_special.obj
 0002:0000876c       $unwind$__acrt_call_reportfault 000000014001776c     libucrt:invalid_parameter.obj
 0002:0000878c       $unwind$??$common_lseek_nolock@_J@@YA_JH_JHAEAV__crt_cached_ptd_host@@@Z 000000014001778c     libucrt:lseek.obj
 0002:0000878c       $unwind$_invalid_parameter_internal 000000014001778c     libucrt:invalid_parameter.obj
 0002:000087a0       $unwind$?get_raw_ptd_noexit@__crt_cached_ptd_host@@QEAAPEAU__acrt_ptd@@XZ 00000001400177a0     libucrt:invalid_parameter.obj
 0002:000087b0       $unwind$_invalid_parameter 00000001400177b0     libucrt:invalid_parameter.obj
 0002:000087bc       $unwind$??$common_expand_argv_wildcards@D@@YAHQEAPEADQEAPEAPEAD@Z 00000001400177bc     libucrt:argv_wildcards.obj
 0002:000087d4       $unwind$__dcrt_get_narrow_environment_from_os 00000001400177d4     libucrt:get_environment_from_os.obj
 0002:000087d4       $unwind$??$__acrt_convert_wcs_mbs_cp@_WDV<lambda_d8593a27d1aa8c02be35c86a17d324c4>@@U__crt_win32_buffer_internal_dynamic_resizing@@@@YAHQEB_WAEAV?$__crt_win32_buffer@DU__crt_win32_buffer_internal_dynamic_resizing@@@@AEBV<lambda_d8593a27d1aa8c02be35c86a17d324c4>@@I@Z 00000001400177d4     libucrt:argv_wildcards.obj
 0002:000087ec       $unwind$??$copy_and_add_argument_to_buffer@D@@YAHQEBD0_KAEAV?$argument_list@D@?A0x5f5c8891@@@Z 00000001400177ec     libucrt:argv_wildcards.obj
 0002:00008808       $unwind$??$expand_argument_wildcards@D@@YAHQEAD0AEAV?$argument_list@D@?A0x5f5c8891@@@Z 0000000140017808     libucrt:argv_wildcards.obj
 0002:00008828       $unwind$__acrt_GetModuleFileNameA 0000000140017828     libucrt:getmodulefilenamea.obj
 0002:00008844       $unwind$__dcrt_write_console 0000000140017844     libucrt:initcon.obj
 0002:00008844       $unwind$??$__acrt_convert_wcs_mbs_cp@_WDV<lambda_f788ae46380686e8b737efdd8c720d07>@@U__crt_win32_buffer_no_resizing@@@@YAHQEB_WAEAV?$__crt_win32_buffer@DU__crt_win32_buffer_no_resizing@@@@AEBV<lambda_f788ae46380686e8b737efdd8c720d07>@@I@Z 0000000140017844     libucrt:getmodulefilenamea.obj
 0002:00008858       $unwind$_setmbcp_nolock    0000000140017858     libucrt:mbctype.obj
 0002:00008878       $unwind$__dcrt_lowio_ensure_console_output_initialized 0000000140017878     libucrt:initcon.obj
 0002:00008878       $unwind$?__mbrtowc_utf8@__crt_mbstring@@YA_KPEA_WPEBD_KPEAU_Mbstatet@@AEAV__crt_cached_ptd_host@@@Z 0000000140017878     libucrt:mbrtowc.obj
 0002:00008878       $unwind$?getSystemCP@@YAHH@Z 0000000140017878     libucrt:mbctype.obj
 0002:00008880       $unwind$?update_thread_multibyte_data_internal@@YAPEAU__crt_multibyte_data@@QEAU__acrt_ptd@@QEAPEAU1@@Z 0000000140017880     libucrt:mbctype.obj
 0002:000088a8       $unwind$?setmbcp_internal@@YAHH_NQEAU__acrt_ptd@@QEAPEAU__crt_multibyte_data@@@Z 00000001400178a8     libucrt:mbctype.obj
 0002:000088c0       $unwind$?setSBUpLow@@YAXPEAU__crt_multibyte_data@@@Z 00000001400178c0     libucrt:mbctype.obj
 0002:000088dc       $unwind$??$?RV<lambda_efdfa57d1f175319df784efa44bb7b81>@@AEAV<lambda_5f0a4c1567f8adc6734073e5d1e1b35c>@@V<lambda_2e8a7d3640ea6ccb4c2413664c2db6fd>@@@?$__crt_seh_guarded_call@X@@QEAAX$$QEAV<lambda_efdfa57d1f175319df784efa44bb7b81>@@AEAV<lambda_5f0a4c1567f8adc6734073e5d1e1b35c>@@$$QEAV<lambda_2e8a7d3640ea6ccb4c2413664c2db6fd>@@@Z 00000001400178dc     libucrt:mbctype.obj
 0002:00008900       $unwind$?x_ismbbtype_l@@YAHPEAU__crt_locale_pointers@@IHH@Z 0000000140017900     libucrt:ismbbyte.obj
 0002:00008910       $unwind$__acrt_WideCharToMultiByte 0000000140017910     libucrt:widechartomultibyte.obj
 0002:0000891c       $unwind$__acrt_lowio_destroy_handle_array 000000014001791c     libucrt:osfinfo.obj
 0002:0000892c       $unwind$__acrt_lowio_ensure_fh_exists 000000014001792c     libucrt:osfinfo.obj
 0002:00008958       $unwind$__acrt_initialize_lowio 0000000140017958     libucrt:ioinit.obj
 0002:00008978       $unwind$?initialize_inherited_file_handles_nolock@@YAXXZ 0000000140017978     libucrt:ioinit.obj
 0002:00008994       $unwind$__acrt_locale_free_monetary 0000000140017994     libucrt:initmon.obj
 0002:0000899c       $unwind$__acrt_locale_free_time 000000014001799c     libucrt:inittime.obj
 0002:000089ac       $unwind$__acrt_GetStringTypeA 00000001400179ac     libucrt:getstringtypea.obj
 0002:000089d4       $unwind$__acrt_update_thread_locale_data 00000001400179d4     libucrt:locale_refcounting.obj
 0002:000089f8       $unwind$__acrt_initialize_winapi_thunks 00000001400179f8     libucrt:winapi_thunks.obj
 0002:00008a00       $unwind$__acrt_LCMapStringEx 0000000140017a00     libucrt:winapi_thunks.obj
 0002:00008a14       $unwind$_query_new_handler 0000000140017a14     libucrt:new_handler.obj
 0002:00008a34       $unwind$raise              0000000140017a34     libucrt:signal.obj
 0002:00008a70       $unwind$??$?RV<lambda_450d765d439847d4c735a33c368b5fc0>@@AEAV<lambda_44731a7d0e6d81c3e6aa82d741081786>@@V<lambda_601a2a7da3b7a96e9554ac7215c4b07c>@@@?$__crt_seh_guarded_call@P6AXH@Z@@QEAAP6AXH@Z$$QEAV<lambda_450d765d439847d4c735a33c368b5fc0>@@AEAV<lambda_44731a7d0e6d81c3e6aa82d741081786>@@$$QEAV<lambda_601a2a7da3b7a96e9554ac7215c4b07c>@@@Z 0000000140017a70     libucrt:signal.obj
 0002:00008a94       $unwind$fclose             0000000140017a94     libucrt:fclose.obj
 0002:00008a94       $unwind$_fflush_nolock     0000000140017a94     libucrt:fflush.obj
 0002:00008aa4       $unwind$?common_flush_all@@YAH_N@Z 0000000140017aa4     libucrt:fflush.obj
 0002:00008aac       $unwind$??$?RV<lambda_842d9ff0dc9ef11c61343bbaebe7f885>@@AEAV<lambda_c5860995281e5c4ce005b3de8f5874ee>@@V<lambda_d90129c13df834fdcbf8d2b88dafcf2d>@@@?$__crt_seh_guarded_call@X@@QEAAX$$QEAV<lambda_842d9ff0dc9ef11c61343bbaebe7f885>@@AEAV<lambda_c5860995281e5c4ce005b3de8f5874ee>@@$$QEAV<lambda_d90129c13df834fdcbf8d2b88dafcf2d>@@@Z 0000000140017aac     libucrt:fflush.obj
 0002:00008ad0       $unwind$??$?RV<lambda_886d6c58226a84441f68b9f2b8217b83>@@AEAV<lambda_ab61a845afdef5b7c387490eaf3616ee>@@V<lambda_f7f22ab5edc0698d5f6905b0d3f44752>@@@?$__crt_seh_guarded_call@X@@QEAAX$$QEAV<lambda_886d6c58226a84441f68b9f2b8217b83>@@AEAV<lambda_ab61a845afdef5b7c387490eaf3616ee>@@$$QEAV<lambda_f7f22ab5edc0698d5f6905b0d3f44752>@@@Z 0000000140017ad0     libucrt:fflush.obj
 0002:00008af8       $unwind$qsort              0000000140017af8     libucrt:qsort.obj
 0002:00008b10       $chain$4$qsort             0000000140017b10     libucrt:qsort.obj
 0002:00008b34       $chain$5$qsort             0000000140017b34     libucrt:qsort.obj
 0002:00008b44       $unwind$strpbrk            0000000140017b44     libucrt:strpbrk.obj
 0002:00008b54       $unwind$fallbackMethod     0000000140017b54     libucrt:strpbrk.obj
 0002:00008b64       $unwind$_mbsdec_l          0000000140017b64     libucrt:mbsdec.obj
 0002:00008b70       $unwind$__acrt_LCMapStringA 0000000140017b70     libucrt:lcmapstringa.obj
 0002:00008b80       $unwind$?__acrt_LCMapStringA_stat@@YAHPEAU__crt_locale_pointers@@PEB_WKPEBDHPEADHHH@Z 0000000140017b80     libucrt:lcmapstringa.obj
 0002:00008ba8       $unwind$_commit            0000000140017ba8     libucrt:commit.obj
 0002:00008bb0       $unwind$??$?RV<lambda_a37b2b86f63e897a80ea819b0eb08c01>@@AEAV<lambda_38ce7e780aa69e748d6df282ebc68efe>@@V<lambda_99fb1378e971ab6e7edea83e3a7a83a2>@@@?$__crt_seh_guarded_call@H@@QEAAH$$QEAV<lambda_a37b2b86f63e897a80ea819b0eb08c01>@@AEAV<lambda_38ce7e780aa69e748d6df282ebc68efe>@@$$QEAV<lambda_99fb1378e971ab6e7edea83e3a7a83a2>@@@Z 0000000140017bb0     libucrt:commit.obj
 0002:00008bd4       $unwind$_write_nolock      0000000140017bd4     libucrt:write.obj
 0002:00008bec       $unwind$_write_internal    0000000140017bec     libucrt:write.obj
 0002:00008c1c       $unwind$_write_internal$fin$0 0000000140017c1c     libucrt:write.obj
 0002:00008c1c       $unwind$?fin$0@?0??_fclose_internal@@YAHQEAU_iobuf@@AEAV__crt_cached_ptd_host@@@Z@4HA 0000000140017c1c     libucrt:fclose.obj
 0002:00008c24       $unwind$?write_double_translated_ansi_nolock@@YA?AUwrite_result@?A0x17268360@@HQEBDIAEAV__crt_cached_ptd_host@@@Z 0000000140017c24     libucrt:write.obj
 0002:00008c50       $ip2state$?write_double_translated_ansi_nolock@@YA?AUwrite_result@?A0x17268360@@HQEBDIAEAV__crt_cached_ptd_host@@@Z 0000000140017c50     libucrt:write.obj
 0002:00008c58       $unwind$?write_text_ansi_nolock@@YA?AUwrite_result@?A0x17268360@@HQEBDI@Z 0000000140017c58     libucrt:write.obj
 0002:00008c58       $unwind$?write_text_utf16le_nolock@@YA?AUwrite_result@?A0x17268360@@HQEBDI@Z 0000000140017c58     libucrt:write.obj
 0002:00008c78       $unwind$?write_text_utf8_nolock@@YA?AUwrite_result@?A0x17268360@@HQEBDI@Z 0000000140017c78     libucrt:write.obj
 0002:00008c9c       $unwind$_fcloseall         0000000140017c9c     libucrt:closeall.obj
 0002:00008cc0       $unwind$?__mbsrtowcs_utf8@__crt_mbstring@@YA_KPEA_WPEAPEBD_KPEAU_Mbstatet@@AEAV__crt_cached_ptd_host@@@Z 0000000140017cc0     libucrt:mbrtowc.obj
 0002:00008cd8       $unwind$_putwch_nolock     0000000140017cd8     libucrt:putwch.obj
 0002:00008ce0       $unwind$?_fclose_nolock_internal@@YAHQEAU_iobuf@@AEAV__crt_cached_ptd_host@@@Z 0000000140017ce0     libucrt:fclose.obj
 0002:00008cf0       $unwind$?_fclose_internal@@YAHQEAU_iobuf@@AEAV__crt_cached_ptd_host@@@Z 0000000140017cf0     libucrt:fclose.obj
 0002:00008d18       $xdatasym                  0000000140017d18     libucrt:log10.obj
 0002:00008d24       $unwind$?__mbrtoc32_utf8@__crt_mbstring@@YA_KPEA_UPEBD_KPEAU_Mbstatet@@AEAV__crt_cached_ptd_host@@@Z 0000000140017d24     libucrt:mbrtoc32.obj
 0002:00008d40       $unwind$_close_internal    0000000140017d40     libucrt:close.obj
 0002:00008d48       $unwind$??$?RV<lambda_ad8af0d99a0adf03d037d7dffe354bb5>@@AEAV<lambda_c9ba49e555ba839a7b07aa3fbecb7617>@@V<lambda_2f1ebd5d68526518146ae959c9e734c8>@@@?$__crt_seh_guarded_call@H@@QEAAH$$QEAV<lambda_ad8af0d99a0adf03d037d7dffe354bb5>@@AEAV<lambda_c9ba49e555ba839a7b07aa3fbecb7617>@@$$QEAV<lambda_2f1ebd5d68526518146ae959c9e734c8>@@@Z 0000000140017d48     libucrt:close.obj
 0002:00008d6c       $unwind$_call_matherr      0000000140017d6c     libucrt:libm_error.obj
 0002:00008d74       $unwind$_handle_error      0000000140017d74     libucrt:libm_error.obj
 0002:00008d94       $unwind$__acrt_initialize_fma3 0000000140017d94     libucrt:fma3_available.obj
 0002:00008d9c       $unwind$_log_special_common 0000000140017d9c     libucrt:log_special.obj
 0002:00008da8       $xdatasym                  0000000140017da8     libucrt:fpsr.obj
 0002:00008db0       $unwind$_raise_exc         0000000140017db0     libucrt:fpexcept.obj
 0002:00008db8       $unwind$_raise_exc_ex      0000000140017db8     libucrt:fpexcept.obj
 0002:00008dcc       $unwind$_ctrlfp            0000000140017dcc     libucrt:fpctrl.obj
 0002:00008df4       $unwind$_IsNonwritableInCurrentImage 0000000140017df4     LIBCMT:pesect.obj
 0002:00008e18       $unwind$__GSHandlerCheckCommon 0000000140017e18     LIBCMT:gshandler.obj
 0002:00008e20       $xdatasym                  0000000140017e20     LIBCMT:amdsecgs.obj
 0002:00008e24       $unwind$__report_securityfailure 0000000140017e24     LIBCMT:gs_report.obj
 0002:00008e2c       $unwind$__report_gsfailure 0000000140017e2c     LIBCMT:gs_report.obj
 0002:00008e34       $unwind$capture_current_context 0000000140017e34     LIBCMT:gs_report.obj
 0002:00008e40       $unwind$capture_previous_context 0000000140017e40     LIBCMT:gs_report.obj
 0002:00008e50       $xdatasym                  0000000140017e50     LIBCMT:chkstk.obj
 0002:00009176       .idata$6                   0000000140018176     user32:USER32.dll
 0002:0000969a       .idata$6                   000000014001869a     kernel32:KERNEL32.dll
 0003:00000000       $SG72418                   0000000140019000     win32_vgengine.obj
 0003:00000010       $SG72419                   0000000140019010     win32_vgengine.obj
 0003:000000d0       ?__vcrt_flsindex@@3KA      00000001400190d0     libvcruntime:per_thread_data.obj
 0003:000000f0       ?__acrt_flsindex@@3KA      00000001400190f0     libucrt:per_thread_data.obj
 0003:000000f4       ?errno_no_memory@@3HA      00000001400190f4     libucrt:errno.obj
 0003:000000f8       ?doserrno_no_memory@@3KA   00000001400190f8     libucrt:errno.obj
 0003:00000330       _mbctypes                  0000000140019330     libucrt:mbctype.obj
 0003:00000440       _mbcasemaps                0000000140019440     libucrt:mbctype.obj
 0003:00000540       ?__rgctypeflag@@3PADA      0000000140019540     libucrt:mbctype.obj
 0003:00000550       ?__rgcode_page_info@@3PAUcode_page_info@@A 0000000140019550     libucrt:mbctype.obj
 0003:00000a70       ?__dcrt_lowio_console_output_handle@@3PEAXEA 0000000140019a70     libucrt:initcon.obj
 0003:00000a80       ?dazSupported@?1??_ctrlfp@@9@9 0000000140019a80     libucrt:fpctrl.obj
 0003:00000b20       ?is_initialized_as_dll@@3_NA 0000000140019b20     LIBCMT:utility.obj
 0003:00000b21       ?module_local_atexit_table_initialized@@3_NA 0000000140019b21     LIBCMT:utility.obj
 0003:00000b28       ?module_local_atexit_table@@3U_onexit_table_t@@A 0000000140019b28     LIBCMT:utility.obj
 0003:00000b40       ?module_local_at_quick_exit_table@@3U_onexit_table_t@@A 0000000140019b40     LIBCMT:utility.obj
 0003:00000ba0       ?__vcrt_startup_thread_ptd@@3U__vcrt_ptd@@A 0000000140019ba0     libvcruntime:per_thread_data.obj
 0003:00000c20       __vcrt_lock_table          0000000140019c20     libvcruntime:locks.obj
 0003:00000c48       __vcrt_locks_initialized   0000000140019c48     libvcruntime:locks.obj
 0003:00000c90       ?heap@@3V_HeapManager@@A   0000000140019c90     libvcruntime:undname.obj
 0003:00000cb8       ?module_handles@@3PAPEAUHINSTANCE__@@A 0000000140019cb8     libvcruntime:winapi_downlevel.obj
 0003:00000cd0       ?function_pointers@@3PAPEAXA 0000000140019cd0     libvcruntime:winapi_downlevel.obj
 0003:00000d00       ?__acrt_app_type@@3W4_crt_app_type@@A 0000000140019d00     libucrt:report_runtime_error.obj
 0003:00000d08       ?user_matherr@@3V?$dual_state_global@P6AHPEAU_exception@@@Z@__crt_state_management@@A 0000000140019d08     libucrt:matherr.obj
 0003:00000d10       ?program_name@?1???$common_configure_argv@D@@YAHW4_crt_argv_mode@@@Z@4PADA 0000000140019d10     libucrt:argv_parsing.obj
 0003:00000e38       ?empty_string@?1???$common_wincmdln@E@@YAPEAEXZ@4PAEA 0000000140019e38     libucrt:argv_winmain.obj
 0003:00000e3c       ?c_termination_complete@@3JA 0000000140019e3c     libucrt:exit.obj
 0003:00000e40       ?thread_local_exit_callback_func@@3P6AXPEAXK0@ZEA 0000000140019e40     libucrt:exit.obj
 0003:00000e50       ?__acrt_global_new_mode@@3V?$dual_state_global@J@__crt_state_management@@A 0000000140019e50     libucrt:new_mode.obj
 0003:00000e88       ?__acrt_invalid_parameter_handler@@3V?$dual_state_global@P6AXPEB_W00I_K@Z@__crt_state_management@@A 0000000140019e88     libucrt:invalid_parameter.obj
 0003:00000ea8       ?fSystemSet@@3HA           0000000140019ea8     libucrt:mbctype.obj
 0003:00000eac       ?initialized@?1??__acrt_initialize_multibyte@@9@4_NA 0000000140019eac     libucrt:mbctype.obj
 0003:00000ee0       ?__acrt_lock_table@@3PAU_RTL_CRITICAL_SECTION@@A 0000000140019ee0     libucrt:locks.obj
 0003:00001110       ?__acrt_locks_initialized@@3IA 000000014001a110     libucrt:locks.obj
 0003:00001530       ?module_handles@@3PAPEAUHINSTANCE__@@A 000000014001a530     libucrt:winapi_thunks.obj
 0003:000015d0       ?encoded_function_pointers@@3PAPEAXA 000000014001a5d0     libucrt:winapi_thunks.obj
 0003:000016d0       ?__acrt_new_handler@@3V?$dual_state_global@P6AH_K@Z@__crt_state_management@@A 000000014001a6d0     libucrt:new_handler.obj
 0003:000016d8       ?ctrlc_action@@3V?$dual_state_global@P6AXH@Z@__crt_state_management@@A 000000014001a6d8     libucrt:signal.obj
 0003:000016e0       ?ctrlbreak_action@@3V?$dual_state_global@P6AXH@Z@__crt_state_management@@A 000000014001a6e0     libucrt:signal.obj
 0003:000016e8       ?abort_action@@3V?$dual_state_global@P6AXH@Z@__crt_state_management@@A 000000014001a6e8     libucrt:signal.obj
 0003:000016f0       ?term_action@@3V?$dual_state_global@P6AXH@Z@__crt_state_management@@A 000000014001a6f0     libucrt:signal.obj
 0003:00001718       ?internal_state@?1??_mbtowc_internal@@9@4U_Mbstatet@@A 000000014001a718     libucrt:mbtowc.obj
 0003:00001720       ?internal_pst@?1??__mbrtoc32_utf8@__crt_mbstring@@YA_KPEA_UPEBD_KPEAU_Mbstatet@@AEAV__crt_cached_ptd_host@@@Z@4U3@A 000000014001a720     libucrt:mbrtoc32.obj
 0003:00001730       GS_ExceptionRecord         000000014001a730     LIBCMT:gs_report.obj
 0003:000017d0       GS_ContextRecord           000000014001a7d0     LIBCMT:gs_report.obj
